******************************************************************************
             TMS320C2000 Linker PC v20.2.5                     
******************************************************************************
>> Linked Mon Jan 10 13:25:13 2022

OUTPUT FILE NAME:   <RippleCharging.out>
ENTRY POINT SYMBOL: "_c_int00"  address: 00083aa6


MEMORY CONFIGURATION

         name            origin    length      used     unused   attr    fill
----------------------  --------  ---------  --------  --------  ----  --------
PAGE 0:
  RAMM0                 000000f4   0000030c  00000000  0000030c  RWIX
  RAMLS0                00008000   00000800  0000004c  000007b4  RWIX
  RAMLS1                00008800   00000800  00000000  00000800  RWIX
  RAMLS2                00009000   00000800  00000000  00000800  RWIX
  RAMLS3                00009800   00000800  00000000  00000800  RWIX
  RAMLS4                0000a000   00000800  00000000  00000800  RWIX
  BEGIN                 00080000   00000002  00000002  00000000  RWIX
  FLASH_BANK0_SEC0      00080002   00000ffe  00000000  00000ffe  RWIX
  FLASH_BANK0_SEC1      00081000   00001000  00000109  00000ef7  RWIX
  FLASH_BANK0_SEC2      00082000   00001000  00001000  00000000  RWIX
  FLASH_BANK0_SEC3      00083000   00001000  00000ca3  0000035d  RWIX
  FLASH_BANK0_SEC4      00084000   00001000  00000353  00000cad  RWIX
  FLASH_BANK0_SEC5      00085000   00001000  00000000  00001000  RWIX
  FLASH_BANK0_SEC6      00086000   00001000  00000000  00001000  RWIX
  FLASH_BANK0_SEC7      00087000   00001000  00000000  00001000  RWIX
  FLASH_BANK0_SEC8      00088000   00001000  00000000  00001000  RWIX
  FLASH_BANK0_SEC9      00089000   00001000  00000000  00001000  RWIX
  FLASH_BANK0_SEC10     0008a000   00001000  00000000  00001000  RWIX
  FLASH_BANK0_SEC11     0008b000   00001000  00000000  00001000  RWIX
  FLASH_BANK0_SEC12     0008c000   00001000  00000000  00001000  RWIX
  FLASH_BANK0_SEC13     0008d000   00001000  00000000  00001000  RWIX
  FLASH_BANK0_SEC14     0008e000   00001000  00000000  00001000  RWIX
  FLASH_BANK0_SEC15     0008f000   00001000  00000000  00001000  RWIX
  FLASH_BANK1_SEC0      00090000   00001000  00000000  00001000  RWIX
  FLASH_BANK1_SEC1      00091000   00001000  00000000  00001000  RWIX
  FLASH_BANK1_SEC2      00092000   00001000  00000000  00001000  RWIX
  FLASH_BANK1_SEC3      00093000   00001000  00000000  00001000  RWIX
  FLASH_BANK1_SEC4      00094000   00001000  00000000  00001000  RWIX
  FLASH_BANK1_SEC5      00095000   00001000  00000000  00001000  RWIX
  FLASH_BANK1_SEC6      00096000   00001000  00000000  00001000  RWIX
  FLASH_BANK1_SEC7      00097000   00001000  00000000  00001000  RWIX
  FLASH_BANK1_SEC8      00098000   00001000  00000000  00001000  RWIX
  FLASH_BANK1_SEC9      00099000   00001000  00000000  00001000  RWIX
  FLASH_BANK1_SEC10     0009a000   00001000  00000000  00001000  RWIX
  FLASH_BANK1_SEC11     0009b000   00001000  00000000  00001000  RWIX
  FLASH_BANK1_SEC12     0009c000   00001000  00000000  00001000  RWIX
  FLASH_BANK1_SEC13     0009d000   00001000  00000000  00001000  RWIX
  FLASH_BANK1_SEC14     0009e000   00001000  00000000  00001000  RWIX
  FLASH_BANK1_SEC15     0009f000   00000ff0  00000000  00000ff0  RWIX
  RESET                 003fffc0   00000002  00000000  00000002  RWIX

PAGE 1:
  BOOT_RSVD             00000002   000000f1  00000000  000000f1  RWIX
  RAMM1                 00000400   000003f8  00000200  000001f8  RWIX
  ADCA_RESULT           00000b00   00000020  00000018  00000008  RWIX
  ADCB_RESULT           00000b20   00000020  00000018  00000008  RWIX
  ADCC_RESULT           00000b40   00000020  00000018  00000008  RWIX
  CPU_TIMER0            00000c00   00000008  00000008  00000000  RWIX
  CPU_TIMER1            00000c08   00000008  00000008  00000000  RWIX
  CPU_TIMER2            00000c10   00000008  00000008  00000000  RWIX
  PIE_CTRL              00000ce0   00000020  0000001a  00000006  RWIX
  PIE_VECT              00000d00   00000200  000001c0  00000040  RWIX
  DMA                   00001000   00000200  000000e0  00000120  RWIX
  CLA1                  00001400   00000080  00000048  00000038  RWIX
  EPWM1                 00004000   00000100  00000100  00000000  RWIX
  EPWM2                 00004100   00000100  00000100  00000000  RWIX
  EPWM3                 00004200   00000100  00000100  00000000  RWIX
  EPWM4                 00004300   00000100  00000100  00000000  RWIX
  EPWM5                 00004400   00000100  00000100  00000000  RWIX
  EPWM6                 00004500   00000100  00000100  00000000  RWIX
  EPWM7                 00004600   00000100  00000100  00000000  RWIX
  EPWM8                 00004700   00000100  00000100  00000000  RWIX
  EQEP1                 00005100   00000040  00000036  0000000a  RWIX
  EQEP2                 00005140   00000040  00000036  0000000a  RWIX
  ECAP1                 00005200   00000040  0000001a  00000026  RWIX
  ECAP2                 00005240   00000040  0000001a  00000026  RWIX
  ECAP3                 00005280   00000040  0000001a  00000026  RWIX
  ECAP4                 000052c0   00000040  0000001a  00000026  RWIX
  ECAP5                 00005300   00000040  0000001a  00000026  RWIX
  ECAP6                 00005340   00000040  0000001a  00000026  RWIX
  ECAP7                 00005380   00000040  0000001a  00000026  RWIX
  PGA1                  00005b00   00000010  0000000a  00000006  RWIX
  PGA2                  00005b10   00000010  0000000a  00000006  RWIX
  PGA3                  00005b20   00000010  0000000a  00000006  RWIX
  PGA4                  00005b30   00000010  0000000a  00000006  RWIX
  PGA5                  00005b40   00000010  0000000a  00000006  RWIX
  PGA6                  00005b50   00000010  0000000a  00000006  RWIX
  PGA7                  00005b60   00000010  0000000a  00000006  RWIX
  DACA                  00005c00   00000010  00000007  00000009  RWIX
  DACB                  00005c10   00000010  00000007  00000009  RWIX
  CMPSS1                00005c80   00000020  0000001b  00000005  RWIX
  CMPSS2                00005ca0   00000020  0000001b  00000005  RWIX
  CMPSS3                00005cc0   00000020  0000001b  00000005  RWIX
  CMPSS4                00005ce0   00000020  0000001b  00000005  RWIX
  CMPSS5                00005d00   00000020  0000001b  00000005  RWIX
  CMPSS6                00005d20   00000020  0000001b  00000005  RWIX
  CMPSS7                00005d40   00000020  0000001b  00000005  RWIX
  SDFM1                 00005e00   00000080  00000050  00000030  RWIX
  SPIA                  00006100   00000010  00000010  00000000  RWIX
  SPIB                  00006110   00000010  00000010  00000000  RWIX
  CLAPROMCRC            000061c0   00000020  00000020  00000000  RWIX
  PMBUSA                00006400   00000020  0000001e  00000002  RWIX
  FSITXA                00006600   00000080  00000050  00000030  RWIX
  FSIRXA                00006680   00000080  00000050  00000030  RWIX
  LINA                  00006a00   00000100  000000ec  00000014  RWIX
  LINB                  00006b00   00000100  000000ec  00000014  RWIX
  WD                    00007000   00000040  0000002b  00000015  RWIX
  NMIINTRUPT            00007060   00000010  00000007  00000009  RWIX
  XINT                  00007070   00000010  0000000b  00000005  RWIX
  SCIA                  00007200   00000010  00000010  00000000  RWIX
  SCIB                  00007210   00000010  00000010  00000000  RWIX
  I2CA                  00007300   00000040  00000022  0000001e  RWIX
  ADCA                  00007400   00000080  00000076  0000000a  RWIX
  ADCB                  00007480   00000080  00000076  0000000a  RWIX
  ADCC                  00007500   00000080  00000076  0000000a  RWIX
  INPUT_XBAR            00007900   00000020  00000020  00000000  RWIX
  XBAR                  00007920   00000020  00000010  00000010  RWIX
  SYNC_SOC              00007940   00000010  00000006  0000000a  RWIX
  DMACLASRCSEL          00007980   00000040  0000001a  00000026  RWIX
  EPWM_XBAR             00007a00   00000040  00000040  00000000  RWIX
  CLB_XBAR              00007a40   00000040  00000000  00000040  RWIX
  OUTPUT_XBAR           00007a80   00000040  00000040  00000000  RWIX
  GPIOCTRL              00007c00   00000200  00000200  00000000  RWIX
  GPIODAT               00007f00   00000040  0000003a  00000006  RWIX
  RAMLS5                0000a800   00000800  0000042b  000003d5  RWIX
  RAMLS6                0000b000   00000800  00000000  00000800  RWIX
  RAMLS7                0000b800   00000800  00000000  00000800  RWIX
  RAMGS0                0000c000   00002000  00000000  00002000  RWIX
  RAMGS1                0000e000   00002000  00000000  00002000  RWIX
  RAMGS2                00010000   00002000  00000000  00002000  RWIX
  RAMGS3                00012000   00001ff8  00000000  00001ff8  RWIX
  CANA                  00048000   00000800  00000164  0000069c  RWIX
  CANB                  0004a000   00000800  00000164  0000069c  RWIX
  DEV_CFG               0005d000   00000180  00000132  0000004e  RWIX
  CLK_CFG               0005d200   00000100  00000034  000000cc  RWIX
  CPU_SYS               0005d300   00000100  00000082  0000007e  RWIX
  PERIPH_AC             0005d500   00000200  00000200  00000000  RWIX
  ANALOG_SUBSYS         0005d700   00000100  00000090  00000070  RWIX
  DCC0                  0005e700   00000040  0000002c  00000014  RWIX
  ERAD_GLOBAL           0005e800   00000013  0000000b  00000008  RWIX
  ERAD_HWBP1            0005e900   00000008  00000008  00000000  RWIX
  ERAD_HWBP2            0005e908   00000008  00000008  00000000  RWIX
  ERAD_HWBP3            0005e910   00000008  00000008  00000000  RWIX
  ERAD_HWBP4            0005e918   00000008  00000008  00000000  RWIX
  ERAD_HWBP5            0005e920   00000008  00000008  00000000  RWIX
  ERAD_HWBP6            0005e928   00000008  00000008  00000000  RWIX
  ERAD_HWBP7            0005e930   00000008  00000008  00000000  RWIX
  ERAD_HWBP8            0005e938   00000008  00000008  00000000  RWIX
  ERAD_CTR1             0005e980   00000010  0000000a  00000006  RWIX
  ERAD_CTR2             0005e990   00000010  0000000a  00000006  RWIX
  ERAD_CTR3             0005e9a0   00000010  0000000a  00000006  RWIX
  ERAD_CTR4             0005e9b0   00000010  0000000a  00000006  RWIX
  DCSM_BANK0_Z1         0005f000   00000030  00000022  0000000e  RWIX
  DCSM_BANK0_Z2         0005f040   00000030  00000022  0000000e  RWIX
  DCSM_COMMON           0005f070   00000010  00000010  00000000  RWIX
  DCSM_BANK1_Z1         0005f100   00000030  00000020  00000010  RWIX
  DCSM_BANK1_Z2         0005f140   00000030  00000020  00000010  RWIX
  MEMCFG                0005f400   00000080  00000076  0000000a  RWIX
  ACCESSPROTECTION      0005f4c0   00000040  0000002e  00000012  RWIX
  MEMORYERROR           0005f500   00000040  0000003a  00000006  RWIX
  FLASH0_CTRL           0005f800   00000300  00000182  0000017e  RWIX
  FLASH0_ECC            0005fb00   00000040  00000028  00000018  RWIX


SECTION ALLOCATION MAP

 output                                  attributes/
section   page    origin      length       input sections
--------  ----  ----------  ----------   ----------------
codestart 
*          0    00080000    00000002     
                  00080000    00000002     f28004x_codestartbranch.obj (codestart)

.cinit     0    00081000    000000bd     
                  00081000    00000043     RippleCharging_main.obj (.cinit:_FIRfilter)
                  00081043    00000034     RippleCharging_main.obj (.cinit)
                  00081077    00000019     CN0150.obj (.cinit)
                  00081090    0000000e     rts2800_fpu32.lib : exit.c.obj (.cinit)
                  0008109e    0000000b     RippleCharging_main.obj (.cinit:_DSFreq)
                  000810a9    00000005     rts2800_fpu32.lib : _lock.c.obj (.cinit:__lock)
                  000810ae    00000005                       : _lock.c.obj (.cinit:__unlock)
                  000810b3    00000004                       : errno.c.obj (.cinit)
                  000810b7    00000004                       : memory.c.obj (.cinit)
                  000810bb    00000002     --HOLE-- [fill = 0]

.reset     0    003fffc0    00000002     DSECT
                  003fffc0    00000002     rts2800_fpu32.lib : boot28.asm.obj (.reset)

.stack     1    00000400    00000200     UNINITIALIZED
                  00000400    00000200     --HOLE--

.pinit     0    00081000    00000000     UNINITIALIZED

AdcaResultFile 
*          1    00000b00    00000018     UNINITIALIZED
                  00000b00    00000018     f28004x_globalvariabledefs.obj (AdcaResultFile)

AdcbResultFile 
*          1    00000b20    00000018     UNINITIALIZED
                  00000b20    00000018     f28004x_globalvariabledefs.obj (AdcbResultFile)

AdccResultFile 
*          1    00000b40    00000018     UNINITIALIZED
                  00000b40    00000018     f28004x_globalvariabledefs.obj (AdccResultFile)

CpuTimer0RegsFile 
*          1    00000c00    00000008     UNINITIALIZED
                  00000c00    00000008     f28004x_globalvariabledefs.obj (CpuTimer0RegsFile)

CpuTimer1RegsFile 
*          1    00000c08    00000008     UNINITIALIZED
                  00000c08    00000008     f28004x_globalvariabledefs.obj (CpuTimer1RegsFile)

CpuTimer2RegsFile 
*          1    00000c10    00000008     UNINITIALIZED
                  00000c10    00000008     f28004x_globalvariabledefs.obj (CpuTimer2RegsFile)

PieCtrlRegsFile 
*          1    00000ce0    0000001a     UNINITIALIZED
                  00000ce0    0000001a     f28004x_globalvariabledefs.obj (PieCtrlRegsFile)

Cla1RegsFile 
*          1    00001400    00000048     UNINITIALIZED
                  00001400    00000048     f28004x_globalvariabledefs.obj (Cla1RegsFile)

DacaRegsFile 
*          1    00005c00    00000007     UNINITIALIZED
                  00005c00    00000007     f28004x_globalvariabledefs.obj (DacaRegsFile)

DacbRegsFile 
*          1    00005c10    00000007     UNINITIALIZED
                  00005c10    00000007     f28004x_globalvariabledefs.obj (DacbRegsFile)

.ebss      1    0000a800    0000022b     UNINITIALIZED
                  0000a800    000000b4     RippleCharging_main.obj (.ebss:_batDataSet)
                  0000a8b4    0000000a     CN0150.obj (.ebss)
                  0000a8be    00000002     rts2800_fpu32.lib : _lock.c.obj (.ebss:__lock)
                  0000a8c0    00000040     RippleCharging_main.obj (.ebss:_FIRfilter)
                  0000a900    00000040     RippleCharging_main.obj (.ebss:_recvBuff)
                  0000a940    00000040     RippleCharging_main.obj (.ebss:_recvData)
                  0000a980    00000020     RippleCharging_main.obj (.ebss:_batNegBuffer)
                  0000a9a0    00000020     RippleCharging_main.obj (.ebss:_batPosBuffer)
                  0000a9c0    00000020     RippleCharging_main.obj (.ebss:_currentBuffer)
                  0000a9e0    0000001e     RippleCharging_main.obj (.ebss)
                  0000a9fe    00000002     rts2800_fpu32.lib : _lock.c.obj (.ebss:__unlock)
                  0000aa00    00000018     f28004x_cputimers.obj (.ebss)
                  0000aa18    00000008     RippleCharging_main.obj (.ebss:_DSFreq)
                  0000aa20    00000006     rts2800_fpu32.lib : exit.c.obj (.ebss)
                  0000aa26    00000004                       : memory.c.obj (.ebss)
                  0000aa2a    00000001                       : errno.c.obj (.ebss)

.esysmem   1    0000aa2c    00000200     UNINITIALIZED
                  0000aa2c    00000004     rts2800_fpu32.lib : memory.c.obj (.esysmem)
                  0000aa30    000001fc     --HOLE--

.econst    0    00084000    00000353     
                  00084000    000001c0     f28004x_pievect.obj (.econst:_PieVectTableInit)
                  000841c0    00000101     rts2800_fpu32.lib : ctype.c.obj (.econst:.string:__ctypes_)
                  000842c1    00000001     --HOLE-- [fill = 0]
                  000842c2    00000032                       : e_powf.c.obj (.econst)
                  000842f4    00000020                       : strtod.c.obj (.econst:_digits)
                  00084314    0000001e     CN0150.obj (.econst:.string)
                  00084332    0000000c     rts2800_fpu32.lib : strtod.c.obj (.econst:_powerof10)
                  0008433e    00000006                       : s_scalbnf.c.obj (.econst)
                  00084344    00000004                       : e_powf.c.obj (.econst:_bp)
                  00084348    00000004                       : e_powf.c.obj (.econst:_dp_h)
                  0008434c    00000004                       : e_powf.c.obj (.econst:_dp_l)
                  00084350    00000003     RippleCharging_main.obj (.econst:.string)

.TI.ramfunc 
*          0    000810c0    0000004c     RUN ADDR = 00008000
                  000810c0    00000048     f28004x_sysctrl.obj (.TI.ramfunc)
                  00081108    00000004     f28004x_usdelay.obj (.TI.ramfunc)

PieVectTableFile 
*          1    00000d00    000001c0     UNINITIALIZED
                  00000d00    000001c0     f28004x_globalvariabledefs.obj (PieVectTableFile)

EmuKeyVar 
*          1    00000d00    00000000     UNINITIALIZED

EmuBModeVar 
*          1    00000d00    00000000     UNINITIALIZED

FlashCallbackVar 
*          1    00000d00    00000000     UNINITIALIZED

FlashScalingVar 
*          1    00000d00    00000000     UNINITIALIZED

DmaRegsFile 
*          1    00001000    000000e0     UNINITIALIZED
                  00001000    000000e0     f28004x_globalvariabledefs.obj (DmaRegsFile)

EPwm1RegsFile 
*          1    00004000    00000100     UNINITIALIZED
                  00004000    00000100     f28004x_globalvariabledefs.obj (EPwm1RegsFile)

EPwm2RegsFile 
*          1    00004100    00000100     UNINITIALIZED
                  00004100    00000100     f28004x_globalvariabledefs.obj (EPwm2RegsFile)

EPwm3RegsFile 
*          1    00004200    00000100     UNINITIALIZED
                  00004200    00000100     f28004x_globalvariabledefs.obj (EPwm3RegsFile)

EPwm4RegsFile 
*          1    00004300    00000100     UNINITIALIZED
                  00004300    00000100     f28004x_globalvariabledefs.obj (EPwm4RegsFile)

EPwm5RegsFile 
*          1    00004400    00000100     UNINITIALIZED
                  00004400    00000100     f28004x_globalvariabledefs.obj (EPwm5RegsFile)

EPwm6RegsFile 
*          1    00004500    00000100     UNINITIALIZED
                  00004500    00000100     f28004x_globalvariabledefs.obj (EPwm6RegsFile)

EPwm7RegsFile 
*          1    00004600    00000100     UNINITIALIZED
                  00004600    00000100     f28004x_globalvariabledefs.obj (EPwm7RegsFile)

EPwm8RegsFile 
*          1    00004700    00000100     UNINITIALIZED
                  00004700    00000100     f28004x_globalvariabledefs.obj (EPwm8RegsFile)

EQep1RegsFile 
*          1    00005100    00000036     UNINITIALIZED
                  00005100    00000036     f28004x_globalvariabledefs.obj (EQep1RegsFile)

EQep2RegsFile 
*          1    00005140    00000036     UNINITIALIZED
                  00005140    00000036     f28004x_globalvariabledefs.obj (EQep2RegsFile)

ECap1RegsFile 
*          1    00005200    0000001a     UNINITIALIZED
                  00005200    0000001a     f28004x_globalvariabledefs.obj (ECap1RegsFile)

ECap2RegsFile 
*          1    00005240    0000001a     UNINITIALIZED
                  00005240    0000001a     f28004x_globalvariabledefs.obj (ECap2RegsFile)

ECap3RegsFile 
*          1    00005280    0000001a     UNINITIALIZED
                  00005280    0000001a     f28004x_globalvariabledefs.obj (ECap3RegsFile)

ECap4RegsFile 
*          1    000052c0    0000001a     UNINITIALIZED
                  000052c0    0000001a     f28004x_globalvariabledefs.obj (ECap4RegsFile)

ECap5RegsFile 
*          1    00005300    0000001a     UNINITIALIZED
                  00005300    0000001a     f28004x_globalvariabledefs.obj (ECap5RegsFile)

ECap6RegsFile 
*          1    00005340    0000001a     UNINITIALIZED
                  00005340    0000001a     f28004x_globalvariabledefs.obj (ECap6RegsFile)

ECap7RegsFile 
*          1    00005380    0000001a     UNINITIALIZED
                  00005380    0000001a     f28004x_globalvariabledefs.obj (ECap7RegsFile)

Pga1RegsFile 
*          1    00005b00    0000000a     UNINITIALIZED
                  00005b00    0000000a     f28004x_globalvariabledefs.obj (Pga1RegsFile)

Pga2RegsFile 
*          1    00005b10    0000000a     UNINITIALIZED
                  00005b10    0000000a     f28004x_globalvariabledefs.obj (Pga2RegsFile)

Pga3RegsFile 
*          1    00005b20    0000000a     UNINITIALIZED
                  00005b20    0000000a     f28004x_globalvariabledefs.obj (Pga3RegsFile)

Pga4RegsFile 
*          1    00005b30    0000000a     UNINITIALIZED
                  00005b30    0000000a     f28004x_globalvariabledefs.obj (Pga4RegsFile)

Pga5RegsFile 
*          1    00005b40    0000000a     UNINITIALIZED
                  00005b40    0000000a     f28004x_globalvariabledefs.obj (Pga5RegsFile)

Pga6RegsFile 
*          1    00005b50    0000000a     UNINITIALIZED
                  00005b50    0000000a     f28004x_globalvariabledefs.obj (Pga6RegsFile)

Pga7RegsFile 
*          1    00005b60    0000000a     UNINITIALIZED
                  00005b60    0000000a     f28004x_globalvariabledefs.obj (Pga7RegsFile)

Sdfm1RegsFile 
*          1    00005e00    00000050     UNINITIALIZED
                  00005e00    00000050     f28004x_globalvariabledefs.obj (Sdfm1RegsFile)

SpiaRegsFile 
*          1    00006100    00000010     UNINITIALIZED
                  00006100    00000010     f28004x_globalvariabledefs.obj (SpiaRegsFile)

SpibRegsFile 
*          1    00006110    00000010     UNINITIALIZED
                  00006110    00000010     f28004x_globalvariabledefs.obj (SpibRegsFile)

PmbusaRegsFile 
*          1    00006400    0000001e     UNINITIALIZED
                  00006400    0000001e     f28004x_globalvariabledefs.obj (PmbusaRegsFile)

FsiTxaRegsFile 
*          1    00006600    00000050     UNINITIALIZED
                  00006600    00000050     f28004x_globalvariabledefs.obj (FsiTxaRegsFile)

FsiRxaRegsFile 
*          1    00006680    00000050     UNINITIALIZED
                  00006680    00000050     f28004x_globalvariabledefs.obj (FsiRxaRegsFile)

LinaRegsFile 
*          1    00006a00    000000ec     UNINITIALIZED
                  00006a00    000000ec     f28004x_globalvariabledefs.obj (LinaRegsFile)

LinbRegsFile 
*          1    00006b00    000000ec     UNINITIALIZED
                  00006b00    000000ec     f28004x_globalvariabledefs.obj (LinbRegsFile)

WdRegsFile 
*          1    00007000    0000002b     UNINITIALIZED
                  00007000    0000002b     f28004x_globalvariabledefs.obj (WdRegsFile)

NmiIntruptRegsFile 
*          1    00007060    00000007     UNINITIALIZED
                  00007060    00000007     f28004x_globalvariabledefs.obj (NmiIntruptRegsFile)

XintRegsFile 
*          1    00007070    0000000b     UNINITIALIZED
                  00007070    0000000b     f28004x_globalvariabledefs.obj (XintRegsFile)

SciaRegsFile 
*          1    00007200    00000010     UNINITIALIZED
                  00007200    00000010     f28004x_globalvariabledefs.obj (SciaRegsFile)

ScibRegsFile 
*          1    00007210    00000010     UNINITIALIZED
                  00007210    00000010     f28004x_globalvariabledefs.obj (ScibRegsFile)

I2caRegsFile 
*          1    00007300    00000022     UNINITIALIZED
                  00007300    00000022     f28004x_globalvariabledefs.obj (I2caRegsFile)

AdcaRegsFile 
*          1    00007400    00000076     UNINITIALIZED
                  00007400    00000076     f28004x_globalvariabledefs.obj (AdcaRegsFile)

AdcbRegsFile 
*          1    00007480    00000076     UNINITIALIZED
                  00007480    00000076     f28004x_globalvariabledefs.obj (AdcbRegsFile)

AdccRegsFile 
*          1    00007500    00000076     UNINITIALIZED
                  00007500    00000076     f28004x_globalvariabledefs.obj (AdccRegsFile)

InputXbarRegsFile 
*          1    00007900    00000020     UNINITIALIZED
                  00007900    00000020     f28004x_globalvariabledefs.obj (InputXbarRegsFile)

XbarRegsFile 
*          1    00007920    00000010     UNINITIALIZED
                  00007920    00000010     f28004x_globalvariabledefs.obj (XbarRegsFile)

SyncSocRegsFile 
*          1    00007940    00000006     UNINITIALIZED
                  00007940    00000006     f28004x_globalvariabledefs.obj (SyncSocRegsFile)

DmaClaSrcSelRegsFile 
*          1    00007980    0000001a     UNINITIALIZED
                  00007980    0000001a     f28004x_globalvariabledefs.obj (DmaClaSrcSelRegsFile)

EPwmXbarRegsFile 
*          1    00007a00    00000040     UNINITIALIZED
                  00007a00    00000040     f28004x_globalvariabledefs.obj (EPwmXbarRegsFile)

OutputXbarRegsFile 
*          1    00007a80    00000040     UNINITIALIZED
                  00007a80    00000040     f28004x_globalvariabledefs.obj (OutputXbarRegsFile)

GpioCtrlRegsFile 
*          1    00007c00    00000200     UNINITIALIZED
                  00007c00    00000200     f28004x_globalvariabledefs.obj (GpioCtrlRegsFile)

GpioDataRegsFile 
*          1    00007f00    0000003a     UNINITIALIZED
                  00007f00    0000003a     f28004x_globalvariabledefs.obj (GpioDataRegsFile)

CanaRegsFile 
*          1    00048000    00000164     UNINITIALIZED
                  00048000    00000164     f28004x_globalvariabledefs.obj (CanaRegsFile)

CanbRegsFile 
*          1    0004a000    00000164     UNINITIALIZED
                  0004a000    00000164     f28004x_globalvariabledefs.obj (CanbRegsFile)

DevCfgRegsFile 
*          1    0005d000    00000132     UNINITIALIZED
                  0005d000    00000132     f28004x_globalvariabledefs.obj (DevCfgRegsFile)

ClkCfgRegsFile 
*          1    0005d200    00000034     UNINITIALIZED
                  0005d200    00000034     f28004x_globalvariabledefs.obj (ClkCfgRegsFile)

CpuSysRegsFile 
*          1    0005d300    00000082     UNINITIALIZED
                  0005d300    00000082     f28004x_globalvariabledefs.obj (CpuSysRegsFile)

SysPeriphAcRegsFile 
*          1    0005d500    00000200     UNINITIALIZED
                  0005d500    00000200     f28004x_globalvariabledefs.obj (SysPeriphAcRegsFile)

AnalogSubsysRegsFile 
*          1    0005d700    00000090     UNINITIALIZED
                  0005d700    00000090     f28004x_globalvariabledefs.obj (AnalogSubsysRegsFile)

Cla1SoftIntRegsFile 
*          1    00000ce0    00000003     DSECT
                  00000ce0    00000003     f28004x_globalvariabledefs.obj (Cla1SoftIntRegsFile)

ClaPromCrc0RegsFile 
*          1    000061c0    00000020     UNINITIALIZED
                  000061c0    00000020     f28004x_globalvariabledefs.obj (ClaPromCrc0RegsFile)

Cmpss1RegsFile 
*          1    00005c80    0000001b     UNINITIALIZED
                  00005c80    0000001b     f28004x_globalvariabledefs.obj (Cmpss1RegsFile)

Cmpss2RegsFile 
*          1    00005ca0    0000001b     UNINITIALIZED
                  00005ca0    0000001b     f28004x_globalvariabledefs.obj (Cmpss2RegsFile)

Cmpss3RegsFile 
*          1    00005cc0    0000001b     UNINITIALIZED
                  00005cc0    0000001b     f28004x_globalvariabledefs.obj (Cmpss3RegsFile)

Cmpss4RegsFile 
*          1    00005ce0    0000001b     UNINITIALIZED
                  00005ce0    0000001b     f28004x_globalvariabledefs.obj (Cmpss4RegsFile)

Cmpss5RegsFile 
*          1    00005d00    0000001b     UNINITIALIZED
                  00005d00    0000001b     f28004x_globalvariabledefs.obj (Cmpss5RegsFile)

Cmpss6RegsFile 
*          1    00005d20    0000001b     UNINITIALIZED
                  00005d20    0000001b     f28004x_globalvariabledefs.obj (Cmpss6RegsFile)

Cmpss7RegsFile 
*          1    00005d40    0000001b     UNINITIALIZED
                  00005d40    0000001b     f28004x_globalvariabledefs.obj (Cmpss7RegsFile)

Dcc0RegsFile 
*          1    0005e700    0000002c     UNINITIALIZED
                  0005e700    0000002c     f28004x_globalvariabledefs.obj (Dcc0RegsFile)

EnhancedDebugGlobalRegsFile 
*          1    0005e800    0000000b     UNINITIALIZED
                  0005e800    0000000b     f28004x_globalvariabledefs.obj (EnhancedDebugGlobalRegsFile)

EnhancedDebugHWBP1RegsFile 
*          1    0005e900    00000008     UNINITIALIZED
                  0005e900    00000008     f28004x_globalvariabledefs.obj (EnhancedDebugHWBP1RegsFile)

EnhancedDebugHWBP2RegsFile 
*          1    0005e908    00000008     UNINITIALIZED
                  0005e908    00000008     f28004x_globalvariabledefs.obj (EnhancedDebugHWBP2RegsFile)

EnhancedDebugHWBP3RegsFile 
*          1    0005e910    00000008     UNINITIALIZED
                  0005e910    00000008     f28004x_globalvariabledefs.obj (EnhancedDebugHWBP3RegsFile)

EnhancedDebugHWBP4RegsFile 
*          1    0005e918    00000008     UNINITIALIZED
                  0005e918    00000008     f28004x_globalvariabledefs.obj (EnhancedDebugHWBP4RegsFile)

EnhancedDebugHWBP5RegsFile 
*          1    0005e920    00000008     UNINITIALIZED
                  0005e920    00000008     f28004x_globalvariabledefs.obj (EnhancedDebugHWBP5RegsFile)

EnhancedDebugHWBP6RegsFile 
*          1    0005e928    00000008     UNINITIALIZED
                  0005e928    00000008     f28004x_globalvariabledefs.obj (EnhancedDebugHWBP6RegsFile)

EnhancedDebugHWBP7RegsFile 
*          1    0005e930    00000008     UNINITIALIZED
                  0005e930    00000008     f28004x_globalvariabledefs.obj (EnhancedDebugHWBP7RegsFile)

EnhancedDebugHWBP8RegsFile 
*          1    0005e938    00000008     UNINITIALIZED
                  0005e938    00000008     f28004x_globalvariabledefs.obj (EnhancedDebugHWBP8RegsFile)

EnhancedDebugCounter1RegsFile 
*          1    0005e980    0000000a     UNINITIALIZED
                  0005e980    0000000a     f28004x_globalvariabledefs.obj (EnhancedDebugCounter1RegsFile)

EnhancedDebugCounter2RegsFile 
*          1    0005e990    0000000a     UNINITIALIZED
                  0005e990    0000000a     f28004x_globalvariabledefs.obj (EnhancedDebugCounter2RegsFile)

EnhancedDebugCounter3RegsFile 
*          1    0005e9a0    0000000a     UNINITIALIZED
                  0005e9a0    0000000a     f28004x_globalvariabledefs.obj (EnhancedDebugCounter3RegsFile)

EnhancedDebugCounter4RegsFile 
*          1    0005e9b0    0000000a     UNINITIALIZED
                  0005e9b0    0000000a     f28004x_globalvariabledefs.obj (EnhancedDebugCounter4RegsFile)

DcsmBank0Z1RegsFile 
*          1    0005f000    00000022     UNINITIALIZED
                  0005f000    00000022     f28004x_globalvariabledefs.obj (DcsmBank0Z1RegsFile)

DcsmBank0Z2RegsFile 
*          1    0005f040    00000022     UNINITIALIZED
                  0005f040    00000022     f28004x_globalvariabledefs.obj (DcsmBank0Z2RegsFile)

DcsmCommonRegsFile 
*          1    0005f070    00000010     UNINITIALIZED
                  0005f070    00000010     f28004x_globalvariabledefs.obj (DcsmCommonRegsFile)

DcsmBank1Z1RegsFile 
*          1    0005f100    00000020     UNINITIALIZED
                  0005f100    00000020     f28004x_globalvariabledefs.obj (DcsmBank1Z1RegsFile)

DcsmBank1Z2RegsFile 
*          1    0005f140    00000020     UNINITIALIZED
                  0005f140    00000020     f28004x_globalvariabledefs.obj (DcsmBank1Z2RegsFile)

MemCfgRegsFile 
*          1    0005f400    00000076     UNINITIALIZED
                  0005f400    00000076     f28004x_globalvariabledefs.obj (MemCfgRegsFile)

AccessProtectionRegsFile 
*          1    0005f4c0    0000002e     UNINITIALIZED
                  0005f4c0    0000002e     f28004x_globalvariabledefs.obj (AccessProtectionRegsFile)

MemoryErrorRegsFile 
*          1    0005f500    0000003a     UNINITIALIZED
                  0005f500    0000003a     f28004x_globalvariabledefs.obj (MemoryErrorRegsFile)

Flash0CtrlRegsFile 
*          1    0005f800    00000182     UNINITIALIZED
                  0005f800    00000182     f28004x_globalvariabledefs.obj (Flash0CtrlRegsFile)

Flash0EccRegsFile 
*          1    0005fb00    00000028     UNINITIALIZED
                  0005fb00    00000028     f28004x_globalvariabledefs.obj (Flash0EccRegsFile)

.text.1    0    00082000    00001000     
                  00082000    000004b6     f28004x_defaultisr.obj (.text:retain)
                  000824b6    00000369     rts2800_fpu32.lib : e_powf.c.obj (.text)
                  0008281f    000002c6     f28004x_sysctrl.obj (.text)
                  00082ae5    0000028c     rts2800_fpu32.lib : memory.c.obj (.text)
                  00082d71    0000021b     CN0150.obj (.text)
                  00082f8c    00000068     f28004x_adc.obj (.text)
                  00082ff4    0000000a     rts2800_fpu32.lib : strcmp.c.obj (.text)
                  00082ffe    00000002                       : pre_init.c.obj (.text)

.text.2    0    00083000    00000ca3     
                  00083000    00000205     f28004x_gpio.obj (.text)
                  00083205    000001ff     rts2800_fpu32.lib : strtod.c.obj (.text)
                  00083404    00000188     RippleCharging_main.obj (.text)
                  0008358c    00000156     Init.obj (.text)
                  000836e2    00000111     RippleCharging_main.obj (.text:retain)
                  000837f3    000000c8     AD9833.obj (.text)
                  000838bb    00000090     FIRFilter.obj (.text)
                  0008394b    00000088     rts2800_fpu32.lib : fs_div28.asm.obj (.text)
                  000839d3    0000007b     f28004x_cputimers.obj (.text)
                  00083a4e    00000058     rts2800_fpu32.lib : s_scalbnf.c.obj (.text)
                  00083aa6    00000056                       : boot28.asm.obj (.text)
                  00083afc    0000004e     f28004x_spi.obj (.text)
                  00083b4a    00000029     rts2800_fpu32.lib : exit.c.obj (.text)
                  00083b73    00000028     f28004x_piectrl.obj (.text)
                  00083b9b    00000001     rts2800_fpu32.lib : startup.c.obj (.text)
                  00083b9c    00000027                       : e_sqrtf.c.obj (.text)
                  00083bc3    00000026     f28004x_pievect.obj (.text)
                  00083be9    00000024     rts2800_fpu32.lib : cpy_tbl.c.obj (.text)
                  00083c0d    00000022                       : i_div28.asm.obj (.text)
                  00083c2f    0000001f     uart.obj (.text)
                  00083c4e    0000001d     rts2800_fpu32.lib : memcpy.c.obj (.text)
                  00083c6b    00000012                       : args_main.c.obj (.text)
                  00083c7d    00000011                       : s_copysignf.c.obj (.text)
                  00083c8e    00000009                       : _lock.c.obj (.text)
                  00083c97    00000007                       : memset.c.obj (.text)
                  00083c9e    00000005                       : strcpy.c.obj (.text)

MODULE SUMMARY

       Module                           code   initialized data   uninitialized data
       ------                           ----   ----------------   ------------------
    .\
       f28004x_globalvariabledefs.obj   0      0                  8353              
       RippleCharging_main.obj          665    133                506               
       f28004x_defaultisr.obj           1206   0                  0                 
       f28004x_sysctrl.obj              854    0                  0                 
       CN0150.obj                       539    55                 10                
       f28004x_gpio.obj                 517    0                  0                 
       f28004x_pievect.obj              38     448                0                 
       Init.obj                         342    0                  0                 
       AD9833.obj                       200    0                  0                 
       f28004x_cputimers.obj            123    0                  24                
       FIRFilter.obj                    144    0                  0                 
       f28004x_adc.obj                  104    0                  0                 
       f28004x_spi.obj                  78     0                  0                 
       f28004x_piectrl.obj              40     0                  0                 
       uart.obj                         31     0                  0                 
       f28004x_usdelay.obj              8      0                  0                 
       f28004x_codestartbranch.obj      2      0                  0                 
    +--+--------------------------------+------+------------------+--------------------+
       Total:                           4891   636                8893              
                                                                                    
    C:\ti\ccs1040\ccs\tools\compiler\ti-cgt-c2000_20.2.5.LTS\lib\rts2800_fpu32.lib
       e_powf.c.obj                     873    62                 0                 
       memory.c.obj                     652    4                  4                 
       strtod.c.obj                     511    44                 0                 
       ctype.c.obj                      0      257                0                 
       fs_div28.asm.obj                 136    0                  0                 
       s_scalbnf.c.obj                  88     6                  0                 
       boot28.asm.obj                   86     0                  0                 
       exit.c.obj                       41     14                 6                 
       e_sqrtf.c.obj                    39     0                  0                 
       cpy_tbl.c.obj                    36     0                  0                 
       i_div28.asm.obj                  34     0                  0                 
       memcpy.c.obj                     29     0                  0                 
       _lock.c.obj                      9      10                 4                 
       args_main.c.obj                  18     0                  0                 
       s_copysignf.c.obj                17     0                  0                 
       strcmp.c.obj                     10     0                  0                 
       memset.c.obj                     7      0                  0                 
       errno.c.obj                      0      4                  1                 
       strcpy.c.obj                     5      0                  0                 
       pre_init.c.obj                   2      0                  0                 
       startup.c.obj                    1      0                  0                 
    +--+--------------------------------+------+------------------+--------------------+
       Total:                           2594   401                15                
                                                                                    
       Heap:                            0      0                  512               
       Stack:                           0      0                  512               
    +--+--------------------------------+------+------------------+--------------------+
       Grand Total:                     7485   1037               9932              


GLOBAL DATA SYMBOLS: SORTED BY DATA PAGE

address     data page           name
--------    ----------------    ----
00000400      10 (00000400)     __stack

00000b00      2c (00000b00)     _AdcaResultRegs
00000b20      2c (00000b00)     _AdcbResultRegs

00000b40      2d (00000b40)     _AdccResultRegs

00000c00      30 (00000c00)     _CpuTimer0Regs
00000c08      30 (00000c00)     _CpuTimer1Regs
00000c10      30 (00000c00)     _CpuTimer2Regs

00000ce0      33 (00000cc0)     _Cla1SoftIntRegs
00000ce0      33 (00000cc0)     _PieCtrlRegs

00000d00      34 (00000d00)     _PieVectTable

00001000      40 (00001000)     _DmaRegs

00001400      50 (00001400)     _Cla1Regs

00004000     100 (00004000)     _EPwm1Regs

00004100     104 (00004100)     _EPwm2Regs

00004200     108 (00004200)     _EPwm3Regs

00004300     10c (00004300)     _EPwm4Regs

00004400     110 (00004400)     _EPwm5Regs

00004500     114 (00004500)     _EPwm6Regs

00004600     118 (00004600)     _EPwm7Regs

00004700     11c (00004700)     _EPwm8Regs

00005100     144 (00005100)     _EQep1Regs

00005140     145 (00005140)     _EQep2Regs

00005200     148 (00005200)     _ECap1Regs

00005240     149 (00005240)     _ECap2Regs

00005280     14a (00005280)     _ECap3Regs

000052c0     14b (000052c0)     _ECap4Regs

00005300     14c (00005300)     _ECap5Regs

00005340     14d (00005340)     _ECap6Regs

00005380     14e (00005380)     _ECap7Regs

00005b00     16c (00005b00)     _Pga1Regs
00005b10     16c (00005b00)     _Pga2Regs
00005b20     16c (00005b00)     _Pga3Regs
00005b30     16c (00005b00)     _Pga4Regs

00005b40     16d (00005b40)     _Pga5Regs
00005b50     16d (00005b40)     _Pga6Regs
00005b60     16d (00005b40)     _Pga7Regs

00005c00     170 (00005c00)     _DacaRegs
00005c10     170 (00005c00)     _DacbRegs

00005c80     172 (00005c80)     _Cmpss1Regs
00005ca0     172 (00005c80)     _Cmpss2Regs

00005cc0     173 (00005cc0)     _Cmpss3Regs
00005ce0     173 (00005cc0)     _Cmpss4Regs

00005d00     174 (00005d00)     _Cmpss5Regs
00005d20     174 (00005d00)     _Cmpss6Regs

00005d40     175 (00005d40)     _Cmpss7Regs

00005e00     178 (00005e00)     _Sdfm1Regs

00006100     184 (00006100)     _SpiaRegs
00006110     184 (00006100)     _SpibRegs

000061c0     187 (000061c0)     _ClaPromCrc0Regs

00006400     190 (00006400)     _PmbusaRegs

00006600     198 (00006600)     _FsiTxaRegs

00006680     19a (00006680)     _FsiRxaRegs

00006a00     1a8 (00006a00)     _LinaRegs

00006b00     1ac (00006b00)     _LinbRegs

00007000     1c0 (00007000)     _WdRegs

00007060     1c1 (00007040)     _NmiIntruptRegs
00007070     1c1 (00007040)     _XintRegs

00007200     1c8 (00007200)     _SciaRegs
00007210     1c8 (00007200)     _ScibRegs

00007300     1cc (00007300)     _I2caRegs

00007400     1d0 (00007400)     _AdcaRegs

00007480     1d2 (00007480)     _AdcbRegs

00007500     1d4 (00007500)     _AdccRegs

00007900     1e4 (00007900)     _InputXbarRegs
00007920     1e4 (00007900)     _XbarRegs

00007940     1e5 (00007940)     _SyncSocRegs

00007980     1e6 (00007980)     _DmaClaSrcSelRegs

00007a00     1e8 (00007a00)     _EPwmXbarRegs

00007a80     1ea (00007a80)     _OutputXbarRegs

00007c00     1f0 (00007c00)     _GpioCtrlRegs

00007f00     1fc (00007f00)     _GpioDataRegs

0000a800     2a0 (0000a800)     _batDataSet

0000a8b4     2a2 (0000a880)     _TI_ACK
0000a8b6     2a2 (0000a880)     _ADI_ACK
0000a8b8     2a2 (0000a880)     _AD5940_Init_Done
0000a8ba     2a2 (0000a880)     _AD5940_Measure
0000a8bc     2a2 (0000a880)     _AD5940_Measure_Done
0000a8be     2a2 (0000a880)     __lock

0000a900     2a4 (0000a900)     _recvBuff

0000a940     2a5 (0000a940)     _recvData

0000a980     2a6 (0000a980)     _batNegBuffer
0000a9a0     2a6 (0000a980)     _batPosBuffer

0000a9c0     2a7 (0000a9c0)     _currentBuffer
0000a9e0     2a7 (0000a9c0)     _curBuff
0000a9e1     2a7 (0000a9c0)     _batPosBuff
0000a9e2     2a7 (0000a9c0)     _batNegBuff
0000a9e3     2a7 (0000a9c0)     _maCtr
0000a9e4     2a7 (0000a9c0)     _batRst
0000a9e5     2a7 (0000a9c0)     _ccFlag
0000a9e6     2a7 (0000a9c0)     _cvFlag
0000a9e7     2a7 (0000a9c0)     _rstTmr
0000a9e9     2a7 (0000a9c0)     _frecvFreq
0000a9ea     2a7 (0000a9c0)     _frecvImp
0000a9eb     2a7 (0000a9c0)     _fmeasDone
0000a9ec     2a7 (0000a9c0)     _NL
0000a9ed     2a7 (0000a9c0)     _isNextFreq
0000a9ee     2a7 (0000a9c0)     _isNextImp
0000a9f0     2a7 (0000a9c0)     _current
0000a9f2     2a7 (0000a9c0)     _batPos
0000a9f4     2a7 (0000a9c0)     _batNeg
0000a9f6     2a7 (0000a9c0)     _batVolt
0000a9f8     2a7 (0000a9c0)     _curr_cbuf
0000a9fa     2a7 (0000a9c0)     _batPos_cbuf
0000a9fc     2a7 (0000a9c0)     _batNeg_cbuf
0000a9fe     2a7 (0000a9c0)     __unlock

0000aa00     2a8 (0000aa00)     _CpuTimer0
0000aa08     2a8 (0000aa00)     _CpuTimer1
0000aa10     2a8 (0000aa00)     _CpuTimer2
0000aa18     2a8 (0000aa00)     _DSFreq
0000aa20     2a8 (0000aa00)     ___TI_enable_exit_profile_output
0000aa22     2a8 (0000aa00)     ___TI_cleanup_ptr
0000aa24     2a8 (0000aa00)     ___TI_dtors_ptr
0000aa2a     2a8 (0000aa00)     _errno
0000aa2c     2a8 (0000aa00)     __sys_memory

00048000    1200 (00048000)     _CanaRegs

0004a000    1280 (0004a000)     _CanbRegs

0005d000    1740 (0005d000)     _DevCfgRegs

0005d200    1748 (0005d200)     _ClkCfgRegs

0005d300    174c (0005d300)     _CpuSysRegs

0005d500    1754 (0005d500)     _SysPeriphAcRegs

0005d700    175c (0005d700)     _AnalogSubsysRegs

0005e700    179c (0005e700)     _Dcc0Regs

0005e800    17a0 (0005e800)     _EnhancedDebugGlobalRegs

0005e900    17a4 (0005e900)     _EnhancedDebugHWBP1Regs
0005e908    17a4 (0005e900)     _EnhancedDebugHWBP2Regs
0005e910    17a4 (0005e900)     _EnhancedDebugHWBP3Regs
0005e918    17a4 (0005e900)     _EnhancedDebugHWBP4Regs
0005e920    17a4 (0005e900)     _EnhancedDebugHWBP5Regs
0005e928    17a4 (0005e900)     _EnhancedDebugHWBP6Regs
0005e930    17a4 (0005e900)     _EnhancedDebugHWBP7Regs
0005e938    17a4 (0005e900)     _EnhancedDebugHWBP8Regs

0005e980    17a6 (0005e980)     _EnhancedDebugCounter1Regs
0005e990    17a6 (0005e980)     _EnhancedDebugCounter2Regs
0005e9a0    17a6 (0005e980)     _EnhancedDebugCounter3Regs
0005e9b0    17a6 (0005e980)     _EnhancedDebugCounter4Regs

0005f000    17c0 (0005f000)     _DcsmBank0Z1Regs

0005f040    17c1 (0005f040)     _DcsmBank0Z2Regs
0005f070    17c1 (0005f040)     _DcsmCommonRegs

0005f100    17c4 (0005f100)     _DcsmBank1Z1Regs

0005f140    17c5 (0005f140)     _DcsmBank1Z2Regs

0005f400    17d0 (0005f400)     _MemCfgRegs

0005f4c0    17d3 (0005f4c0)     _AccessProtectionRegs

0005f500    17d4 (0005f500)     _MemoryErrorRegs

0005f800    17e0 (0005f800)     _Flash0CtrlRegs

0005fb00    17ec (0005fb00)     _Flash0EccRegs

00084000    2100 (00084000)     _PieVectTableInit

000841c0    2107 (000841c0)     __ctypes_


GLOBAL SYMBOLS: SORTED ALPHABETICALLY BY Name 

page  address   name                            
----  -------   ----                            
abs   ffffffff  .text                           
0     00083b4a  C$$EXIT                         
0     0008394b  FS$$DIV                         
0     00083c0d  I$$DIV                          
0     00083c1e  I$$MOD                          
1     0000a8b8  _AD5940_Init_Done               
1     0000a8ba  _AD5940_Measure                 
1     0000a8bc  _AD5940_Measure_Done            
0     00083877  _AD9833_OutputEn                
0     000837fd  _AD9833_Reset                   
0     0008380a  _AD9833_SetFrequency            
0     00083868  _AD9833_SetWaveform             
0     00083892  _AD9833_SwapFreq                
0     000820c1  _ADCA1_ISR                      
0     000822e7  _ADCA2_ISR                      
0     000822f1  _ADCA3_ISR                      
0     000822fb  _ADCA4_ISR                      
0     000822dd  _ADCA_EVT_ISR                   
0     000820cb  _ADCB1_ISR                      
0     0008230f  _ADCB2_ISR                      
0     00082319  _ADCB3_ISR                      
0     00082323  _ADCB4_ISR                      
0     00082305  _ADCB_EVT_ISR                   
0     000820d5  _ADCC1_ISR                      
0     0008243b  _ADCC2_ISR                      
0     00082445  _ADCC3_ISR                      
0     0008244f  _ADCC4_ISR                      
0     00082431  _ADCC_EVT_ISR                   
1     0000a8b6  _ADI_ACK                        
1     0005f4c0  _AccessProtectionRegs           
1     00007400  _AdcaRegs                       
1     00000b00  _AdcaResultRegs                 
1     00007480  _AdcbRegs                       
1     00000b20  _AdcbResultRegs                 
1     00007500  _AdccRegs                       
1     00000b40  _AdccResultRegs                 
1     0005d700  _AnalogSubsysRegs               
0     000822b5  _CANA0_ISR                      
0     000822bf  _CANA1_ISR                      
0     000822c9  _CANB0_ISR                      
0     000822d3  _CANB1_ISR                      
0     00082409  _CLA1PROMCRC_ISR                
0     0008232d  _CLA1_1_ISR                     
0     00082337  _CLA1_2_ISR                     
0     00082341  _CLA1_3_ISR                     
0     0008234b  _CLA1_4_ISR                     
0     00082355  _CLA1_5_ISR                     
0     0008235f  _CLA1_6_ISR                     
0     00082369  _CLA1_7_ISR                     
0     00082373  _CLA1_8_ISR                     
0     00082481  _CLA_OVERFLOW_ISR               
0     0008248b  _CLA_UNDERFLOW_ISR              
0     00083773  _CPUTimer0ISR                   
1     00048000  _CanaRegs                       
1     0004a000  _CanbRegs                       
1     00001400  _Cla1Regs                       
0     00000ce0  _Cla1SoftIntRegs                
1     000061c0  _ClaPromCrc0Regs                
1     0005d200  _ClkCfgRegs                     
1     00005c80  _Cmpss1Regs                     
1     00005ca0  _Cmpss2Regs                     
1     00005cc0  _Cmpss3Regs                     
1     00005ce0  _Cmpss4Regs                     
1     00005d00  _Cmpss5Regs                     
1     00005d20  _Cmpss6Regs                     
1     00005d40  _Cmpss7Regs                     
0     00083a14  _ConfigCpuTimer                 
1     0005d300  _CpuSysRegs                     
1     0000aa00  _CpuTimer0                      
1     00000c00  _CpuTimer0Regs                  
1     0000aa08  _CpuTimer1                      
1     00000c08  _CpuTimer1Regs                  
1     0000aa10  _CpuTimer2                      
1     00000c10  _CpuTimer2Regs                  
0     000829a2  _CsmUnlock                      
0     00082014  _DATALOG_ISR                    
0     0008223d  _DMA_CH1_ISR                    
0     00082247  _DMA_CH2_ISR                    
0     00082251  _DMA_CH3_ISR                    
0     0008225b  _DMA_CH4_ISR                    
0     00082265  _DMA_CH5_ISR                    
0     0008226f  _DMA_CH6_ISR                    
1     0000aa18  _DSFreq                         
0     00082f63  _DS_slope_calculate             
1     00005c00  _DacaRegs                       
1     00005c10  _DacbRegs                       
1     0005e700  _Dcc0Regs                       
1     0005f000  _DcsmBank0Z1Regs                
1     0005f040  _DcsmBank0Z2Regs                
1     0005f100  _DcsmBank1Z1Regs                
1     0005f140  _DcsmBank1Z2Regs                
1     0005f070  _DcsmCommonRegs                 
1     0005d000  _DevCfgRegs                     
0     000828c7  _DisableDog                     
0     000828a0  _DisablePeripheralClocks        
1     00007980  _DmaClaSrcSelRegs               
1     00001000  _DmaRegs                        
0     000821a7  _ECAP1_ISR                      
0     000821b1  _ECAP2_ISR                      
0     000821bb  _ECAP3_ISR                      
0     000821c5  _ECAP4_ISR                      
0     000821cf  _ECAP5_ISR                      
0     000821ed  _ECAP6_2_ISR                    
0     000821d9  _ECAP6_ISR                      
0     000821f7  _ECAP7_2_ISR                    
0     000821e3  _ECAP7_ISR                      
1     00005200  _ECap1Regs                      
1     00005240  _ECap2Regs                      
1     00005280  _ECap3Regs                      
1     000052c0  _ECap4Regs                      
1     00005300  _ECap5Regs                      
1     00005340  _ECap6Regs                      
1     00005380  _ECap7Regs                      
0     0008249f  _EMPTY_ISR                      
0     00082028  _EMU_ISR                        
0     00082157  _EPWM1_ISR                      
0     00082107  _EPWM1_TZ_ISR                   
0     00082161  _EPWM2_ISR                      
0     00082111  _EPWM2_TZ_ISR                   
0     0008216b  _EPWM3_ISR                      
0     0008211b  _EPWM3_TZ_ISR                   
0     00082175  _EPWM4_ISR                      
0     00082125  _EPWM4_TZ_ISR                   
0     0008217f  _EPWM5_ISR                      
0     0008212f  _EPWM5_TZ_ISR                   
0     00082189  _EPWM6_ISR                      
0     00082139  _EPWM6_TZ_ISR                   
0     00082193  _EPWM7_ISR                      
0     00082143  _EPWM7_TZ_ISR                   
0     0008219d  _EPWM8_ISR                      
0     0008214d  _EPWM8_TZ_ISR                   
1     00004000  _EPwm1Regs                      
1     00004100  _EPwm2Regs                      
1     00004200  _EPwm3Regs                      
1     00004300  _EPwm4Regs                      
1     00004400  _EPwm5Regs                      
1     00004500  _EPwm6Regs                      
1     00004600  _EPwm7Regs                      
1     00004700  _EPwm8Regs                      
1     00007a00  _EPwmXbarRegs                   
0     00082201  _EQEP1_ISR                      
0     0008220b  _EQEP2_ISR                      
1     00005100  _EQep1Regs                      
1     00005140  _EQep2Regs                      
0     00083b92  _EnableInterrupts               
1     0005e980  _EnhancedDebugCounter1Regs      
1     0005e990  _EnhancedDebugCounter2Regs      
1     0005e9a0  _EnhancedDebugCounter3Regs      
1     0005e9b0  _EnhancedDebugCounter4Regs      
1     0005e800  _EnhancedDebugGlobalRegs        
1     0005e900  _EnhancedDebugHWBP1Regs         
1     0005e908  _EnhancedDebugHWBP2Regs         
1     0005e910  _EnhancedDebugHWBP3Regs         
1     0005e918  _EnhancedDebugHWBP4Regs         
1     0005e920  _EnhancedDebugHWBP5Regs         
1     0005e928  _EnhancedDebugHWBP6Regs         
1     0005e930  _EnhancedDebugHWBP7Regs         
1     0005e938  _EnhancedDebugHWBP8Regs         
0     00008048  _F28x_usDelay                   
0     00082463  _FLASH_CORRECTABLE_ERROR_ISR    
0     0008239b  _FPU_OVERFLOW_ISR               
0     000823a5  _FPU_UNDERFLOW_ISR              
0     000823f5  _FSIRXA1_ISR                    
0     000823ff  _FSIRXA2_ISR                    
0     000823e1  _FSITXA1_ISR                    
0     000823eb  _FSITXA2_ISR                    
1     0005f800  _Flash0CtrlRegs                 
1     0005fb00  _Flash0EccRegs                  
0     0000803c  _FlashOff                       
1     00006680  _FsiRxaRegs                     
1     00006600  _FsiTxaRegs                     
0     000831b9  _GPIO_ReadPin                   
0     0008315e  _GPIO_SetupLock                 
0     0008303e  _GPIO_SetupPinMux               
0     000830ca  _GPIO_SetupPinOptions           
0     00083187  _GPIO_SetupXINT1Gpio            
0     00083191  _GPIO_SetupXINT2Gpio            
0     0008319b  _GPIO_SetupXINT3Gpio            
0     000831a5  _GPIO_SetupXINT4Gpio            
0     000831af  _GPIO_SetupXINT5Gpio            
0     000831ee  _GPIO_TogglePin                 
0     000831d0  _GPIO_WritePin                  
1     00007c00  _GpioCtrlRegs                   
1     00007f00  _GpioDataRegs                   
0     00082a39  _HALT                           
0     00082283  _I2CA_FIFO_ISR                  
0     00082279  _I2CA_ISR                       
1     00007300  _I2caRegs                       
0     00082a30  _IDLE                           
0     0008203f  _ILLEGAL_ISR                    
0     00083619  _InitADC                        
0     0008364f  _InitADCSOC                     
0     0008369b  _InitCPUTimer                   
0     000839d3  _InitCpuTimers                  
0     000836cb  _InitDAC                        
0     00008000  _InitFlash                      
0     000835be  _InitGPIO                       
0     00083000  _InitGpio                       
0     00083607  _InitPIE                        
0     0008282c  _InitPeripheralClocks           
0     00083b73  _InitPieCtrl                    
0     00083bc3  _InitPieVectTable               
0     000836b2  _InitSCIB                       
0     00083614  _InitSPI                        
0     00083afc  _InitSpi                        
0     00083b17  _InitSpiGpio                    
0     00083b1a  _InitSpiaGpio                   
0     0008281f  _InitSysCtrl                    
0     000828d5  _InitSysPll                     
1     00007900  _InputXbarRegs                  
0     00082a4a  _IsPLLValid                     
0     00082413  _LINA_0_ISR                     
0     0008241d  _LINA_1_ISR                     
1     00006a00  _LinaRegs                       
1     00006b00  _LinbRegs                       
1     0005f400  _MemCfgRegs                     
1     0005f500  _MemoryErrorRegs                
1     0000a9ec  _NL                             
0     00082035  _NMI_ISR                        
0     000824ac  _NOTUSED_ISR                    
1     00007060  _NmiIntruptRegs                 
1     00007a80  _OutputXbarRegs                 
0     00082495  _PIE_RESERVED_ISR               
0     00082427  _PMBUSA_ISR                     
1     00005b00  _Pga1Regs                       
1     00005b10  _Pga2Regs                       
1     00005b20  _Pga3Regs                       
1     00005b30  _Pga4Regs                       
1     00005b40  _Pga5Regs                       
1     00005b50  _Pga6Regs                       
1     00005b60  _Pga7Regs                       
1     00000ce0  _PieCtrlRegs                    
1     00000d00  _PieVectTable                   
0     00084000  _PieVectTableInit               
1     00006400  _PmbusaRegs                     
0     0008246d  _RAM_ACCESS_VIOLATION_ISR       
0     00082459  _RAM_CORRECTABLE_ERROR_ISR      
0     0008201e  _RTOS_ISR                       
0     0008110c  _RamfuncsLoadEnd                
abs   0000004c  _RamfuncsLoadSize               
0     000810c0  _RamfuncsLoadStart              
0     0000804c  _RamfuncsRunEnd                 
abs   0000004c  _RamfuncsRunSize                
0     00008000  _RamfuncsRunStart               
0     0008228d  _SCIA_RX_ISR                    
0     00082297  _SCIA_TX_ISR                    
0     000836e2  _SCIBRxISR                      
0     000822a1  _SCIB_RX_ISR                    
0     000822ab  _SCIB_TX_ISR                    
0     000823b9  _SD1DR1_ISR                     
0     000823c3  _SD1DR2_ISR                     
0     000823cd  _SD1DR3_ISR                     
0     000823d7  _SD1DR4_ISR                     
0     000823af  _SD1_ISR                        
0     00082215  _SPIA_RX_ISR                    
0     0008221f  _SPIA_TX_ISR                    
0     00082229  _SPIB_RX_ISR                    
0     00082233  _SPIB_TX_ISR                    
0     00082477  _SYS_PLL_SLIP_ISR               
1     00007200  _SciaRegs                       
1     00007210  _ScibRegs                       
1     00005e00  _Sdfm1Regs                      
0     000828b9  _ServiceDog                     
0     00082f8c  _SetVREF                        
1     00006100  _SpiaRegs                       
1     00006110  _SpibRegs                       
1     00007940  _SyncSocRegs                    
0     000829c3  _SysIntOsc1Sel                  
0     000829cf  _SysIntOsc2Sel                  
1     0005d500  _SysPeriphAcRegs                
0     00082a1a  _SysXtalOscSESel                
0     000829f7  _SysXtalOscSel                  
0     000820f3  _TIMER0_ISR                     
0     00082000  _TIMER1_ISR                     
0     0008200a  _TIMER2_ISR                     
1     0000a8b4  _TI_ACK                         
0     000820a3  _USER10_ISR                     
0     000820ad  _USER11_ISR                     
0     000820b7  _USER12_ISR                     
0     00082049  _USER1_ISR                      
0     00082053  _USER2_ISR                      
0     0008205d  _USER3_ISR                      
0     00082067  _USER4_ISR                      
0     00082071  _USER5_ISR                      
0     0008207b  _USER6_ISR                      
0     00082085  _USER7_ISR                      
0     0008208f  _USER8_ISR                      
0     00082099  _USER9_ISR                      
0     000820fd  _WAKE_ISR                       
1     00007000  _WdRegs                         
0     000820df  _XINT1_ISR                      
0     000820e9  _XINT2_ISR                      
0     0008237d  _XINT3_ISR                      
0     00082387  _XINT4_ISR                      
0     00082391  _XINT5_ISR                      
1     00007920  _XbarRegs                       
1     00007070  _XintRegs                       
1     00000600  __STACK_END                     
abs   00000200  __STACK_SIZE                    
abs   00000200  __SYSMEM_SIZE                   
1     0000aa22  ___TI_cleanup_ptr               
1     0000aa24  ___TI_dtors_ptr                 
1     0000aa20  ___TI_enable_exit_profile_output
0     00082d6f  ___TI_heap_check                
0     00082d52  ___TI_heap_largest_available    
0     00082d35  ___TI_heap_total_available      
abs   ffffffff  ___TI_pprof_out_hndl            
abs   ffffffff  ___TI_prof_data_size            
abs   ffffffff  ___TI_prof_data_start           
abs   ffffffff  ___binit__                      
abs   ffffffff  ___c_args__                     
0     00081000  ___cinit__                      
abs   ffffffff  ___etext__                      
abs   ffffffff  ___pinit__                      
abs   ffffffff  ___text__                       
0     00083c6b  __args_main                     
0     000841c0  __ctypes_                       
1     0000a8be  __lock                          
0     00083c96  __nop                           
0     00083c92  __register_lock                 
0     00083c8e  __register_unlock               
1     00000400  __stack                         
1     0000aa2c  __sys_memory                    
0     00083b9b  __system_post_cinit             
0     00082ffe  __system_pre_init               
1     0000a9fe  __unlock                        
0     00083b4a  _abort                          
0     00082c8f  _aligned_alloc                  
0     0008352c  _batChgMod                      
1     0000a800  _batDataSet                     
1     0000a9f4  _batNeg                         
1     0000a9e2  _batNegBuff                     
1     0000a980  _batNegBuffer                   
1     0000a9fc  _batNeg_cbuf                    
1     0000a9f2  _batPos                         
1     0000a9e1  _batPosBuff                     
1     0000a9a0  _batPosBuffer                   
1     0000a9fa  _batPos_cbuf                    
1     0000a9e4  _batRst                         
1     0000a9f6  _batVolt                        
0     00083aa6  _c_int00                        
0     00082c62  _calloc                         
1     0000a9e5  _ccFlag                         
0     000838bb  _circular_buf_empty             
0     000838ce  _circular_buf_full              
0     000838d3  _circular_buf_init              
0     0008390d  _circular_buf_put               
0     00083be9  _copy_in                        
0     00083c7d  _copysign                       
0     00083c7d  _copysignf                      
1     0000a9e0  _curBuff                        
1     0000a9f8  _curr_cbuf                      
1     0000a9f0  _current                        
1     0000a9c0  _currentBuffer                  
1     0000a9e6  _cvFlag                         
1     0000aa2a  _errno                          
0     00083b4c  _exit                           
0     0008391b  _filter_process                 
1     0000a9eb  _fmeasDone                      
1     0000a9e9  _frecvFreq                      
1     0000a9ea  _frecvImp                       
0     00082b10  _free                           
0     00082e5e  _ftos                           
0     00082d71  _gcvt                           
0     00082f30  _getBatImpedance                
0     000838e8  _increase_pointer               
0     00082f0c  _init_batDataSet                
1     0000a9ed  _isNextFreq                     
1     0000a9ee  _isNextImp                      
0     00083a4e  _ldexp                          
0     00083a4e  _ldexpf                         
1     0000a9e3  _maCtr                          
0     0008343b  _main                           
0     00082ae5  _malloc                         
0     00082c8f  _memalign                       
0     00083c4e  _memcpy                         
0     00083c97  _memset                         
0     00082c5e  _minit                          
0     000824b6  _pow                            
0     000824b6  _powf                           
0     00082bda  _realloc                        
1     0000a900  _recvBuff                       
1     0000a940  _recvData                       
1     0000a9e7  _rstTmr                         
0     00083a4e  _scalbn                         
0     00083a4e  _scalbnf                        
0     00083b9c  _sqrt                           
0     00083b9c  _sqrtf                          
0     00082ff4  _strcmp                         
0     00083c9e  _strcpy                         
0     00083205  _strtod                         
0     00083205  _strtof                         
0     00083c2f  _transmitSCIBChar               
0     00083c3b  _transmitSCIBMessage            
abs   ffffffff  binit                           
0     00081000  cinit                           
0     00080000  code_start                      
abs   ffffffff  etext                           
abs   ffffffff  pinit                           


GLOBAL SYMBOLS: SORTED BY Symbol Address 

page  address   name                            
----  -------   ----                            
0     00000ce0  _Cla1SoftIntRegs                
0     00008000  _InitFlash                      
0     00008000  _RamfuncsRunStart               
0     0000803c  _FlashOff                       
0     00008048  _F28x_usDelay                   
0     0000804c  _RamfuncsRunEnd                 
0     00080000  code_start                      
0     00081000  ___cinit__                      
0     00081000  cinit                           
0     000810c0  _RamfuncsLoadStart              
0     0008110c  _RamfuncsLoadEnd                
0     00082000  _TIMER1_ISR                     
0     0008200a  _TIMER2_ISR                     
0     00082014  _DATALOG_ISR                    
0     0008201e  _RTOS_ISR                       
0     00082028  _EMU_ISR                        
0     00082035  _NMI_ISR                        
0     0008203f  _ILLEGAL_ISR                    
0     00082049  _USER1_ISR                      
0     00082053  _USER2_ISR                      
0     0008205d  _USER3_ISR                      
0     00082067  _USER4_ISR                      
0     00082071  _USER5_ISR                      
0     0008207b  _USER6_ISR                      
0     00082085  _USER7_ISR                      
0     0008208f  _USER8_ISR                      
0     00082099  _USER9_ISR                      
0     000820a3  _USER10_ISR                     
0     000820ad  _USER11_ISR                     
0     000820b7  _USER12_ISR                     
0     000820c1  _ADCA1_ISR                      
0     000820cb  _ADCB1_ISR                      
0     000820d5  _ADCC1_ISR                      
0     000820df  _XINT1_ISR                      
0     000820e9  _XINT2_ISR                      
0     000820f3  _TIMER0_ISR                     
0     000820fd  _WAKE_ISR                       
0     00082107  _EPWM1_TZ_ISR                   
0     00082111  _EPWM2_TZ_ISR                   
0     0008211b  _EPWM3_TZ_ISR                   
0     00082125  _EPWM4_TZ_ISR                   
0     0008212f  _EPWM5_TZ_ISR                   
0     00082139  _EPWM6_TZ_ISR                   
0     00082143  _EPWM7_TZ_ISR                   
0     0008214d  _EPWM8_TZ_ISR                   
0     00082157  _EPWM1_ISR                      
0     00082161  _EPWM2_ISR                      
0     0008216b  _EPWM3_ISR                      
0     00082175  _EPWM4_ISR                      
0     0008217f  _EPWM5_ISR                      
0     00082189  _EPWM6_ISR                      
0     00082193  _EPWM7_ISR                      
0     0008219d  _EPWM8_ISR                      
0     000821a7  _ECAP1_ISR                      
0     000821b1  _ECAP2_ISR                      
0     000821bb  _ECAP3_ISR                      
0     000821c5  _ECAP4_ISR                      
0     000821cf  _ECAP5_ISR                      
0     000821d9  _ECAP6_ISR                      
0     000821e3  _ECAP7_ISR                      
0     000821ed  _ECAP6_2_ISR                    
0     000821f7  _ECAP7_2_ISR                    
0     00082201  _EQEP1_ISR                      
0     0008220b  _EQEP2_ISR                      
0     00082215  _SPIA_RX_ISR                    
0     0008221f  _SPIA_TX_ISR                    
0     00082229  _SPIB_RX_ISR                    
0     00082233  _SPIB_TX_ISR                    
0     0008223d  _DMA_CH1_ISR                    
0     00082247  _DMA_CH2_ISR                    
0     00082251  _DMA_CH3_ISR                    
0     0008225b  _DMA_CH4_ISR                    
0     00082265  _DMA_CH5_ISR                    
0     0008226f  _DMA_CH6_ISR                    
0     00082279  _I2CA_ISR                       
0     00082283  _I2CA_FIFO_ISR                  
0     0008228d  _SCIA_RX_ISR                    
0     00082297  _SCIA_TX_ISR                    
0     000822a1  _SCIB_RX_ISR                    
0     000822ab  _SCIB_TX_ISR                    
0     000822b5  _CANA0_ISR                      
0     000822bf  _CANA1_ISR                      
0     000822c9  _CANB0_ISR                      
0     000822d3  _CANB1_ISR                      
0     000822dd  _ADCA_EVT_ISR                   
0     000822e7  _ADCA2_ISR                      
0     000822f1  _ADCA3_ISR                      
0     000822fb  _ADCA4_ISR                      
0     00082305  _ADCB_EVT_ISR                   
0     0008230f  _ADCB2_ISR                      
0     00082319  _ADCB3_ISR                      
0     00082323  _ADCB4_ISR                      
0     0008232d  _CLA1_1_ISR                     
0     00082337  _CLA1_2_ISR                     
0     00082341  _CLA1_3_ISR                     
0     0008234b  _CLA1_4_ISR                     
0     00082355  _CLA1_5_ISR                     
0     0008235f  _CLA1_6_ISR                     
0     00082369  _CLA1_7_ISR                     
0     00082373  _CLA1_8_ISR                     
0     0008237d  _XINT3_ISR                      
0     00082387  _XINT4_ISR                      
0     00082391  _XINT5_ISR                      
0     0008239b  _FPU_OVERFLOW_ISR               
0     000823a5  _FPU_UNDERFLOW_ISR              
0     000823af  _SD1_ISR                        
0     000823b9  _SD1DR1_ISR                     
0     000823c3  _SD1DR2_ISR                     
0     000823cd  _SD1DR3_ISR                     
0     000823d7  _SD1DR4_ISR                     
0     000823e1  _FSITXA1_ISR                    
0     000823eb  _FSITXA2_ISR                    
0     000823f5  _FSIRXA1_ISR                    
0     000823ff  _FSIRXA2_ISR                    
0     00082409  _CLA1PROMCRC_ISR                
0     00082413  _LINA_0_ISR                     
0     0008241d  _LINA_1_ISR                     
0     00082427  _PMBUSA_ISR                     
0     00082431  _ADCC_EVT_ISR                   
0     0008243b  _ADCC2_ISR                      
0     00082445  _ADCC3_ISR                      
0     0008244f  _ADCC4_ISR                      
0     00082459  _RAM_CORRECTABLE_ERROR_ISR      
0     00082463  _FLASH_CORRECTABLE_ERROR_ISR    
0     0008246d  _RAM_ACCESS_VIOLATION_ISR       
0     00082477  _SYS_PLL_SLIP_ISR               
0     00082481  _CLA_OVERFLOW_ISR               
0     0008248b  _CLA_UNDERFLOW_ISR              
0     00082495  _PIE_RESERVED_ISR               
0     0008249f  _EMPTY_ISR                      
0     000824ac  _NOTUSED_ISR                    
0     000824b6  _pow                            
0     000824b6  _powf                           
0     0008281f  _InitSysCtrl                    
0     0008282c  _InitPeripheralClocks           
0     000828a0  _DisablePeripheralClocks        
0     000828b9  _ServiceDog                     
0     000828c7  _DisableDog                     
0     000828d5  _InitSysPll                     
0     000829a2  _CsmUnlock                      
0     000829c3  _SysIntOsc1Sel                  
0     000829cf  _SysIntOsc2Sel                  
0     000829f7  _SysXtalOscSel                  
0     00082a1a  _SysXtalOscSESel                
0     00082a30  _IDLE                           
0     00082a39  _HALT                           
0     00082a4a  _IsPLLValid                     
0     00082ae5  _malloc                         
0     00082b10  _free                           
0     00082bda  _realloc                        
0     00082c5e  _minit                          
0     00082c62  _calloc                         
0     00082c8f  _aligned_alloc                  
0     00082c8f  _memalign                       
0     00082d35  ___TI_heap_total_available      
0     00082d52  ___TI_heap_largest_available    
0     00082d6f  ___TI_heap_check                
0     00082d71  _gcvt                           
0     00082e5e  _ftos                           
0     00082f0c  _init_batDataSet                
0     00082f30  _getBatImpedance                
0     00082f63  _DS_slope_calculate             
0     00082f8c  _SetVREF                        
0     00082ff4  _strcmp                         
0     00082ffe  __system_pre_init               
0     00083000  _InitGpio                       
0     0008303e  _GPIO_SetupPinMux               
0     000830ca  _GPIO_SetupPinOptions           
0     0008315e  _GPIO_SetupLock                 
0     00083187  _GPIO_SetupXINT1Gpio            
0     00083191  _GPIO_SetupXINT2Gpio            
0     0008319b  _GPIO_SetupXINT3Gpio            
0     000831a5  _GPIO_SetupXINT4Gpio            
0     000831af  _GPIO_SetupXINT5Gpio            
0     000831b9  _GPIO_ReadPin                   
0     000831d0  _GPIO_WritePin                  
0     000831ee  _GPIO_TogglePin                 
0     00083205  _strtod                         
0     00083205  _strtof                         
0     0008343b  _main                           
0     0008352c  _batChgMod                      
0     000835be  _InitGPIO                       
0     00083607  _InitPIE                        
0     00083614  _InitSPI                        
0     00083619  _InitADC                        
0     0008364f  _InitADCSOC                     
0     0008369b  _InitCPUTimer                   
0     000836b2  _InitSCIB                       
0     000836cb  _InitDAC                        
0     000836e2  _SCIBRxISR                      
0     00083773  _CPUTimer0ISR                   
0     000837fd  _AD9833_Reset                   
0     0008380a  _AD9833_SetFrequency            
0     00083868  _AD9833_SetWaveform             
0     00083877  _AD9833_OutputEn                
0     00083892  _AD9833_SwapFreq                
0     000838bb  _circular_buf_empty             
0     000838ce  _circular_buf_full              
0     000838d3  _circular_buf_init              
0     000838e8  _increase_pointer               
0     0008390d  _circular_buf_put               
0     0008391b  _filter_process                 
0     0008394b  FS$$DIV                         
0     000839d3  _InitCpuTimers                  
0     00083a14  _ConfigCpuTimer                 
0     00083a4e  _ldexp                          
0     00083a4e  _ldexpf                         
0     00083a4e  _scalbn                         
0     00083a4e  _scalbnf                        
0     00083aa6  _c_int00                        
0     00083afc  _InitSpi                        
0     00083b17  _InitSpiGpio                    
0     00083b1a  _InitSpiaGpio                   
0     00083b4a  C$$EXIT                         
0     00083b4a  _abort                          
0     00083b4c  _exit                           
0     00083b73  _InitPieCtrl                    
0     00083b92  _EnableInterrupts               
0     00083b9b  __system_post_cinit             
0     00083b9c  _sqrt                           
0     00083b9c  _sqrtf                          
0     00083bc3  _InitPieVectTable               
0     00083be9  _copy_in                        
0     00083c0d  I$$DIV                          
0     00083c1e  I$$MOD                          
0     00083c2f  _transmitSCIBChar               
0     00083c3b  _transmitSCIBMessage            
0     00083c4e  _memcpy                         
0     00083c6b  __args_main                     
0     00083c7d  _copysign                       
0     00083c7d  _copysignf                      
0     00083c8e  __register_unlock               
0     00083c92  __register_lock                 
0     00083c96  __nop                           
0     00083c97  _memset                         
0     00083c9e  _strcpy                         
0     00084000  _PieVectTableInit               
0     000841c0  __ctypes_                       
1     00000400  __stack                         
1     00000600  __STACK_END                     
1     00000b00  _AdcaResultRegs                 
1     00000b20  _AdcbResultRegs                 
1     00000b40  _AdccResultRegs                 
1     00000c00  _CpuTimer0Regs                  
1     00000c08  _CpuTimer1Regs                  
1     00000c10  _CpuTimer2Regs                  
1     00000ce0  _PieCtrlRegs                    
1     00000d00  _PieVectTable                   
1     00001000  _DmaRegs                        
1     00001400  _Cla1Regs                       
1     00004000  _EPwm1Regs                      
1     00004100  _EPwm2Regs                      
1     00004200  _EPwm3Regs                      
1     00004300  _EPwm4Regs                      
1     00004400  _EPwm5Regs                      
1     00004500  _EPwm6Regs                      
1     00004600  _EPwm7Regs                      
1     00004700  _EPwm8Regs                      
1     00005100  _EQep1Regs                      
1     00005140  _EQep2Regs                      
1     00005200  _ECap1Regs                      
1     00005240  _ECap2Regs                      
1     00005280  _ECap3Regs                      
1     000052c0  _ECap4Regs                      
1     00005300  _ECap5Regs                      
1     00005340  _ECap6Regs                      
1     00005380  _ECap7Regs                      
1     00005b00  _Pga1Regs                       
1     00005b10  _Pga2Regs                       
1     00005b20  _Pga3Regs                       
1     00005b30  _Pga4Regs                       
1     00005b40  _Pga5Regs                       
1     00005b50  _Pga6Regs                       
1     00005b60  _Pga7Regs                       
1     00005c00  _DacaRegs                       
1     00005c10  _DacbRegs                       
1     00005c80  _Cmpss1Regs                     
1     00005ca0  _Cmpss2Regs                     
1     00005cc0  _Cmpss3Regs                     
1     00005ce0  _Cmpss4Regs                     
1     00005d00  _Cmpss5Regs                     
1     00005d20  _Cmpss6Regs                     
1     00005d40  _Cmpss7Regs                     
1     00005e00  _Sdfm1Regs                      
1     00006100  _SpiaRegs                       
1     00006110  _SpibRegs                       
1     000061c0  _ClaPromCrc0Regs                
1     00006400  _PmbusaRegs                     
1     00006600  _FsiTxaRegs                     
1     00006680  _FsiRxaRegs                     
1     00006a00  _LinaRegs                       
1     00006b00  _LinbRegs                       
1     00007000  _WdRegs                         
1     00007060  _NmiIntruptRegs                 
1     00007070  _XintRegs                       
1     00007200  _SciaRegs                       
1     00007210  _ScibRegs                       
1     00007300  _I2caRegs                       
1     00007400  _AdcaRegs                       
1     00007480  _AdcbRegs                       
1     00007500  _AdccRegs                       
1     00007900  _InputXbarRegs                  
1     00007920  _XbarRegs                       
1     00007940  _SyncSocRegs                    
1     00007980  _DmaClaSrcSelRegs               
1     00007a00  _EPwmXbarRegs                   
1     00007a80  _OutputXbarRegs                 
1     00007c00  _GpioCtrlRegs                   
1     00007f00  _GpioDataRegs                   
1     0000a800  _batDataSet                     
1     0000a8b4  _TI_ACK                         
1     0000a8b6  _ADI_ACK                        
1     0000a8b8  _AD5940_Init_Done               
1     0000a8ba  _AD5940_Measure                 
1     0000a8bc  _AD5940_Measure_Done            
1     0000a8be  __lock                          
1     0000a900  _recvBuff                       
1     0000a940  _recvData                       
1     0000a980  _batNegBuffer                   
1     0000a9a0  _batPosBuffer                   
1     0000a9c0  _currentBuffer                  
1     0000a9e0  _curBuff                        
1     0000a9e1  _batPosBuff                     
1     0000a9e2  _batNegBuff                     
1     0000a9e3  _maCtr                          
1     0000a9e4  _batRst                         
1     0000a9e5  _ccFlag                         
1     0000a9e6  _cvFlag                         
1     0000a9e7  _rstTmr                         
1     0000a9e9  _frecvFreq                      
1     0000a9ea  _frecvImp                       
1     0000a9eb  _fmeasDone                      
1     0000a9ec  _NL                             
1     0000a9ed  _isNextFreq                     
1     0000a9ee  _isNextImp                      
1     0000a9f0  _current                        
1     0000a9f2  _batPos                         
1     0000a9f4  _batNeg                         
1     0000a9f6  _batVolt                        
1     0000a9f8  _curr_cbuf                      
1     0000a9fa  _batPos_cbuf                    
1     0000a9fc  _batNeg_cbuf                    
1     0000a9fe  __unlock                        
1     0000aa00  _CpuTimer0                      
1     0000aa08  _CpuTimer1                      
1     0000aa10  _CpuTimer2                      
1     0000aa18  _DSFreq                         
1     0000aa20  ___TI_enable_exit_profile_output
1     0000aa22  ___TI_cleanup_ptr               
1     0000aa24  ___TI_dtors_ptr                 
1     0000aa2a  _errno                          
1     0000aa2c  __sys_memory                    
1     00048000  _CanaRegs                       
1     0004a000  _CanbRegs                       
1     0005d000  _DevCfgRegs                     
1     0005d200  _ClkCfgRegs                     
1     0005d300  _CpuSysRegs                     
1     0005d500  _SysPeriphAcRegs                
1     0005d700  _AnalogSubsysRegs               
1     0005e700  _Dcc0Regs                       
1     0005e800  _EnhancedDebugGlobalRegs        
1     0005e900  _EnhancedDebugHWBP1Regs         
1     0005e908  _EnhancedDebugHWBP2Regs         
1     0005e910  _EnhancedDebugHWBP3Regs         
1     0005e918  _EnhancedDebugHWBP4Regs         
1     0005e920  _EnhancedDebugHWBP5Regs         
1     0005e928  _EnhancedDebugHWBP6Regs         
1     0005e930  _EnhancedDebugHWBP7Regs         
1     0005e938  _EnhancedDebugHWBP8Regs         
1     0005e980  _EnhancedDebugCounter1Regs      
1     0005e990  _EnhancedDebugCounter2Regs      
1     0005e9a0  _EnhancedDebugCounter3Regs      
1     0005e9b0  _EnhancedDebugCounter4Regs      
1     0005f000  _DcsmBank0Z1Regs                
1     0005f040  _DcsmBank0Z2Regs                
1     0005f070  _DcsmCommonRegs                 
1     0005f100  _DcsmBank1Z1Regs                
1     0005f140  _DcsmBank1Z2Regs                
1     0005f400  _MemCfgRegs                     
1     0005f4c0  _AccessProtectionRegs           
1     0005f500  _MemoryErrorRegs                
1     0005f800  _Flash0CtrlRegs                 
1     0005fb00  _Flash0EccRegs                  
abs   0000004c  _RamfuncsLoadSize               
abs   0000004c  _RamfuncsRunSize                
abs   00000200  __STACK_SIZE                    
abs   00000200  __SYSMEM_SIZE                   
abs   ffffffff  .text                           
abs   ffffffff  ___TI_pprof_out_hndl            
abs   ffffffff  ___TI_prof_data_size            
abs   ffffffff  ___TI_prof_data_start           
abs   ffffffff  ___binit__                      
abs   ffffffff  ___c_args__                     
abs   ffffffff  ___etext__                      
abs   ffffffff  ___pinit__                      
abs   ffffffff  ___text__                       
abs   ffffffff  binit                           
abs   ffffffff  etext                           
abs   ffffffff  pinit                           

[399 symbols]
