<?xml version="1.0" encoding="ISO-8859-1" ?>
<link_info>
   <banner>TMS320C2000 Linker PC v20.2.5.LTS</banner>
   <copyright>Copyright (c) 1996-2018 Texas Instruments Incorporated</copyright>
   <link_time>0x6177dce0</link_time>
   <link_errors>0x0</link_errors>
   <output_file>RippleCharging.out</output_file>
   <entry_point>
      <name>_c_int00</name>
      <address>0x82faa</address>
   </entry_point>
   <input_file_list>
      <input_file id="fl-2">
         <path>.\</path>
         <kind>object</kind>
         <file>AD9833.obj</file>
         <name>AD9833.obj</name>
      </input_file>
      <input_file id="fl-3">
         <path>.\</path>
         <kind>object</kind>
         <file>CN0150.obj</file>
         <name>CN0150.obj</name>
      </input_file>
      <input_file id="fl-4">
         <path>.\</path>
         <kind>object</kind>
         <file>Init.obj</file>
         <name>Init.obj</name>
      </input_file>
      <input_file id="fl-5">
         <path>.\</path>
         <kind>object</kind>
         <file>RippleCharging_main.obj</file>
         <name>RippleCharging_main.obj</name>
      </input_file>
      <input_file id="fl-6">
         <path>.\</path>
         <kind>object</kind>
         <file>f28004x_adc.obj</file>
         <name>f28004x_adc.obj</name>
      </input_file>
      <input_file id="fl-7">
         <path>.\</path>
         <kind>object</kind>
         <file>f28004x_codestartbranch.obj</file>
         <name>f28004x_codestartbranch.obj</name>
      </input_file>
      <input_file id="fl-8">
         <path>.\</path>
         <kind>object</kind>
         <file>f28004x_cputimers.obj</file>
         <name>f28004x_cputimers.obj</name>
      </input_file>
      <input_file id="fl-9">
         <path>.\</path>
         <kind>object</kind>
         <file>f28004x_defaultisr.obj</file>
         <name>f28004x_defaultisr.obj</name>
      </input_file>
      <input_file id="fl-a">
         <path>.\</path>
         <kind>object</kind>
         <file>f28004x_dma.obj</file>
         <name>f28004x_dma.obj</name>
      </input_file>
      <input_file id="fl-b">
         <path>.\</path>
         <kind>object</kind>
         <file>f28004x_globalvariabledefs.obj</file>
         <name>f28004x_globalvariabledefs.obj</name>
      </input_file>
      <input_file id="fl-c">
         <path>.\</path>
         <kind>object</kind>
         <file>f28004x_gpio.obj</file>
         <name>f28004x_gpio.obj</name>
      </input_file>
      <input_file id="fl-d">
         <path>.\</path>
         <kind>object</kind>
         <file>f28004x_piectrl.obj</file>
         <name>f28004x_piectrl.obj</name>
      </input_file>
      <input_file id="fl-e">
         <path>.\</path>
         <kind>object</kind>
         <file>f28004x_pievect.obj</file>
         <name>f28004x_pievect.obj</name>
      </input_file>
      <input_file id="fl-f">
         <path>.\</path>
         <kind>object</kind>
         <file>f28004x_spi.obj</file>
         <name>f28004x_spi.obj</name>
      </input_file>
      <input_file id="fl-10">
         <path>.\</path>
         <kind>object</kind>
         <file>f28004x_sysctrl.obj</file>
         <name>f28004x_sysctrl.obj</name>
      </input_file>
      <input_file id="fl-11">
         <path>.\</path>
         <kind>object</kind>
         <file>f28004x_usdelay.obj</file>
         <name>f28004x_usdelay.obj</name>
      </input_file>
      <input_file id="fl-16">
         <kind>object</kind>
         <file>&lt;internal&gt;</file>
         <name>&lt;internal&gt;</name>
      </input_file>
      <input_file id="fl-22">
         <path>C:\ti\ccs1040\ccs\tools\compiler\ti-cgt-c2000_20.2.5.LTS\lib\</path>
         <kind>archive</kind>
         <file>rts2800_fpu32.lib</file>
         <name>printf.c.obj</name>
      </input_file>
      <input_file id="fl-23">
         <path>C:\ti\ccs1040\ccs\tools\compiler\ti-cgt-c2000_20.2.5.LTS\lib\</path>
         <kind>archive</kind>
         <file>rts2800_fpu32.lib</file>
         <name>_printfi.c.obj</name>
      </input_file>
      <input_file id="fl-24">
         <path>C:\ti\ccs1040\ccs\tools\compiler\ti-cgt-c2000_20.2.5.LTS\lib\</path>
         <kind>archive</kind>
         <file>rts2800_fpu32.lib</file>
         <name>fputc.c.obj</name>
      </input_file>
      <input_file id="fl-25">
         <path>C:\ti\ccs1040\ccs\tools\compiler\ti-cgt-c2000_20.2.5.LTS\lib\</path>
         <kind>archive</kind>
         <file>rts2800_fpu32.lib</file>
         <name>fputs.c.obj</name>
      </input_file>
      <input_file id="fl-26">
         <path>C:\ti\ccs1040\ccs\tools\compiler\ti-cgt-c2000_20.2.5.LTS\lib\</path>
         <kind>archive</kind>
         <file>rts2800_fpu32.lib</file>
         <name>_io_perm.c.obj</name>
      </input_file>
      <input_file id="fl-27">
         <path>C:\ti\ccs1040\ccs\tools\compiler\ti-cgt-c2000_20.2.5.LTS\lib\</path>
         <kind>archive</kind>
         <file>rts2800_fpu32.lib</file>
         <name>setvbuf.c.obj</name>
      </input_file>
      <input_file id="fl-28">
         <path>C:\ti\ccs1040\ccs\tools\compiler\ti-cgt-c2000_20.2.5.LTS\lib\</path>
         <kind>archive</kind>
         <file>rts2800_fpu32.lib</file>
         <name>s_frexp.c.obj</name>
      </input_file>
      <input_file id="fl-29">
         <path>C:\ti\ccs1040\ccs\tools\compiler\ti-cgt-c2000_20.2.5.LTS\lib\</path>
         <kind>archive</kind>
         <file>rts2800_fpu32.lib</file>
         <name>s_scalbn.c.obj</name>
      </input_file>
      <input_file id="fl-2a">
         <path>C:\ti\ccs1040\ccs\tools\compiler\ti-cgt-c2000_20.2.5.LTS\lib\</path>
         <kind>archive</kind>
         <file>rts2800_fpu32.lib</file>
         <name>boot28.asm.obj</name>
      </input_file>
      <input_file id="fl-2b">
         <path>C:\ti\ccs1040\ccs\tools\compiler\ti-cgt-c2000_20.2.5.LTS\lib\</path>
         <kind>archive</kind>
         <file>rts2800_fpu32.lib</file>
         <name>fd_add28.asm.obj</name>
      </input_file>
      <input_file id="fl-2c">
         <path>C:\ti\ccs1040\ccs\tools\compiler\ti-cgt-c2000_20.2.5.LTS\lib\</path>
         <kind>archive</kind>
         <file>rts2800_fpu32.lib</file>
         <name>fd_cmp28.asm.obj</name>
      </input_file>
      <input_file id="fl-2d">
         <path>C:\ti\ccs1040\ccs\tools\compiler\ti-cgt-c2000_20.2.5.LTS\lib\</path>
         <kind>archive</kind>
         <file>rts2800_fpu32.lib</file>
         <name>fd_mpy28.asm.obj</name>
      </input_file>
      <input_file id="fl-2e">
         <path>C:\ti\ccs1040\ccs\tools\compiler\ti-cgt-c2000_20.2.5.LTS\lib\</path>
         <kind>archive</kind>
         <file>rts2800_fpu32.lib</file>
         <name>fd_neg28.asm.obj</name>
      </input_file>
      <input_file id="fl-2f">
         <path>C:\ti\ccs1040\ccs\tools\compiler\ti-cgt-c2000_20.2.5.LTS\lib\</path>
         <kind>archive</kind>
         <file>rts2800_fpu32.lib</file>
         <name>fd_sub28.asm.obj</name>
      </input_file>
      <input_file id="fl-30">
         <path>C:\ti\ccs1040\ccs\tools\compiler\ti-cgt-c2000_20.2.5.LTS\lib\</path>
         <kind>archive</kind>
         <file>rts2800_fpu32.lib</file>
         <name>fd_toi28.asm.obj</name>
      </input_file>
      <input_file id="fl-31">
         <path>C:\ti\ccs1040\ccs\tools\compiler\ti-cgt-c2000_20.2.5.LTS\lib\</path>
         <kind>archive</kind>
         <file>rts2800_fpu32.lib</file>
         <name>fd_tol28.asm.obj</name>
      </input_file>
      <input_file id="fl-32">
         <path>C:\ti\ccs1040\ccs\tools\compiler\ti-cgt-c2000_20.2.5.LTS\lib\</path>
         <kind>archive</kind>
         <file>rts2800_fpu32.lib</file>
         <name>ll_aox28.asm.obj</name>
      </input_file>
      <input_file id="fl-33">
         <path>C:\ti\ccs1040\ccs\tools\compiler\ti-cgt-c2000_20.2.5.LTS\lib\</path>
         <kind>archive</kind>
         <file>rts2800_fpu32.lib</file>
         <name>ll_cmp28.asm.obj</name>
      </input_file>
      <input_file id="fl-34">
         <path>C:\ti\ccs1040\ccs\tools\compiler\ti-cgt-c2000_20.2.5.LTS\lib\</path>
         <kind>archive</kind>
         <file>rts2800_fpu32.lib</file>
         <name>ll_div28.asm.obj</name>
      </input_file>
      <input_file id="fl-35">
         <path>C:\ti\ccs1040\ccs\tools\compiler\ti-cgt-c2000_20.2.5.LTS\lib\</path>
         <kind>archive</kind>
         <file>rts2800_fpu32.lib</file>
         <name>i_tofd28.asm.obj</name>
      </input_file>
      <input_file id="fl-36">
         <path>C:\ti\ccs1040\ccs\tools\compiler\ti-cgt-c2000_20.2.5.LTS\lib\</path>
         <kind>archive</kind>
         <file>rts2800_fpu32.lib</file>
         <name>l_tofd28.asm.obj</name>
      </input_file>
      <input_file id="fl-37">
         <path>C:\ti\ccs1040\ccs\tools\compiler\ti-cgt-c2000_20.2.5.LTS\lib\</path>
         <kind>archive</kind>
         <file>rts2800_fpu32.lib</file>
         <name>fs_tofdfpu32.asm.obj</name>
      </input_file>
      <input_file id="fl-38">
         <path>C:\ti\ccs1040\ccs\tools\compiler\ti-cgt-c2000_20.2.5.LTS\lib\</path>
         <kind>archive</kind>
         <file>rts2800_fpu32.lib</file>
         <name>fd_div28.asm.obj</name>
      </input_file>
      <input_file id="fl-39">
         <path>C:\ti\ccs1040\ccs\tools\compiler\ti-cgt-c2000_20.2.5.LTS\lib\</path>
         <kind>archive</kind>
         <file>rts2800_fpu32.lib</file>
         <name>cpy_tbl.c.obj</name>
      </input_file>
      <input_file id="fl-3a">
         <path>C:\ti\ccs1040\ccs\tools\compiler\ti-cgt-c2000_20.2.5.LTS\lib\</path>
         <kind>archive</kind>
         <file>rts2800_fpu32.lib</file>
         <name>memcpy.c.obj</name>
      </input_file>
      <input_file id="fl-3b">
         <path>C:\ti\ccs1040\ccs\tools\compiler\ti-cgt-c2000_20.2.5.LTS\lib\</path>
         <kind>archive</kind>
         <file>rts2800_fpu32.lib</file>
         <name>pre_init.c.obj</name>
      </input_file>
      <input_file id="fl-3c">
         <path>C:\ti\ccs1040\ccs\tools\compiler\ti-cgt-c2000_20.2.5.LTS\lib\</path>
         <kind>archive</kind>
         <file>rts2800_fpu32.lib</file>
         <name>startup.c.obj</name>
      </input_file>
      <input_file id="fl-3d">
         <path>C:\ti\ccs1040\ccs\tools\compiler\ti-cgt-c2000_20.2.5.LTS\lib\</path>
         <kind>archive</kind>
         <file>rts2800_fpu32.lib</file>
         <name>exit.c.obj</name>
      </input_file>
      <input_file id="fl-3e">
         <path>C:\ti\ccs1040\ccs\tools\compiler\ti-cgt-c2000_20.2.5.LTS\lib\</path>
         <kind>archive</kind>
         <file>rts2800_fpu32.lib</file>
         <name>_lock.c.obj</name>
      </input_file>
      <input_file id="fl-3f">
         <path>C:\ti\ccs1040\ccs\tools\compiler\ti-cgt-c2000_20.2.5.LTS\lib\</path>
         <kind>archive</kind>
         <file>rts2800_fpu32.lib</file>
         <name>_ltoa.c.obj</name>
      </input_file>
      <input_file id="fl-40">
         <path>C:\ti\ccs1040\ccs\tools\compiler\ti-cgt-c2000_20.2.5.LTS\lib\</path>
         <kind>archive</kind>
         <file>rts2800_fpu32.lib</file>
         <name>args_main.c.obj</name>
      </input_file>
      <input_file id="fl-41">
         <path>C:\ti\ccs1040\ccs\tools\compiler\ti-cgt-c2000_20.2.5.LTS\lib\</path>
         <kind>archive</kind>
         <file>rts2800_fpu32.lib</file>
         <name>atoi.c.obj</name>
      </input_file>
      <input_file id="fl-42">
         <path>C:\ti\ccs1040\ccs\tools\compiler\ti-cgt-c2000_20.2.5.LTS\lib\</path>
         <kind>archive</kind>
         <file>rts2800_fpu32.lib</file>
         <name>ctype.c.obj</name>
      </input_file>
      <input_file id="fl-43">
         <path>C:\ti\ccs1040\ccs\tools\compiler\ti-cgt-c2000_20.2.5.LTS\lib\</path>
         <kind>archive</kind>
         <file>rts2800_fpu32.lib</file>
         <name>defs.c.obj</name>
      </input_file>
      <input_file id="fl-44">
         <path>C:\ti\ccs1040\ccs\tools\compiler\ti-cgt-c2000_20.2.5.LTS\lib\</path>
         <kind>archive</kind>
         <file>rts2800_fpu32.lib</file>
         <name>memccpy.c.obj</name>
      </input_file>
      <input_file id="fl-45">
         <path>C:\ti\ccs1040\ccs\tools\compiler\ti-cgt-c2000_20.2.5.LTS\lib\</path>
         <kind>archive</kind>
         <file>rts2800_fpu32.lib</file>
         <name>memchr.c.obj</name>
      </input_file>
      <input_file id="fl-46">
         <path>C:\ti\ccs1040\ccs\tools\compiler\ti-cgt-c2000_20.2.5.LTS\lib\</path>
         <kind>archive</kind>
         <file>rts2800_fpu32.lib</file>
         <name>memory.c.obj</name>
      </input_file>
      <input_file id="fl-47">
         <path>C:\ti\ccs1040\ccs\tools\compiler\ti-cgt-c2000_20.2.5.LTS\lib\</path>
         <kind>archive</kind>
         <file>rts2800_fpu32.lib</file>
         <name>memset.c.obj</name>
      </input_file>
      <input_file id="fl-48">
         <path>C:\ti\ccs1040\ccs\tools\compiler\ti-cgt-c2000_20.2.5.LTS\lib\</path>
         <kind>archive</kind>
         <file>rts2800_fpu32.lib</file>
         <name>strchr.c.obj</name>
      </input_file>
      <input_file id="fl-49">
         <path>C:\ti\ccs1040\ccs\tools\compiler\ti-cgt-c2000_20.2.5.LTS\lib\</path>
         <kind>archive</kind>
         <file>rts2800_fpu32.lib</file>
         <name>strcpy.c.obj</name>
      </input_file>
      <input_file id="fl-4a">
         <path>C:\ti\ccs1040\ccs\tools\compiler\ti-cgt-c2000_20.2.5.LTS\lib\</path>
         <kind>archive</kind>
         <file>rts2800_fpu32.lib</file>
         <name>strlen.c.obj</name>
      </input_file>
      <input_file id="fl-4b">
         <path>C:\ti\ccs1040\ccs\tools\compiler\ti-cgt-c2000_20.2.5.LTS\lib\</path>
         <kind>archive</kind>
         <file>rts2800_fpu32.lib</file>
         <name>errno.c.obj</name>
      </input_file>
      <input_file id="fl-4c">
         <path>C:\ti\ccs1040\ccs\tools\compiler\ti-cgt-c2000_20.2.5.LTS\lib\</path>
         <kind>archive</kind>
         <file>rts2800_fpu32.lib</file>
         <name>write.c.obj</name>
      </input_file>
      <input_file id="fl-4d">
         <path>C:\ti\ccs1040\ccs\tools\compiler\ti-cgt-c2000_20.2.5.LTS\lib\</path>
         <kind>archive</kind>
         <file>rts2800_fpu32.lib</file>
         <name>host_device.c.obj</name>
      </input_file>
      <input_file id="fl-4e">
         <path>C:\ti\ccs1040\ccs\tools\compiler\ti-cgt-c2000_20.2.5.LTS\lib\</path>
         <kind>archive</kind>
         <file>rts2800_fpu32.lib</file>
         <name>s_copysign.c.obj</name>
      </input_file>
      <input_file id="fl-4f">
         <path>C:\ti\ccs1040\ccs\tools\compiler\ti-cgt-c2000_20.2.5.LTS\lib\</path>
         <kind>archive</kind>
         <file>rts2800_fpu32.lib</file>
         <name>wcslen.c.obj</name>
      </input_file>
      <input_file id="fl-50">
         <path>C:\ti\ccs1040\ccs\tools\compiler\ti-cgt-c2000_20.2.5.LTS\lib\</path>
         <kind>archive</kind>
         <file>rts2800_fpu32.lib</file>
         <name>fflush.c.obj</name>
      </input_file>
      <input_file id="fl-51">
         <path>C:\ti\ccs1040\ccs\tools\compiler\ti-cgt-c2000_20.2.5.LTS\lib\</path>
         <kind>archive</kind>
         <file>rts2800_fpu32.lib</file>
         <name>fopen.c.obj</name>
      </input_file>
      <input_file id="fl-52">
         <path>C:\ti\ccs1040\ccs\tools\compiler\ti-cgt-c2000_20.2.5.LTS\lib\</path>
         <kind>archive</kind>
         <file>rts2800_fpu32.lib</file>
         <name>fseek.c.obj</name>
      </input_file>
      <input_file id="fl-53">
         <path>C:\ti\ccs1040\ccs\tools\compiler\ti-cgt-c2000_20.2.5.LTS\lib\</path>
         <kind>archive</kind>
         <file>rts2800_fpu32.lib</file>
         <name>l_div28.asm.obj</name>
      </input_file>
      <input_file id="fl-54">
         <path>C:\ti\ccs1040\ccs\tools\compiler\ti-cgt-c2000_20.2.5.LTS\lib\</path>
         <kind>archive</kind>
         <file>rts2800_fpu32.lib</file>
         <name>hostclose.c.obj</name>
      </input_file>
      <input_file id="fl-55">
         <path>C:\ti\ccs1040\ccs\tools\compiler\ti-cgt-c2000_20.2.5.LTS\lib\</path>
         <kind>archive</kind>
         <file>rts2800_fpu32.lib</file>
         <name>hostlseek.c.obj</name>
      </input_file>
      <input_file id="fl-56">
         <path>C:\ti\ccs1040\ccs\tools\compiler\ti-cgt-c2000_20.2.5.LTS\lib\</path>
         <kind>archive</kind>
         <file>rts2800_fpu32.lib</file>
         <name>hostopen.c.obj</name>
      </input_file>
      <input_file id="fl-57">
         <path>C:\ti\ccs1040\ccs\tools\compiler\ti-cgt-c2000_20.2.5.LTS\lib\</path>
         <kind>archive</kind>
         <file>rts2800_fpu32.lib</file>
         <name>hostread.c.obj</name>
      </input_file>
      <input_file id="fl-58">
         <path>C:\ti\ccs1040\ccs\tools\compiler\ti-cgt-c2000_20.2.5.LTS\lib\</path>
         <kind>archive</kind>
         <file>rts2800_fpu32.lib</file>
         <name>hostrename.c.obj</name>
      </input_file>
      <input_file id="fl-59">
         <path>C:\ti\ccs1040\ccs\tools\compiler\ti-cgt-c2000_20.2.5.LTS\lib\</path>
         <kind>archive</kind>
         <file>rts2800_fpu32.lib</file>
         <name>hostunlink.c.obj</name>
      </input_file>
      <input_file id="fl-5a">
         <path>C:\ti\ccs1040\ccs\tools\compiler\ti-cgt-c2000_20.2.5.LTS\lib\</path>
         <kind>archive</kind>
         <file>rts2800_fpu32.lib</file>
         <name>hostwrite.c.obj</name>
      </input_file>
      <input_file id="fl-5b">
         <path>C:\ti\ccs1040\ccs\tools\compiler\ti-cgt-c2000_20.2.5.LTS\lib\</path>
         <kind>archive</kind>
         <file>rts2800_fpu32.lib</file>
         <name>trgmsg.c.obj</name>
      </input_file>
      <input_file id="fl-5c">
         <path>C:\ti\ccs1040\ccs\tools\compiler\ti-cgt-c2000_20.2.5.LTS\lib\</path>
         <kind>archive</kind>
         <file>rts2800_fpu32.lib</file>
         <name>open.c.obj</name>
      </input_file>
      <input_file id="fl-5d">
         <path>C:\ti\ccs1040\ccs\tools\compiler\ti-cgt-c2000_20.2.5.LTS\lib\</path>
         <kind>archive</kind>
         <file>rts2800_fpu32.lib</file>
         <name>lseek.c.obj</name>
      </input_file>
      <input_file id="fl-5e">
         <path>C:\ti\ccs1040\ccs\tools\compiler\ti-cgt-c2000_20.2.5.LTS\lib\</path>
         <kind>archive</kind>
         <file>rts2800_fpu32.lib</file>
         <name>fclose.c.obj</name>
      </input_file>
      <input_file id="fl-5f">
         <path>C:\ti\ccs1040\ccs\tools\compiler\ti-cgt-c2000_20.2.5.LTS\lib\</path>
         <kind>archive</kind>
         <file>rts2800_fpu32.lib</file>
         <name>getdevice.c.obj</name>
      </input_file>
      <input_file id="fl-60">
         <path>C:\ti\ccs1040\ccs\tools\compiler\ti-cgt-c2000_20.2.5.LTS\lib\</path>
         <kind>archive</kind>
         <file>rts2800_fpu32.lib</file>
         <name>strcmp.c.obj</name>
      </input_file>
      <input_file id="fl-61">
         <path>C:\ti\ccs1040\ccs\tools\compiler\ti-cgt-c2000_20.2.5.LTS\lib\</path>
         <kind>archive</kind>
         <file>rts2800_fpu32.lib</file>
         <name>strncpy.c.obj</name>
      </input_file>
      <input_file id="fl-62">
         <path>C:\ti\ccs1040\ccs\tools\compiler\ti-cgt-c2000_20.2.5.LTS\lib\</path>
         <kind>archive</kind>
         <file>rts2800_fpu32.lib</file>
         <name>remove.c.obj</name>
      </input_file>
      <input_file id="fl-63">
         <path>C:\ti\ccs1040\ccs\tools\compiler\ti-cgt-c2000_20.2.5.LTS\lib\</path>
         <kind>archive</kind>
         <file>rts2800_fpu32.lib</file>
         <name>close.c.obj</name>
      </input_file>
      <input_file id="fl-64">
         <path>C:\ti\ccs1040\ccs\tools\compiler\ti-cgt-c2000_20.2.5.LTS\lib\</path>
         <kind>archive</kind>
         <file>rts2800_fpu32.lib</file>
         <name>unlink.c.obj</name>
      </input_file>
   </input_file_list>
   <object_component_list>
      <object_component id="oc-98">
         <name>codestart</name>
         <load_address>0x80000</load_address>
         <run_address>0x80000</run_address>
         <size>0x2</size>
         <input_file_ref idref="fl-7"/>
      </object_component>
      <object_component id="oc-2a3">
         <name>.text</name>
         <load_address>0x82000</load_address>
         <run_address>0x82000</run_address>
         <size>0xce4</size>
         <input_file_ref idref="fl-23"/>
      </object_component>
      <object_component id="oc-299">
         <name>.text</name>
         <load_address>0x82ce4</load_address>
         <run_address>0x82ce4</run_address>
         <size>0x2c6</size>
         <input_file_ref idref="fl-10"/>
      </object_component>
      <object_component id="oc-7d">
         <name>.text</name>
         <load_address>0x82faa</load_address>
         <run_address>0x82faa</run_address>
         <size>0x56</size>
         <input_file_ref idref="fl-2a"/>
      </object_component>
      <object_component id="oc-a4">
         <name>.text:retain</name>
         <load_address>0x83000</load_address>
         <run_address>0x83000</run_address>
         <size>0x4b6</size>
         <input_file_ref idref="fl-9"/>
      </object_component>
      <object_component id="oc-2c1">
         <name>.text</name>
         <load_address>0x834b6</load_address>
         <run_address>0x834b6</run_address>
         <size>0x28c</size>
         <input_file_ref idref="fl-46"/>
      </object_component>
      <object_component id="oc-29c">
         <name>.text</name>
         <load_address>0x83742</load_address>
         <run_address>0x83742</run_address>
         <size>0x205</size>
         <input_file_ref idref="fl-c"/>
      </object_component>
      <object_component id="oc-28f">
         <name>.text</name>
         <load_address>0x83947</load_address>
         <run_address>0x83947</run_address>
         <size>0x1f8</size>
         <input_file_ref idref="fl-5"/>
      </object_component>
      <object_component id="oc-2c2">
         <name>.text</name>
         <load_address>0x83b3f</load_address>
         <run_address>0x83b3f</run_address>
         <size>0x121</size>
         <input_file_ref idref="fl-51"/>
      </object_component>
      <object_component id="oc-29a">
         <name>.text</name>
         <load_address>0x83c60</load_address>
         <run_address>0x83c60</run_address>
         <size>0x114</size>
         <input_file_ref idref="fl-4"/>
      </object_component>
      <object_component id="oc-193">
         <name>.text</name>
         <load_address>0x83d74</load_address>
         <run_address>0x83d74</run_address>
         <size>0x107</size>
         <input_file_ref idref="fl-34"/>
      </object_component>
      <object_component id="oc-8d">
         <name>.text:retain</name>
         <load_address>0x83e7b</load_address>
         <run_address>0x83e7b</run_address>
         <size>0xf1</size>
         <input_file_ref idref="fl-5"/>
      </object_component>
      <object_component id="oc-1a7">
         <name>.text</name>
         <load_address>0x83f6c</load_address>
         <run_address>0x83f6c</run_address>
         <size>0x8b</size>
         <input_file_ref idref="fl-38"/>
      </object_component>
      <object_component id="oc-2a4">
         <name>.text</name>
         <load_address>0x83ff7</load_address>
         <run_address>0x83ff7</run_address>
         <size>0x9</size>
         <input_file_ref idref="fl-3e"/>
      </object_component>
      <object_component id="oc-29b">
         <name>.text</name>
         <load_address>0x85000</load_address>
         <run_address>0x85000</run_address>
         <size>0xc8</size>
         <input_file_ref idref="fl-2"/>
      </object_component>
      <object_component id="oc-2b3">
         <name>.text</name>
         <load_address>0x850c8</load_address>
         <run_address>0x850c8</run_address>
         <size>0xae</size>
         <input_file_ref idref="fl-29"/>
      </object_component>
      <object_component id="oc-29e">
         <name>.text</name>
         <load_address>0x85176</load_address>
         <run_address>0x85176</run_address>
         <size>0xa8</size>
         <input_file_ref idref="fl-25"/>
      </object_component>
      <object_component id="oc-166">
         <name>.text</name>
         <load_address>0x8521e</load_address>
         <run_address>0x8521e</run_address>
         <size>0x9c</size>
         <input_file_ref idref="fl-2b"/>
      </object_component>
      <object_component id="oc-2d3">
         <name>.text</name>
         <load_address>0x852ba</load_address>
         <run_address>0x852ba</run_address>
         <size>0x95</size>
         <input_file_ref idref="fl-5b"/>
      </object_component>
      <object_component id="oc-170">
         <name>.text</name>
         <load_address>0x8534f</load_address>
         <run_address>0x8534f</run_address>
         <size>0x83</size>
         <input_file_ref idref="fl-2d"/>
      </object_component>
      <object_component id="oc-2bb">
         <name>.text</name>
         <load_address>0x853d2</load_address>
         <run_address>0x853d2</run_address>
         <size>0x7d</size>
         <input_file_ref idref="fl-27"/>
      </object_component>
      <object_component id="oc-2aa">
         <name>.text</name>
         <load_address>0x8544f</load_address>
         <run_address>0x8544f</run_address>
         <size>0x7b</size>
         <input_file_ref idref="fl-8"/>
      </object_component>
      <object_component id="oc-2ac">
         <name>.text</name>
         <load_address>0x854ca</load_address>
         <run_address>0x854ca</run_address>
         <size>0x73</size>
         <input_file_ref idref="fl-50"/>
      </object_component>
      <object_component id="oc-2c5">
         <name>.text</name>
         <load_address>0x8553d</load_address>
         <run_address>0x8553d</run_address>
         <size>0x71</size>
         <input_file_ref idref="fl-5c"/>
      </object_component>
      <object_component id="oc-2a9">
         <name>.text</name>
         <load_address>0x855ae</load_address>
         <run_address>0x855ae</run_address>
         <size>0x68</size>
         <input_file_ref idref="fl-6"/>
      </object_component>
      <object_component id="oc-2ab">
         <name>.text</name>
         <load_address>0x85616</load_address>
         <run_address>0x85616</run_address>
         <size>0x67</size>
         <input_file_ref idref="fl-26"/>
      </object_component>
      <object_component id="oc-2c6">
         <name>.text</name>
         <load_address>0x8567d</load_address>
         <run_address>0x8567d</run_address>
         <size>0x5d</size>
         <input_file_ref idref="fl-5e"/>
      </object_component>
      <object_component id="oc-2cb">
         <name>.text</name>
         <load_address>0x856da</load_address>
         <run_address>0x856da</run_address>
         <size>0x5b</size>
         <input_file_ref idref="fl-55"/>
      </object_component>
      <object_component id="oc-2b2">
         <name>.text</name>
         <load_address>0x85735</load_address>
         <run_address>0x85735</run_address>
         <size>0x5a</size>
         <input_file_ref idref="fl-28"/>
      </object_component>
      <object_component id="oc-29d">
         <name>.text</name>
         <load_address>0x8578f</load_address>
         <run_address>0x8578f</run_address>
         <size>0x53</size>
         <input_file_ref idref="fl-24"/>
      </object_component>
      <object_component id="oc-2ce">
         <name>.text</name>
         <load_address>0x857e2</load_address>
         <run_address>0x857e2</run_address>
         <size>0x51</size>
         <input_file_ref idref="fl-5f"/>
      </object_component>
      <object_component id="oc-2a8">
         <name>.text</name>
         <load_address>0x85833</load_address>
         <run_address>0x85833</run_address>
         <size>0x4e</size>
         <input_file_ref idref="fl-f"/>
      </object_component>
      <object_component id="oc-2cd">
         <name>.text</name>
         <load_address>0x85881</load_address>
         <run_address>0x85881</run_address>
         <size>0x3e</size>
         <input_file_ref idref="fl-58"/>
      </object_component>
      <object_component id="oc-2ba">
         <name>.text</name>
         <load_address>0x858bf</load_address>
         <run_address>0x858bf</run_address>
         <size>0x3d</size>
         <input_file_ref idref="fl-52"/>
      </object_component>
      <object_component id="oc-2c7">
         <name>.text</name>
         <load_address>0x858fc</load_address>
         <run_address>0x858fc</run_address>
         <size>0x3c</size>
         <input_file_ref idref="fl-56"/>
      </object_component>
      <object_component id="oc-2ca">
         <name>.text</name>
         <load_address>0x85938</load_address>
         <run_address>0x85938</run_address>
         <size>0x39</size>
         <input_file_ref idref="fl-5a"/>
      </object_component>
      <object_component id="oc-2c9">
         <name>.text</name>
         <load_address>0x85971</load_address>
         <run_address>0x85971</run_address>
         <size>0x38</size>
         <input_file_ref idref="fl-57"/>
      </object_component>
      <object_component id="oc-291">
         <name>.text</name>
         <load_address>0x859a9</load_address>
         <run_address>0x859a9</run_address>
         <size>0x34</size>
         <input_file_ref idref="fl-22"/>
      </object_component>
      <object_component id="oc-2cf">
         <name>.text</name>
         <load_address>0x859dd</load_address>
         <run_address>0x859dd</run_address>
         <size>0x33</size>
         <input_file_ref idref="fl-63"/>
      </object_component>
      <object_component id="oc-2b0">
         <name>.text</name>
         <load_address>0x85a10</load_address>
         <run_address>0x85a10</run_address>
         <size>0x31</size>
         <input_file_ref idref="fl-41"/>
      </object_component>
      <object_component id="oc-2b1">
         <name>.text</name>
         <load_address>0x85a41</load_address>
         <run_address>0x85a41</run_address>
         <size>0x30</size>
         <input_file_ref idref="fl-3f"/>
      </object_component>
      <object_component id="oc-16b">
         <name>.text</name>
         <load_address>0x85a71</load_address>
         <run_address>0x85a71</run_address>
         <size>0x2a</size>
         <input_file_ref idref="fl-2c"/>
      </object_component>
      <object_component id="oc-22d">
         <name>.text</name>
         <load_address>0x85a9b</load_address>
         <run_address>0x85a9b</run_address>
         <size>0x2a</size>
         <input_file_ref idref="fl-53"/>
      </object_component>
      <object_component id="oc-28e">
         <name>.text</name>
         <load_address>0x85ac5</load_address>
         <run_address>0x85ac5</run_address>
         <size>0x29</size>
         <input_file_ref idref="fl-3d"/>
      </object_component>
      <object_component id="oc-2c8">
         <name>.text</name>
         <load_address>0x85aee</load_address>
         <run_address>0x85aee</run_address>
         <size>0x29</size>
         <input_file_ref idref="fl-54"/>
      </object_component>
      <object_component id="oc-2a6">
         <name>.text</name>
         <load_address>0x85b17</load_address>
         <run_address>0x85b17</run_address>
         <size>0x28</size>
         <input_file_ref idref="fl-d"/>
      </object_component>
      <object_component id="oc-2a7">
         <name>.text</name>
         <load_address>0x85b3f</load_address>
         <run_address>0x85b3f</run_address>
         <size>0x26</size>
         <input_file_ref idref="fl-e"/>
      </object_component>
      <object_component id="oc-2bf">
         <name>.text</name>
         <load_address>0x85b65</load_address>
         <run_address>0x85b65</run_address>
         <size>0x25</size>
         <input_file_ref idref="fl-4e"/>
      </object_component>
      <object_component id="oc-28b">
         <name>.text</name>
         <load_address>0x85b8a</load_address>
         <run_address>0x85b8a</run_address>
         <size>0x24</size>
         <input_file_ref idref="fl-39"/>
      </object_component>
      <object_component id="oc-2cc">
         <name>.text</name>
         <load_address>0x85bae</load_address>
         <run_address>0x85bae</run_address>
         <size>0x24</size>
         <input_file_ref idref="fl-59"/>
      </object_component>
      <object_component id="oc-17f">
         <name>.text</name>
         <load_address>0x85bd2</load_address>
         <run_address>0x85bd2</run_address>
         <size>0x21</size>
         <input_file_ref idref="fl-30"/>
      </object_component>
      <object_component id="oc-184">
         <name>.text</name>
         <load_address>0x85bf3</load_address>
         <run_address>0x85bf3</run_address>
         <size>0x1f</size>
         <input_file_ref idref="fl-31"/>
      </object_component>
      <object_component id="oc-18e">
         <name>.text</name>
         <load_address>0x85c12</load_address>
         <run_address>0x85c12</run_address>
         <size>0x1e</size>
         <input_file_ref idref="fl-33"/>
      </object_component>
      <object_component id="oc-198">
         <name>.text</name>
         <load_address>0x85c30</load_address>
         <run_address>0x85c30</run_address>
         <size>0x1d</size>
         <input_file_ref idref="fl-35"/>
      </object_component>
      <object_component id="oc-296">
         <name>.text</name>
         <load_address>0x85c4d</load_address>
         <run_address>0x85c4d</run_address>
         <size>0x1d</size>
         <input_file_ref idref="fl-3a"/>
      </object_component>
      <object_component id="oc-1a2">
         <name>.text</name>
         <load_address>0x85c6a</load_address>
         <run_address>0x85c6a</run_address>
         <size>0x1c</size>
         <input_file_ref idref="fl-37"/>
      </object_component>
      <object_component id="oc-19d">
         <name>.text</name>
         <load_address>0x85c86</load_address>
         <run_address>0x85c86</run_address>
         <size>0x1c</size>
         <input_file_ref idref="fl-36"/>
      </object_component>
      <object_component id="oc-2d6">
         <name>.text</name>
         <load_address>0x85ca2</load_address>
         <run_address>0x85ca2</run_address>
         <size>0x19</size>
         <input_file_ref idref="fl-64"/>
      </object_component>
      <object_component id="oc-2ad">
         <name>.text</name>
         <load_address>0x85cbb</load_address>
         <run_address>0x85cbb</run_address>
         <size>0x19</size>
         <input_file_ref idref="fl-4c"/>
      </object_component>
      <object_component id="oc-189">
         <name>.text</name>
         <load_address>0x85cd4</load_address>
         <run_address>0x85cd4</run_address>
         <size>0x18</size>
         <input_file_ref idref="fl-32"/>
      </object_component>
      <object_component id="oc-2c0">
         <name>.text</name>
         <load_address>0x85cec</load_address>
         <run_address>0x85cec</run_address>
         <size>0x18</size>
         <input_file_ref idref="fl-5d"/>
      </object_component>
      <object_component id="oc-2d5">
         <name>.text</name>
         <load_address>0x85d04</load_address>
         <run_address>0x85d04</run_address>
         <size>0x15</size>
         <input_file_ref idref="fl-61"/>
      </object_component>
      <object_component id="oc-28d">
         <name>.text</name>
         <load_address>0x85d19</load_address>
         <run_address>0x85d19</run_address>
         <size>0x12</size>
         <input_file_ref idref="fl-40"/>
      </object_component>
      <object_component id="oc-2b7">
         <name>.text</name>
         <load_address>0x85d2b</load_address>
         <run_address>0x85d2b</run_address>
         <size>0x10</size>
         <input_file_ref idref="fl-44"/>
      </object_component>
      <object_component id="oc-17a">
         <name>.text</name>
         <load_address>0x85d3b</load_address>
         <run_address>0x85d3b</run_address>
         <size>0xe</size>
         <input_file_ref idref="fl-2f"/>
      </object_component>
      <object_component id="oc-2af">
         <name>.text</name>
         <load_address>0x85d49</load_address>
         <run_address>0x85d49</run_address>
         <size>0xd</size>
         <input_file_ref idref="fl-45"/>
      </object_component>
      <object_component id="oc-2b4">
         <name>.text</name>
         <load_address>0x85d56</load_address>
         <run_address>0x85d56</run_address>
         <size>0xc</size>
         <input_file_ref idref="fl-48"/>
      </object_component>
      <object_component id="oc-2d4">
         <name>.text</name>
         <load_address>0x85d62</load_address>
         <run_address>0x85d62</run_address>
         <size>0xa</size>
         <input_file_ref idref="fl-60"/>
      </object_component>
      <object_component id="oc-175">
         <name>.text</name>
         <load_address>0x85d6c</load_address>
         <run_address>0x85d6c</run_address>
         <size>0x9</size>
         <input_file_ref idref="fl-2e"/>
      </object_component>
      <object_component id="oc-2b8">
         <name>.text</name>
         <load_address>0x85d75</load_address>
         <run_address>0x85d75</run_address>
         <size>0x9</size>
         <input_file_ref idref="fl-4f"/>
      </object_component>
      <object_component id="oc-2ae">
         <name>.text</name>
         <load_address>0x85d7e</load_address>
         <run_address>0x85d7e</run_address>
         <size>0x8</size>
         <input_file_ref idref="fl-4a"/>
      </object_component>
      <object_component id="oc-2b5">
         <name>.text</name>
         <load_address>0x85d86</load_address>
         <run_address>0x85d86</run_address>
         <size>0x7</size>
         <input_file_ref idref="fl-47"/>
      </object_component>
      <object_component id="oc-2b6">
         <name>.text</name>
         <load_address>0x85d8d</load_address>
         <run_address>0x85d8d</run_address>
         <size>0x5</size>
         <input_file_ref idref="fl-49"/>
      </object_component>
      <object_component id="oc-2d1">
         <name>.text</name>
         <load_address>0x85d92</load_address>
         <run_address>0x85d92</run_address>
         <size>0x3</size>
         <input_file_ref idref="fl-62"/>
      </object_component>
      <object_component id="oc-28a">
         <name>.text</name>
         <load_address>0x85d95</load_address>
         <run_address>0x85d95</run_address>
         <size>0x2</size>
         <input_file_ref idref="fl-3b"/>
      </object_component>
      <object_component id="oc-28c">
         <name>.text</name>
         <load_address>0x85d97</load_address>
         <run_address>0x85d97</run_address>
         <size>0x1</size>
         <input_file_ref idref="fl-3c"/>
      </object_component>
      <object_component id="oc-8b">
         <name>.cinit</name>
         <load_address>0x81000</load_address>
         <run_address>0x81000</run_address>
         <size>0x3b</size>
         <input_file_ref idref="fl-5"/>
      </object_component>
      <object_component id="oc-2a0">
         <name>.cinit:__ftable</name>
         <load_address>0x8103b</load_address>
         <run_address>0x8103b</run_address>
         <size>0x26</size>
         <input_file_ref idref="fl-43"/>
      </object_component>
      <object_component id="oc-2c4">
         <name>.cinit:__device</name>
         <load_address>0x81061</load_address>
         <run_address>0x81061</run_address>
         <size>0x1b</size>
         <input_file_ref idref="fl-4d"/>
      </object_component>
      <object_component id="oc-2bd">
         <name>.cinit:__stream</name>
         <load_address>0x8107c</load_address>
         <run_address>0x8107c</run_address>
         <size>0xe</size>
         <input_file_ref idref="fl-4d"/>
      </object_component>
      <object_component id="oc-1c1">
         <name>.cinit</name>
         <load_address>0x8108a</load_address>
         <run_address>0x8108a</run_address>
         <size>0xe</size>
         <input_file_ref idref="fl-3d"/>
      </object_component>
      <object_component id="oc-298">
         <name>.cinit:__lock</name>
         <load_address>0x81098</load_address>
         <run_address>0x81098</run_address>
         <size>0x5</size>
         <input_file_ref idref="fl-3e"/>
      </object_component>
      <object_component id="oc-2a2">
         <name>.cinit:__unlock</name>
         <load_address>0x8109d</load_address>
         <run_address>0x8109d</run_address>
         <size>0x5</size>
         <input_file_ref idref="fl-3e"/>
      </object_component>
      <object_component id="oc-1de">
         <name>.cinit</name>
         <load_address>0x810a2</load_address>
         <run_address>0x810a2</run_address>
         <size>0x4</size>
         <input_file_ref idref="fl-43"/>
      </object_component>
      <object_component id="oc-208">
         <name>.cinit</name>
         <load_address>0x810a6</load_address>
         <run_address>0x810a6</run_address>
         <size>0x4</size>
         <input_file_ref idref="fl-4b"/>
      </object_component>
      <object_component id="oc-222">
         <name>.cinit</name>
         <load_address>0x810aa</load_address>
         <run_address>0x810aa</run_address>
         <size>0x4</size>
         <input_file_ref idref="fl-51"/>
      </object_component>
      <object_component id="oc-1ec">
         <name>.cinit</name>
         <load_address>0x810ae</load_address>
         <run_address>0x810ae</run_address>
         <size>0x4</size>
         <input_file_ref idref="fl-46"/>
      </object_component>
      <object_component id="oc-25c">
         <name>.cinit</name>
         <load_address>0x810b2</load_address>
         <run_address>0x810b2</run_address>
         <size>0x4</size>
         <input_file_ref idref="fl-5c"/>
      </object_component>
      <object_component id="oc-161">
         <name>.reset</name>
         <load_address>0x3fffc0</load_address>
         <run_address>0x3fffc0</run_address>
         <size>0x2</size>
         <input_file_ref idref="fl-2a"/>
      </object_component>
      <object_component id="oc-160">
         <name>.stack</name>
         <uninitialized>true</uninitialized>
         <run_address>0x400</run_address>
         <size>0x0</size>
         <input_file_ref idref="fl-2a"/>
      </object_component>
      <object_component id="oc-35b">
         <name>.stack</name>
         <uninitialized>true</uninitialized>
         <run_address>0x400</run_address>
         <size>0x0</size>
      </object_component>
      <object_component id="oc-8c">
         <name>.ebss</name>
         <uninitialized>true</uninitialized>
         <run_address>0xaf40</run_address>
         <size>0x16</size>
         <input_file_ref idref="fl-5"/>
      </object_component>
      <object_component id="oc-293">
         <name>.ebss:_maArray1</name>
         <uninitialized>true</uninitialized>
         <run_address>0xadb8</run_address>
         <size>0x8</size>
         <input_file_ref idref="fl-5"/>
      </object_component>
      <object_component id="oc-294">
         <name>.ebss:_maArray2</name>
         <uninitialized>true</uninitialized>
         <run_address>0xae38</run_address>
         <size>0x8</size>
         <input_file_ref idref="fl-5"/>
      </object_component>
      <object_component id="oc-295">
         <name>.ebss:_maArray3</name>
         <uninitialized>true</uninitialized>
         <run_address>0xaeb0</run_address>
         <size>0x8</size>
         <input_file_ref idref="fl-5"/>
      </object_component>
      <object_component id="oc-290">
         <name>.ebss:_recvTemp</name>
         <uninitialized>true</uninitialized>
         <run_address>0xaf00</run_address>
         <size>0x40</size>
         <input_file_ref idref="fl-5"/>
      </object_component>
      <object_component id="oc-292">
         <name>.ebss:_recvData</name>
         <uninitialized>true</uninitialized>
         <run_address>0xaec0</run_address>
         <size>0x40</size>
         <input_file_ref idref="fl-5"/>
      </object_component>
      <object_component id="oc-9e">
         <name>.ebss</name>
         <uninitialized>true</uninitialized>
         <run_address>0xada0</run_address>
         <size>0x18</size>
         <input_file_ref idref="fl-8"/>
      </object_component>
      <object_component id="oc-1c2">
         <name>.ebss</name>
         <uninitialized>true</uninitialized>
         <run_address>0xaf56</run_address>
         <size>0x6</size>
         <input_file_ref idref="fl-3d"/>
      </object_component>
      <object_component id="oc-297">
         <name>.ebss:__lock</name>
         <uninitialized>true</uninitialized>
         <run_address>0xaf60</run_address>
         <size>0x2</size>
         <input_file_ref idref="fl-3e"/>
      </object_component>
      <object_component id="oc-2a1">
         <name>.ebss:__unlock</name>
         <uninitialized>true</uninitialized>
         <run_address>0xaf62</run_address>
         <size>0x2</size>
         <input_file_ref idref="fl-3e"/>
      </object_component>
      <object_component id="oc-1df">
         <name>.ebss</name>
         <uninitialized>true</uninitialized>
         <run_address>0xaf64</run_address>
         <size>0x1</size>
         <input_file_ref idref="fl-43"/>
      </object_component>
      <object_component id="oc-29f">
         <name>.ebss:__ftable</name>
         <uninitialized>true</uninitialized>
         <run_address>0xadc0</run_address>
         <size>0x78</size>
         <input_file_ref idref="fl-43"/>
      </object_component>
      <object_component id="oc-2d0">
         <name>.ebss:___TI_tmpnams</name>
         <uninitialized>true</uninitialized>
         <run_address>0xad00</run_address>
         <size>0xa0</size>
         <input_file_ref idref="fl-43"/>
      </object_component>
      <object_component id="oc-1ed">
         <name>.ebss</name>
         <uninitialized>true</uninitialized>
         <run_address>0xaf5c</run_address>
         <size>0x4</size>
         <input_file_ref idref="fl-46"/>
      </object_component>
      <object_component id="oc-209">
         <name>.ebss</name>
         <uninitialized>true</uninitialized>
         <run_address>0xaf65</run_address>
         <size>0x1</size>
         <input_file_ref idref="fl-4b"/>
      </object_component>
      <object_component id="oc-2bc">
         <name>.ebss:__stream</name>
         <uninitialized>true</uninitialized>
         <run_address>0xae88</run_address>
         <size>0x28</size>
         <input_file_ref idref="fl-4d"/>
      </object_component>
      <object_component id="oc-2c3">
         <name>.ebss:__device</name>
         <uninitialized>true</uninitialized>
         <run_address>0xae40</run_address>
         <size>0x48</size>
         <input_file_ref idref="fl-4d"/>
      </object_component>
      <object_component id="oc-223">
         <name>.ebss</name>
         <uninitialized>true</uninitialized>
         <run_address>0xaf66</run_address>
         <size>0x1</size>
         <input_file_ref idref="fl-51"/>
      </object_component>
      <object_component id="oc-2d2">
         <name>.ebss:_parmbuf</name>
         <uninitialized>true</uninitialized>
         <run_address>0xaeb8</run_address>
         <size>0x8</size>
         <input_file_ref idref="fl-56"/>
      </object_component>
      <object_component id="oc-25d">
         <name>.ebss</name>
         <uninitialized>true</uninitialized>
         <run_address>0xaf67</run_address>
         <size>0x1</size>
         <input_file_ref idref="fl-5c"/>
      </object_component>
      <object_component id="oc-1ee">
         <name>.esysmem</name>
         <uninitialized>true</uninitialized>
         <run_address>0xa800</run_address>
         <size>0x4</size>
         <input_file_ref idref="fl-46"/>
      </object_component>
      <object_component id="oc-35c">
         <name>.esysmem</name>
         <uninitialized>true</uninitialized>
         <run_address>0xa800</run_address>
         <size>0x0</size>
      </object_component>
      <object_component id="oc-256">
         <name>.cio</name>
         <uninitialized>true</uninitialized>
         <run_address>0x8000</run_address>
         <size>0x120</size>
         <input_file_ref idref="fl-5b"/>
      </object_component>
      <object_component id="oc-2b9">
         <name>.econst:_PieVectTableInit</name>
         <load_address>0x84000</load_address>
         <run_address>0x84000</run_address>
         <size>0x1c0</size>
         <input_file_ref idref="fl-e"/>
      </object_component>
      <object_component id="oc-2be">
         <name>.econst:.string:__ctypes_</name>
         <load_address>0x841c0</load_address>
         <run_address>0x841c0</run_address>
         <size>0x101</size>
         <input_file_ref idref="fl-42"/>
      </object_component>
      <object_component id="oc-13a">
         <name>.econst:.string</name>
         <load_address>0x842c2</load_address>
         <run_address>0x842c2</run_address>
         <size>0x26</size>
         <input_file_ref idref="fl-23"/>
      </object_component>
      <object_component id="oc-139">
         <name>.econst</name>
         <load_address>0x842e8</load_address>
         <run_address>0x842e8</run_address>
         <size>0x1c</size>
         <input_file_ref idref="fl-23"/>
      </object_component>
      <object_component id="oc-15b">
         <name>.econst</name>
         <load_address>0x84304</load_address>
         <run_address>0x84304</run_address>
         <size>0x1c</size>
         <input_file_ref idref="fl-29"/>
      </object_component>
      <object_component id="oc-8e">
         <name>.econst:.string</name>
         <load_address>0x84320</load_address>
         <run_address>0x84320</run_address>
         <size>0x16</size>
         <input_file_ref idref="fl-5"/>
      </object_component>
      <object_component id="oc-155">
         <name>.econst</name>
         <load_address>0x84336</load_address>
         <run_address>0x84336</run_address>
         <size>0x8</size>
         <input_file_ref idref="fl-28"/>
      </object_component>
      <object_component id="oc-145">
         <name>.econst:.string</name>
         <load_address>0x8433e</load_address>
         <run_address>0x8433e</run_address>
         <size>0x2</size>
         <input_file_ref idref="fl-25"/>
      </object_component>
      <object_component id="oc-2a5">
         <name>.TI.ramfunc</name>
         <load_address>0x810b8</load_address>
         <run_address>0x8120</run_address>
         <size>0x48</size>
         <input_file_ref idref="fl-10"/>
      </object_component>
      <object_component id="oc-12e">
         <name>.TI.ramfunc</name>
         <load_address>0x81100</load_address>
         <run_address>0x8168</run_address>
         <size>0x4</size>
         <input_file_ref idref="fl-11"/>
      </object_component>
      <object_component id="oc-111">
         <name>PieVectTableFile</name>
         <uninitialized>true</uninitialized>
         <run_address>0xd00</run_address>
         <size>0x1c0</size>
         <input_file_ref idref="fl-b"/>
      </object_component>
      <object_component id="oc-d2">
         <name>AdcaResultFile</name>
         <uninitialized>true</uninitialized>
         <run_address>0xb00</run_address>
         <size>0x18</size>
         <input_file_ref idref="fl-b"/>
      </object_component>
      <object_component id="oc-d3">
         <name>AdcbResultFile</name>
         <uninitialized>true</uninitialized>
         <run_address>0xb20</run_address>
         <size>0x18</size>
         <input_file_ref idref="fl-b"/>
      </object_component>
      <object_component id="oc-d4">
         <name>AdccResultFile</name>
         <uninitialized>true</uninitialized>
         <run_address>0xb40</run_address>
         <size>0x18</size>
         <input_file_ref idref="fl-b"/>
      </object_component>
      <object_component id="oc-fc">
         <name>AdcaRegsFile</name>
         <uninitialized>true</uninitialized>
         <run_address>0x7400</run_address>
         <size>0x76</size>
         <input_file_ref idref="fl-b"/>
      </object_component>
      <object_component id="oc-fd">
         <name>AdcbRegsFile</name>
         <uninitialized>true</uninitialized>
         <run_address>0x7480</run_address>
         <size>0x76</size>
         <input_file_ref idref="fl-b"/>
      </object_component>
      <object_component id="oc-fe">
         <name>AdccRegsFile</name>
         <uninitialized>true</uninitialized>
         <run_address>0x7500</run_address>
         <size>0x76</size>
         <input_file_ref idref="fl-b"/>
      </object_component>
      <object_component id="oc-101">
         <name>AnalogSubsysRegsFile</name>
         <uninitialized>true</uninitialized>
         <run_address>0x5d700</run_address>
         <size>0x90</size>
         <input_file_ref idref="fl-b"/>
      </object_component>
      <object_component id="oc-10e">
         <name>CanaRegsFile</name>
         <uninitialized>true</uninitialized>
         <run_address>0x48000</run_address>
         <size>0x164</size>
         <input_file_ref idref="fl-b"/>
      </object_component>
      <object_component id="oc-10f">
         <name>CanbRegsFile</name>
         <uninitialized>true</uninitialized>
         <run_address>0x4a000</run_address>
         <size>0x164</size>
         <input_file_ref idref="fl-b"/>
      </object_component>
      <object_component id="oc-f8">
         <name>Cla1RegsFile</name>
         <uninitialized>true</uninitialized>
         <run_address>0x1400</run_address>
         <size>0x48</size>
         <input_file_ref idref="fl-b"/>
      </object_component>
      <object_component id="oc-af">
         <name>Cla1SoftIntRegsFile</name>
         <uninitialized>true</uninitialized>
         <run_address>0xce0</run_address>
         <size>0x3</size>
         <input_file_ref idref="fl-b"/>
      </object_component>
      <object_component id="oc-e6">
         <name>ClaPromCrc0RegsFile</name>
         <uninitialized>true</uninitialized>
         <run_address>0x61c0</run_address>
         <size>0x20</size>
         <input_file_ref idref="fl-b"/>
      </object_component>
      <object_component id="oc-de">
         <name>Cmpss1RegsFile</name>
         <uninitialized>true</uninitialized>
         <run_address>0x5c80</run_address>
         <size>0x1b</size>
         <input_file_ref idref="fl-b"/>
      </object_component>
      <object_component id="oc-df">
         <name>Cmpss2RegsFile</name>
         <uninitialized>true</uninitialized>
         <run_address>0x5ca0</run_address>
         <size>0x1b</size>
         <input_file_ref idref="fl-b"/>
      </object_component>
      <object_component id="oc-e0">
         <name>Cmpss3RegsFile</name>
         <uninitialized>true</uninitialized>
         <run_address>0x5cc0</run_address>
         <size>0x1b</size>
         <input_file_ref idref="fl-b"/>
      </object_component>
      <object_component id="oc-e1">
         <name>Cmpss4RegsFile</name>
         <uninitialized>true</uninitialized>
         <run_address>0x5ce0</run_address>
         <size>0x1b</size>
         <input_file_ref idref="fl-b"/>
      </object_component>
      <object_component id="oc-e2">
         <name>Cmpss5RegsFile</name>
         <uninitialized>true</uninitialized>
         <run_address>0x5d00</run_address>
         <size>0x1b</size>
         <input_file_ref idref="fl-b"/>
      </object_component>
      <object_component id="oc-e3">
         <name>Cmpss6RegsFile</name>
         <uninitialized>true</uninitialized>
         <run_address>0x5d20</run_address>
         <size>0x1b</size>
         <input_file_ref idref="fl-b"/>
      </object_component>
      <object_component id="oc-e4">
         <name>Cmpss7RegsFile</name>
         <uninitialized>true</uninitialized>
         <run_address>0x5d40</run_address>
         <size>0x1b</size>
         <input_file_ref idref="fl-b"/>
      </object_component>
      <object_component id="oc-b4">
         <name>CpuTimer0RegsFile</name>
         <uninitialized>true</uninitialized>
         <run_address>0xc00</run_address>
         <size>0x8</size>
         <input_file_ref idref="fl-b"/>
      </object_component>
      <object_component id="oc-b5">
         <name>CpuTimer1RegsFile</name>
         <uninitialized>true</uninitialized>
         <run_address>0xc08</run_address>
         <size>0x8</size>
         <input_file_ref idref="fl-b"/>
      </object_component>
      <object_component id="oc-b6">
         <name>CpuTimer2RegsFile</name>
         <uninitialized>true</uninitialized>
         <run_address>0xc10</run_address>
         <size>0x8</size>
         <input_file_ref idref="fl-b"/>
      </object_component>
      <object_component id="oc-b1">
         <name>DacaRegsFile</name>
         <uninitialized>true</uninitialized>
         <run_address>0x5c00</run_address>
         <size>0x7</size>
         <input_file_ref idref="fl-b"/>
      </object_component>
      <object_component id="oc-b2">
         <name>DacbRegsFile</name>
         <uninitialized>true</uninitialized>
         <run_address>0x5c10</run_address>
         <size>0x7</size>
         <input_file_ref idref="fl-b"/>
      </object_component>
      <object_component id="oc-ef">
         <name>Dcc0RegsFile</name>
         <uninitialized>true</uninitialized>
         <run_address>0x5e700</run_address>
         <size>0x2c</size>
         <input_file_ref idref="fl-b"/>
      </object_component>
      <object_component id="oc-ea">
         <name>DcsmBank0Z1RegsFile</name>
         <uninitialized>true</uninitialized>
         <run_address>0x5f000</run_address>
         <size>0x22</size>
         <input_file_ref idref="fl-b"/>
      </object_component>
      <object_component id="oc-eb">
         <name>DcsmBank0Z2RegsFile</name>
         <uninitialized>true</uninitialized>
         <run_address>0x5f040</run_address>
         <size>0x22</size>
         <input_file_ref idref="fl-b"/>
      </object_component>
      <object_component id="oc-e7">
         <name>DcsmBank1Z1RegsFile</name>
         <uninitialized>true</uninitialized>
         <run_address>0x5f100</run_address>
         <size>0x20</size>
         <input_file_ref idref="fl-b"/>
      </object_component>
      <object_component id="oc-e8">
         <name>DcsmBank1Z2RegsFile</name>
         <uninitialized>true</uninitialized>
         <run_address>0x5f140</run_address>
         <size>0x20</size>
         <input_file_ref idref="fl-b"/>
      </object_component>
      <object_component id="oc-cc">
         <name>DcsmCommonRegsFile</name>
         <uninitialized>true</uninitialized>
         <run_address>0x5f070</run_address>
         <size>0x10</size>
         <input_file_ref idref="fl-b"/>
      </object_component>
      <object_component id="oc-102">
         <name>DmaRegsFile</name>
         <uninitialized>true</uninitialized>
         <run_address>0x1000</run_address>
         <size>0xe0</size>
         <input_file_ref idref="fl-b"/>
      </object_component>
      <object_component id="oc-d5">
         <name>ECap1RegsFile</name>
         <uninitialized>true</uninitialized>
         <run_address>0x5200</run_address>
         <size>0x1a</size>
         <input_file_ref idref="fl-b"/>
      </object_component>
      <object_component id="oc-d6">
         <name>ECap2RegsFile</name>
         <uninitialized>true</uninitialized>
         <run_address>0x5240</run_address>
         <size>0x1a</size>
         <input_file_ref idref="fl-b"/>
      </object_component>
      <object_component id="oc-d7">
         <name>ECap3RegsFile</name>
         <uninitialized>true</uninitialized>
         <run_address>0x5280</run_address>
         <size>0x1a</size>
         <input_file_ref idref="fl-b"/>
      </object_component>
      <object_component id="oc-d8">
         <name>ECap4RegsFile</name>
         <uninitialized>true</uninitialized>
         <run_address>0x52c0</run_address>
         <size>0x1a</size>
         <input_file_ref idref="fl-b"/>
      </object_component>
      <object_component id="oc-d9">
         <name>ECap5RegsFile</name>
         <uninitialized>true</uninitialized>
         <run_address>0x5300</run_address>
         <size>0x1a</size>
         <input_file_ref idref="fl-b"/>
      </object_component>
      <object_component id="oc-da">
         <name>ECap6RegsFile</name>
         <uninitialized>true</uninitialized>
         <run_address>0x5340</run_address>
         <size>0x1a</size>
         <input_file_ref idref="fl-b"/>
      </object_component>
      <object_component id="oc-db">
         <name>ECap7RegsFile</name>
         <uninitialized>true</uninitialized>
         <run_address>0x5380</run_address>
         <size>0x1a</size>
         <input_file_ref idref="fl-b"/>
      </object_component>
      <object_component id="oc-bf">
         <name>Pga1RegsFile</name>
         <uninitialized>true</uninitialized>
         <run_address>0x5b00</run_address>
         <size>0xa</size>
         <input_file_ref idref="fl-b"/>
      </object_component>
      <object_component id="oc-c0">
         <name>Pga2RegsFile</name>
         <uninitialized>true</uninitialized>
         <run_address>0x5b10</run_address>
         <size>0xa</size>
         <input_file_ref idref="fl-b"/>
      </object_component>
      <object_component id="oc-c1">
         <name>Pga3RegsFile</name>
         <uninitialized>true</uninitialized>
         <run_address>0x5b20</run_address>
         <size>0xa</size>
         <input_file_ref idref="fl-b"/>
      </object_component>
      <object_component id="oc-c2">
         <name>Pga4RegsFile</name>
         <uninitialized>true</uninitialized>
         <run_address>0x5b30</run_address>
         <size>0xa</size>
         <input_file_ref idref="fl-b"/>
      </object_component>
      <object_component id="oc-c3">
         <name>Pga5RegsFile</name>
         <uninitialized>true</uninitialized>
         <run_address>0x5b40</run_address>
         <size>0xa</size>
         <input_file_ref idref="fl-b"/>
      </object_component>
      <object_component id="oc-c4">
         <name>Pga6RegsFile</name>
         <uninitialized>true</uninitialized>
         <run_address>0x5b50</run_address>
         <size>0xa</size>
         <input_file_ref idref="fl-b"/>
      </object_component>
      <object_component id="oc-c5">
         <name>Pga7RegsFile</name>
         <uninitialized>true</uninitialized>
         <run_address>0x5b60</run_address>
         <size>0xa</size>
         <input_file_ref idref="fl-b"/>
      </object_component>
      <object_component id="oc-105">
         <name>EPwm1RegsFile</name>
         <uninitialized>true</uninitialized>
         <run_address>0x4000</run_address>
         <size>0x100</size>
         <input_file_ref idref="fl-b"/>
      </object_component>
      <object_component id="oc-106">
         <name>EPwm2RegsFile</name>
         <uninitialized>true</uninitialized>
         <run_address>0x4100</run_address>
         <size>0x100</size>
         <input_file_ref idref="fl-b"/>
      </object_component>
      <object_component id="oc-107">
         <name>EPwm3RegsFile</name>
         <uninitialized>true</uninitialized>
         <run_address>0x4200</run_address>
         <size>0x100</size>
         <input_file_ref idref="fl-b"/>
      </object_component>
      <object_component id="oc-108">
         <name>EPwm4RegsFile</name>
         <uninitialized>true</uninitialized>
         <run_address>0x4300</run_address>
         <size>0x100</size>
         <input_file_ref idref="fl-b"/>
      </object_component>
      <object_component id="oc-109">
         <name>EPwm5RegsFile</name>
         <uninitialized>true</uninitialized>
         <run_address>0x4400</run_address>
         <size>0x100</size>
         <input_file_ref idref="fl-b"/>
      </object_component>
      <object_component id="oc-10a">
         <name>EPwm6RegsFile</name>
         <uninitialized>true</uninitialized>
         <run_address>0x4500</run_address>
         <size>0x100</size>
         <input_file_ref idref="fl-b"/>
      </object_component>
      <object_component id="oc-10b">
         <name>EPwm7RegsFile</name>
         <uninitialized>true</uninitialized>
         <run_address>0x4600</run_address>
         <size>0x100</size>
         <input_file_ref idref="fl-b"/>
      </object_component>
      <object_component id="oc-10c">
         <name>EPwm8RegsFile</name>
         <uninitialized>true</uninitialized>
         <run_address>0x4700</run_address>
         <size>0x100</size>
         <input_file_ref idref="fl-b"/>
      </object_component>
      <object_component id="oc-f6">
         <name>EPwmXbarRegsFile</name>
         <uninitialized>true</uninitialized>
         <run_address>0x7a00</run_address>
         <size>0x40</size>
         <input_file_ref idref="fl-b"/>
      </object_component>
      <object_component id="oc-f2">
         <name>EQep1RegsFile</name>
         <uninitialized>true</uninitialized>
         <run_address>0x5100</run_address>
         <size>0x36</size>
         <input_file_ref idref="fl-b"/>
      </object_component>
      <object_component id="oc-f3">
         <name>EQep2RegsFile</name>
         <uninitialized>true</uninitialized>
         <run_address>0x5140</run_address>
         <size>0x36</size>
         <input_file_ref idref="fl-b"/>
      </object_component>
      <object_component id="oc-ca">
         <name>EnhancedDebugGlobalRegsFile</name>
         <uninitialized>true</uninitialized>
         <run_address>0x5e800</run_address>
         <size>0xb</size>
         <input_file_ref idref="fl-b"/>
      </object_component>
      <object_component id="oc-b7">
         <name>EnhancedDebugHWBP1RegsFile</name>
         <uninitialized>true</uninitialized>
         <run_address>0x5e900</run_address>
         <size>0x8</size>
         <input_file_ref idref="fl-b"/>
      </object_component>
      <object_component id="oc-b8">
         <name>EnhancedDebugHWBP2RegsFile</name>
         <uninitialized>true</uninitialized>
         <run_address>0x5e908</run_address>
         <size>0x8</size>
         <input_file_ref idref="fl-b"/>
      </object_component>
      <object_component id="oc-b9">
         <name>EnhancedDebugHWBP3RegsFile</name>
         <uninitialized>true</uninitialized>
         <run_address>0x5e910</run_address>
         <size>0x8</size>
         <input_file_ref idref="fl-b"/>
      </object_component>
      <object_component id="oc-ba">
         <name>EnhancedDebugHWBP4RegsFile</name>
         <uninitialized>true</uninitialized>
         <run_address>0x5e918</run_address>
         <size>0x8</size>
         <input_file_ref idref="fl-b"/>
      </object_component>
      <object_component id="oc-bb">
         <name>EnhancedDebugHWBP5RegsFile</name>
         <uninitialized>true</uninitialized>
         <run_address>0x5e920</run_address>
         <size>0x8</size>
         <input_file_ref idref="fl-b"/>
      </object_component>
      <object_component id="oc-bc">
         <name>EnhancedDebugHWBP6RegsFile</name>
         <uninitialized>true</uninitialized>
         <run_address>0x5e928</run_address>
         <size>0x8</size>
         <input_file_ref idref="fl-b"/>
      </object_component>
      <object_component id="oc-bd">
         <name>EnhancedDebugHWBP7RegsFile</name>
         <uninitialized>true</uninitialized>
         <run_address>0x5e930</run_address>
         <size>0x8</size>
         <input_file_ref idref="fl-b"/>
      </object_component>
      <object_component id="oc-be">
         <name>EnhancedDebugHWBP8RegsFile</name>
         <uninitialized>true</uninitialized>
         <run_address>0x5e938</run_address>
         <size>0x8</size>
         <input_file_ref idref="fl-b"/>
      </object_component>
      <object_component id="oc-c6">
         <name>EnhancedDebugCounter1RegsFile</name>
         <uninitialized>true</uninitialized>
         <run_address>0x5e980</run_address>
         <size>0xa</size>
         <input_file_ref idref="fl-b"/>
      </object_component>
      <object_component id="oc-c7">
         <name>EnhancedDebugCounter2RegsFile</name>
         <uninitialized>true</uninitialized>
         <run_address>0x5e990</run_address>
         <size>0xa</size>
         <input_file_ref idref="fl-b"/>
      </object_component>
      <object_component id="oc-c8">
         <name>EnhancedDebugCounter3RegsFile</name>
         <uninitialized>true</uninitialized>
         <run_address>0x5e9a0</run_address>
         <size>0xa</size>
         <input_file_ref idref="fl-b"/>
      </object_component>
      <object_component id="oc-c9">
         <name>EnhancedDebugCounter4RegsFile</name>
         <uninitialized>true</uninitialized>
         <run_address>0x5e9b0</run_address>
         <size>0xa</size>
         <input_file_ref idref="fl-b"/>
      </object_component>
      <object_component id="oc-110">
         <name>Flash0CtrlRegsFile</name>
         <uninitialized>true</uninitialized>
         <run_address>0x5f800</run_address>
         <size>0x182</size>
         <input_file_ref idref="fl-b"/>
      </object_component>
      <object_component id="oc-ed">
         <name>Flash0EccRegsFile</name>
         <uninitialized>true</uninitialized>
         <run_address>0x5fb00</run_address>
         <size>0x28</size>
         <input_file_ref idref="fl-b"/>
      </object_component>
      <object_component id="oc-f9">
         <name>FsiTxaRegsFile</name>
         <uninitialized>true</uninitialized>
         <run_address>0x6600</run_address>
         <size>0x50</size>
         <input_file_ref idref="fl-b"/>
      </object_component>
      <object_component id="oc-fa">
         <name>FsiRxaRegsFile</name>
         <uninitialized>true</uninitialized>
         <run_address>0x6680</run_address>
         <size>0x50</size>
         <input_file_ref idref="fl-b"/>
      </object_component>
      <object_component id="oc-112">
         <name>GpioCtrlRegsFile</name>
         <uninitialized>true</uninitialized>
         <run_address>0x7c00</run_address>
         <size>0x200</size>
         <input_file_ref idref="fl-b"/>
      </object_component>
      <object_component id="oc-f4">
         <name>GpioDataRegsFile</name>
         <uninitialized>true</uninitialized>
         <run_address>0x7f00</run_address>
         <size>0x3a</size>
         <input_file_ref idref="fl-b"/>
      </object_component>
      <object_component id="oc-ec">
         <name>I2caRegsFile</name>
         <uninitialized>true</uninitialized>
         <run_address>0x7300</run_address>
         <size>0x22</size>
         <input_file_ref idref="fl-b"/>
      </object_component>
      <object_component id="oc-e9">
         <name>InputXbarRegsFile</name>
         <uninitialized>true</uninitialized>
         <run_address>0x7900</run_address>
         <size>0x20</size>
         <input_file_ref idref="fl-b"/>
      </object_component>
      <object_component id="oc-cd">
         <name>XbarRegsFile</name>
         <uninitialized>true</uninitialized>
         <run_address>0x7920</run_address>
         <size>0x10</size>
         <input_file_ref idref="fl-b"/>
      </object_component>
      <object_component id="oc-103">
         <name>LinaRegsFile</name>
         <uninitialized>true</uninitialized>
         <run_address>0x6a00</run_address>
         <size>0xec</size>
         <input_file_ref idref="fl-b"/>
      </object_component>
      <object_component id="oc-104">
         <name>LinbRegsFile</name>
         <uninitialized>true</uninitialized>
         <run_address>0x6b00</run_address>
         <size>0xec</size>
         <input_file_ref idref="fl-b"/>
      </object_component>
      <object_component id="oc-ff">
         <name>MemCfgRegsFile</name>
         <uninitialized>true</uninitialized>
         <run_address>0x5f400</run_address>
         <size>0x76</size>
         <input_file_ref idref="fl-b"/>
      </object_component>
      <object_component id="oc-f0">
         <name>AccessProtectionRegsFile</name>
         <uninitialized>true</uninitialized>
         <run_address>0x5f4c0</run_address>
         <size>0x2e</size>
         <input_file_ref idref="fl-b"/>
      </object_component>
      <object_component id="oc-f5">
         <name>MemoryErrorRegsFile</name>
         <uninitialized>true</uninitialized>
         <run_address>0x5f500</run_address>
         <size>0x3a</size>
         <input_file_ref idref="fl-b"/>
      </object_component>
      <object_component id="oc-b3">
         <name>NmiIntruptRegsFile</name>
         <uninitialized>true</uninitialized>
         <run_address>0x7060</run_address>
         <size>0x7</size>
         <input_file_ref idref="fl-b"/>
      </object_component>
      <object_component id="oc-f7">
         <name>OutputXbarRegsFile</name>
         <uninitialized>true</uninitialized>
         <run_address>0x7a80</run_address>
         <size>0x40</size>
         <input_file_ref idref="fl-b"/>
      </object_component>
      <object_component id="oc-dc">
         <name>PieCtrlRegsFile</name>
         <uninitialized>true</uninitialized>
         <run_address>0xce0</run_address>
         <size>0x1a</size>
         <input_file_ref idref="fl-b"/>
      </object_component>
      <object_component id="oc-e5">
         <name>PmbusaRegsFile</name>
         <uninitialized>true</uninitialized>
         <run_address>0x6400</run_address>
         <size>0x1e</size>
         <input_file_ref idref="fl-b"/>
      </object_component>
      <object_component id="oc-ce">
         <name>SciaRegsFile</name>
         <uninitialized>true</uninitialized>
         <run_address>0x7200</run_address>
         <size>0x10</size>
         <input_file_ref idref="fl-b"/>
      </object_component>
      <object_component id="oc-cf">
         <name>ScibRegsFile</name>
         <uninitialized>true</uninitialized>
         <run_address>0x7210</run_address>
         <size>0x10</size>
         <input_file_ref idref="fl-b"/>
      </object_component>
      <object_component id="oc-fb">
         <name>Sdfm1RegsFile</name>
         <uninitialized>true</uninitialized>
         <run_address>0x5e00</run_address>
         <size>0x50</size>
         <input_file_ref idref="fl-b"/>
      </object_component>
      <object_component id="oc-d0">
         <name>SpiaRegsFile</name>
         <uninitialized>true</uninitialized>
         <run_address>0x6100</run_address>
         <size>0x10</size>
         <input_file_ref idref="fl-b"/>
      </object_component>
      <object_component id="oc-d1">
         <name>SpibRegsFile</name>
         <uninitialized>true</uninitialized>
         <run_address>0x6110</run_address>
         <size>0x10</size>
         <input_file_ref idref="fl-b"/>
      </object_component>
      <object_component id="oc-ee">
         <name>WdRegsFile</name>
         <uninitialized>true</uninitialized>
         <run_address>0x7000</run_address>
         <size>0x2b</size>
         <input_file_ref idref="fl-b"/>
      </object_component>
      <object_component id="oc-dd">
         <name>DmaClaSrcSelRegsFile</name>
         <uninitialized>true</uninitialized>
         <run_address>0x7980</run_address>
         <size>0x1a</size>
         <input_file_ref idref="fl-b"/>
      </object_component>
      <object_component id="oc-10d">
         <name>DevCfgRegsFile</name>
         <uninitialized>true</uninitialized>
         <run_address>0x5d000</run_address>
         <size>0x132</size>
         <input_file_ref idref="fl-b"/>
      </object_component>
      <object_component id="oc-f1">
         <name>ClkCfgRegsFile</name>
         <uninitialized>true</uninitialized>
         <run_address>0x5d200</run_address>
         <size>0x34</size>
         <input_file_ref idref="fl-b"/>
      </object_component>
      <object_component id="oc-100">
         <name>CpuSysRegsFile</name>
         <uninitialized>true</uninitialized>
         <run_address>0x5d300</run_address>
         <size>0x82</size>
         <input_file_ref idref="fl-b"/>
      </object_component>
      <object_component id="oc-113">
         <name>SysPeriphAcRegsFile</name>
         <uninitialized>true</uninitialized>
         <run_address>0x5d500</run_address>
         <size>0x200</size>
         <input_file_ref idref="fl-b"/>
      </object_component>
      <object_component id="oc-b0">
         <name>SyncSocRegsFile</name>
         <uninitialized>true</uninitialized>
         <run_address>0x7940</run_address>
         <size>0x6</size>
         <input_file_ref idref="fl-b"/>
      </object_component>
      <object_component id="oc-cb">
         <name>XintRegsFile</name>
         <uninitialized>true</uninitialized>
         <run_address>0x7070</run_address>
         <size>0xb</size>
         <input_file_ref idref="fl-b"/>
      </object_component>
      <object_component id="oc-7e">
         <name>.debug_info</name>
         <load_address>0x0</load_address>
         <run_address>0x0</run_address>
         <size>0xa08</size>
         <input_file_ref idref="fl-2"/>
      </object_component>
      <object_component id="oc-83">
         <name>.debug_info</name>
         <load_address>0xa08</load_address>
         <run_address>0xa08</run_address>
         <size>0x193</size>
         <input_file_ref idref="fl-3"/>
      </object_component>
      <object_component id="oc-85">
         <name>.debug_info</name>
         <load_address>0xb9b</load_address>
         <run_address>0xb9b</run_address>
         <size>0x8e78</size>
         <input_file_ref idref="fl-4"/>
      </object_component>
      <object_component id="oc-8a">
         <name>.debug_info</name>
         <load_address>0x9a13</load_address>
         <run_address>0x9a13</run_address>
         <size>0x7e2d</size>
         <input_file_ref idref="fl-5"/>
      </object_component>
      <object_component id="oc-93">
         <name>.debug_info</name>
         <load_address>0x11840</load_address>
         <run_address>0x11840</run_address>
         <size>0x5619</size>
         <input_file_ref idref="fl-6"/>
      </object_component>
      <object_component id="oc-9a">
         <name>.debug_info</name>
         <load_address>0x16e59</load_address>
         <run_address>0x16e59</run_address>
         <size>0x108</size>
         <input_file_ref idref="fl-7"/>
      </object_component>
      <object_component id="oc-9d">
         <name>.debug_info</name>
         <load_address>0x16f61</load_address>
         <run_address>0x16f61</run_address>
         <size>0x98e</size>
         <input_file_ref idref="fl-8"/>
      </object_component>
      <object_component id="oc-a3">
         <name>.debug_info</name>
         <load_address>0x178ef</load_address>
         <run_address>0x178ef</run_address>
         <size>0x2d9a</size>
         <input_file_ref idref="fl-9"/>
      </object_component>
      <object_component id="oc-a9">
         <name>.debug_info</name>
         <load_address>0x1a689</load_address>
         <run_address>0x1a689</run_address>
         <size>0x472b</size>
         <input_file_ref idref="fl-a"/>
      </object_component>
      <object_component id="oc-ae">
         <name>.debug_info</name>
         <load_address>0x1edb4</load_address>
         <run_address>0x1edb4</run_address>
         <size>0x4c8f6</size>
         <input_file_ref idref="fl-b"/>
      </object_component>
      <object_component id="oc-115">
         <name>.debug_info</name>
         <load_address>0x6b6aa</load_address>
         <run_address>0x6b6aa</run_address>
         <size>0xa084</size>
         <input_file_ref idref="fl-c"/>
      </object_component>
      <object_component id="oc-11a">
         <name>.debug_info</name>
         <load_address>0x7572e</load_address>
         <run_address>0x7572e</run_address>
         <size>0x355c</size>
         <input_file_ref idref="fl-d"/>
      </object_component>
      <object_component id="oc-11f">
         <name>.debug_info</name>
         <load_address>0x78c8a</load_address>
         <run_address>0x78c8a</run_address>
         <size>0x6680</size>
         <input_file_ref idref="fl-e"/>
      </object_component>
      <object_component id="oc-124">
         <name>.debug_info</name>
         <load_address>0x7f30a</load_address>
[...]
      </symbol>
      <symbol id="sm-539">
         <name>_FlashOff</name>
         <value>0x815c</value>
         <object_component_ref idref="oc-2a5"/>
      </symbol>
      <symbol id="sm-53b">
         <name>_DisableDog</name>
         <value>0x82d8c</value>
         <object_component_ref idref="oc-299"/>
      </symbol>
      <symbol id="sm-53d">
         <name>_SysIntOsc2Sel</name>
         <value>0x82e94</value>
         <object_component_ref idref="oc-299"/>
      </symbol>
      <symbol id="sm-53f">
         <name>_HALT</name>
         <value>0x82efe</value>
         <object_component_ref idref="oc-299"/>
      </symbol>
      <symbol id="sm-541">
         <name>_IDLE</name>
         <value>0x82ef5</value>
         <object_component_ref idref="oc-299"/>
      </symbol>
      <symbol id="sm-543">
         <name>_InitPeripheralClocks</name>
         <value>0x82cf1</value>
         <object_component_ref idref="oc-299"/>
      </symbol>
      <symbol id="sm-545">
         <name>_InitFlash</name>
         <value>0x8120</value>
         <object_component_ref idref="oc-2a5"/>
      </symbol>
      <symbol id="sm-547">
         <name>_SysXtalOscSel</name>
         <value>0x82ebc</value>
         <object_component_ref idref="oc-299"/>
      </symbol>
      <symbol id="sm-549">
         <name>_CsmUnlock</name>
         <value>0x82e67</value>
         <object_component_ref idref="oc-299"/>
      </symbol>
      <symbol id="sm-54b">
         <name>_SysIntOsc1Sel</name>
         <value>0x82e88</value>
         <object_component_ref idref="oc-299"/>
      </symbol>
      <symbol id="sm-54d">
         <name>_ServiceDog</name>
         <value>0x82d7e</value>
         <object_component_ref idref="oc-299"/>
      </symbol>
      <symbol id="sm-54f">
         <name>_IsPLLValid</name>
         <value>0x82f0f</value>
         <object_component_ref idref="oc-299"/>
      </symbol>
      <symbol id="sm-551">
         <name>_InitSysCtrl</name>
         <value>0x82ce4</value>
         <object_component_ref idref="oc-299"/>
      </symbol>
      <symbol id="sm-553">
         <name>_SysXtalOscSESel</name>
         <value>0x82edf</value>
         <object_component_ref idref="oc-299"/>
      </symbol>
      <symbol id="sm-560">
         <name>_F28x_usDelay</name>
         <value>0x8168</value>
         <object_component_ref idref="oc-12e"/>
      </symbol>
      <symbol id="sm-570">
         <name>_printf</name>
         <value>0x859af</value>
         <object_component_ref idref="oc-291"/>
      </symbol>
      <symbol id="sm-6d1">
         <name>___TI_printfi</name>
         <value>0x82b53</value>
         <object_component_ref idref="oc-2a3"/>
      </symbol>
      <symbol id="sm-6e5">
         <name>_putchar</name>
         <value>0x857dd</value>
         <object_component_ref idref="oc-29d"/>
      </symbol>
      <symbol id="sm-6e7">
         <name>_putc</name>
         <value>0x8578f</value>
         <object_component_ref idref="oc-29d"/>
      </symbol>
      <symbol id="sm-6e8">
         <name>_fputc</name>
         <value>0x8578f</value>
         <object_component_ref idref="oc-29d"/>
      </symbol>
      <symbol id="sm-706">
         <name>_puts</name>
         <value>0x8520b</value>
         <object_component_ref idref="oc-29e"/>
      </symbol>
      <symbol id="sm-708">
         <name>_fputs</name>
         <value>0x85176</value>
         <object_component_ref idref="oc-29e"/>
      </symbol>
      <symbol id="sm-720">
         <name>___TI_rd_ok</name>
         <value>0x85651</value>
         <object_component_ref idref="oc-2ab"/>
      </symbol>
      <symbol id="sm-722">
         <name>___TI_wrt_ok</name>
         <value>0x85616</value>
         <object_component_ref idref="oc-2ab"/>
      </symbol>
      <symbol id="sm-73a">
         <name>_setvbuf</name>
         <value>0x853d2</value>
         <object_component_ref idref="oc-2bb"/>
      </symbol>
      <symbol id="sm-74e">
         <name>_frexpl</name>
         <value>0x85735</value>
         <object_component_ref idref="oc-2b2"/>
      </symbol>
      <symbol id="sm-76d">
         <name>_scalbnl</name>
         <value>0x850c8</value>
         <object_component_ref idref="oc-2b3"/>
      </symbol>
      <symbol id="sm-76f">
         <name>_ldexpl</name>
         <value>0x850c8</value>
         <object_component_ref idref="oc-2b3"/>
      </symbol>
      <symbol id="sm-78a">
         <name>_c_int00</name>
         <value>0x82faa</value>
         <object_component_ref idref="oc-7d"/>
      </symbol>
      <symbol id="sm-78b">
         <name>__stack</name>
         <value>0x400</value>
         <object_component_ref idref="oc-160"/>
      </symbol>
      <symbol id="sm-7a6">
         <name>FD$$ADD</name>
         <value>0x8521e</value>
         <object_component_ref idref="oc-166"/>
      </symbol>
      <symbol id="sm-7b6">
         <name>FD$$CMP</name>
         <value>0x85a71</value>
         <object_component_ref idref="oc-16b"/>
      </symbol>
      <symbol id="sm-7c8">
         <name>FD$$MPY</name>
         <value>0x8534f</value>
         <object_component_ref idref="oc-170"/>
      </symbol>
      <symbol id="sm-7d5">
         <name>FD$$NEG</name>
         <value>0x85d6c</value>
         <object_component_ref idref="oc-175"/>
      </symbol>
      <symbol id="sm-7e1">
         <name>FD$$SUB</name>
         <value>0x85d3b</value>
         <object_component_ref idref="oc-17a"/>
      </symbol>
      <symbol id="sm-7f0">
         <name>FD$$TOI</name>
         <value>0x85bd2</value>
         <object_component_ref idref="oc-17f"/>
      </symbol>
      <symbol id="sm-7ff">
         <name>FD$$TOL</name>
         <value>0x85bf3</value>
         <object_component_ref idref="oc-184"/>
      </symbol>
      <symbol id="sm-80b">
         <name>LL$$AND</name>
         <value>0x85cd4</value>
         <object_component_ref idref="oc-189"/>
      </symbol>
      <symbol id="sm-80c">
         <name>LL$$OR</name>
         <value>0x85cdc</value>
         <object_component_ref idref="oc-189"/>
      </symbol>
      <symbol id="sm-80d">
         <name>LL$$XOR</name>
         <value>0x85ce4</value>
         <object_component_ref idref="oc-189"/>
      </symbol>
      <symbol id="sm-81b">
         <name>ULL$$CMP</name>
         <value>0x85c24</value>
         <object_component_ref idref="oc-18e"/>
      </symbol>
      <symbol id="sm-81c">
         <name>LL$$CMP</name>
         <value>0x85c12</value>
         <object_component_ref idref="oc-18e"/>
      </symbol>
      <symbol id="sm-848">
         <name>ULL$$MOD</name>
         <value>0x83e19</value>
         <object_component_ref idref="oc-193"/>
      </symbol>
      <symbol id="sm-849">
         <name>ULL$$DIV</name>
         <value>0x83dea</value>
         <object_component_ref idref="oc-193"/>
      </symbol>
      <symbol id="sm-84a">
         <name>LL$$MOD</name>
         <value>0x83db0</value>
         <object_component_ref idref="oc-193"/>
      </symbol>
      <symbol id="sm-84b">
         <name>LL$$DIV</name>
         <value>0x83d74</value>
         <object_component_ref idref="oc-193"/>
      </symbol>
      <symbol id="sm-85b">
         <name>I$$TOFD</name>
         <value>0x85c30</value>
         <object_component_ref idref="oc-198"/>
      </symbol>
      <symbol id="sm-86b">
         <name>L$$TOFD</name>
         <value>0x85c86</value>
         <object_component_ref idref="oc-19d"/>
      </symbol>
      <symbol id="sm-87b">
         <name>FS$$TOFD</name>
         <value>0x85c6a</value>
         <object_component_ref idref="oc-1a2"/>
      </symbol>
      <symbol id="sm-892">
         <name>FD$$DIV</name>
         <value>0x83f6c</value>
         <object_component_ref idref="oc-1a7"/>
      </symbol>
      <symbol id="sm-8a1">
         <name>_copy_in</name>
         <value>0x85b8a</value>
         <object_component_ref idref="oc-28b"/>
      </symbol>
      <symbol id="sm-8b3">
         <name>_memcpy</name>
         <value>0x85c4d</value>
         <object_component_ref idref="oc-296"/>
      </symbol>
      <symbol id="sm-8c0">
         <name>__system_pre_init</name>
         <value>0x85d95</value>
         <object_component_ref idref="oc-28a"/>
      </symbol>
      <symbol id="sm-8ce">
         <name>__system_post_cinit</name>
         <value>0x85d97</value>
         <object_component_ref idref="oc-28c"/>
      </symbol>
      <symbol id="sm-8e3">
         <name>C$$EXIT</name>
         <value>0x85ac5</value>
         <object_component_ref idref="oc-28e"/>
      </symbol>
      <symbol id="sm-8e4">
         <name>_exit</name>
         <value>0x85ac7</value>
         <object_component_ref idref="oc-28e"/>
      </symbol>
      <symbol id="sm-8e6">
         <name>___TI_cleanup_ptr</name>
         <value>0xaf58</value>
         <object_component_ref idref="oc-1c2"/>
      </symbol>
      <symbol id="sm-8e7">
         <name>___TI_enable_exit_profile_output</name>
         <value>0xaf56</value>
         <object_component_ref idref="oc-1c2"/>
      </symbol>
      <symbol id="sm-8e8">
         <name>_abort</name>
         <value>0x85ac5</value>
         <object_component_ref idref="oc-28e"/>
      </symbol>
      <symbol id="sm-8ea">
         <name>___TI_dtors_ptr</name>
         <value>0xaf5a</value>
         <object_component_ref idref="oc-1c2"/>
      </symbol>
      <symbol id="sm-8fe">
         <name>__unlock</name>
         <value>0xaf62</value>
         <object_component_ref idref="oc-2a1"/>
      </symbol>
      <symbol id="sm-8ff">
         <name>__lock</name>
         <value>0xaf60</value>
         <object_component_ref idref="oc-297"/>
      </symbol>
      <symbol id="sm-900">
         <name>__register_lock</name>
         <value>0x83ffb</value>
         <object_component_ref idref="oc-2a4"/>
      </symbol>
      <symbol id="sm-902">
         <name>__nop</name>
         <value>0x83fff</value>
         <object_component_ref idref="oc-2a4"/>
      </symbol>
      <symbol id="sm-904">
         <name>__register_unlock</name>
         <value>0x83ff7</value>
         <object_component_ref idref="oc-2a4"/>
      </symbol>
      <symbol id="sm-913">
         <name>___TI_ltoa</name>
         <value>0x85a41</value>
         <object_component_ref idref="oc-2b1"/>
      </symbol>
      <symbol id="sm-923">
         <name>__args_main</name>
         <value>0x85d19</value>
         <object_component_ref idref="oc-28d"/>
      </symbol>
      <symbol id="sm-938">
         <name>_atoi</name>
         <value>0x85a10</value>
         <object_component_ref idref="oc-2b0"/>
      </symbol>
      <symbol id="sm-941">
         <name>__ctypes_</name>
         <value>0x841c0</value>
         <object_component_ref idref="oc-2be"/>
      </symbol>
      <symbol id="sm-952">
         <name>___TI_ft_end</name>
         <value>0xaf64</value>
         <object_component_ref idref="oc-1df"/>
      </symbol>
      <symbol id="sm-953">
         <name>___TI_tmpnams</name>
         <value>0xad00</value>
         <object_component_ref idref="oc-2d0"/>
      </symbol>
      <symbol id="sm-954">
         <name>__ftable</name>
         <value>0xadc0</value>
         <object_component_ref idref="oc-29f"/>
      </symbol>
      <symbol id="sm-963">
         <name>_memccpy</name>
         <value>0x85d2b</value>
         <object_component_ref idref="oc-2b7"/>
      </symbol>
      <symbol id="sm-973">
         <name>_memchr</name>
         <value>0x85d49</value>
         <object_component_ref idref="oc-2af"/>
      </symbol>
      <symbol id="sm-9d1">
         <name>__sys_memory</name>
         <value>0xa800</value>
         <object_component_ref idref="oc-1ee"/>
      </symbol>
      <symbol id="sm-9d2">
         <name>___TI_heap_total_available</name>
         <value>0x83706</value>
         <object_component_ref idref="oc-2c1"/>
      </symbol>
      <symbol id="sm-9d4">
         <name>_realloc</name>
         <value>0x835ab</value>
         <object_component_ref idref="oc-2c1"/>
      </symbol>
      <symbol id="sm-9d6">
         <name>___TI_heap_check</name>
         <value>0x83740</value>
         <object_component_ref idref="oc-2c1"/>
      </symbol>
      <symbol id="sm-9d8">
         <name>_free</name>
         <value>0x834e1</value>
         <object_component_ref idref="oc-2c1"/>
      </symbol>
      <symbol id="sm-9da">
         <name>_memalign</name>
         <value>0x83660</value>
         <object_component_ref idref="oc-2c1"/>
      </symbol>
      <symbol id="sm-9db">
         <name>_calloc</name>
         <value>0x83633</value>
         <object_component_ref idref="oc-2c1"/>
      </symbol>
      <symbol id="sm-9dd">
         <name>_malloc</name>
         <value>0x834b6</value>
         <object_component_ref idref="oc-2c1"/>
      </symbol>
      <symbol id="sm-9df">
         <name>_aligned_alloc</name>
         <value>0x83660</value>
         <object_component_ref idref="oc-2c1"/>
      </symbol>
      <symbol id="sm-9e1">
         <name>_minit</name>
         <value>0x8362f</value>
         <object_component_ref idref="oc-2c1"/>
      </symbol>
      <symbol id="sm-9e3">
         <name>___TI_heap_largest_available</name>
         <value>0x83723</value>
         <object_component_ref idref="oc-2c1"/>
      </symbol>
      <symbol id="sm-9f2">
         <name>_memset</name>
         <value>0x85d86</value>
         <object_component_ref idref="oc-2b5"/>
      </symbol>
      <symbol id="sm-a02">
         <name>_strchr</name>
         <value>0x85d56</value>
         <object_component_ref idref="oc-2b4"/>
      </symbol>
      <symbol id="sm-a10">
         <name>_strcpy</name>
         <value>0x85d8d</value>
         <object_component_ref idref="oc-2b6"/>
      </symbol>
      <symbol id="sm-a1e">
         <name>_strlen</name>
         <value>0x85d7e</value>
         <object_component_ref idref="oc-2ae"/>
      </symbol>
      <symbol id="sm-a29">
         <name>_errno</name>
         <value>0xaf65</value>
         <object_component_ref idref="oc-209"/>
      </symbol>
      <symbol id="sm-a36">
         <name>_write</name>
         <value>0x85cbb</value>
         <object_component_ref idref="oc-2ad"/>
      </symbol>
      <symbol id="sm-a47">
         <name>__device</name>
         <value>0xae40</value>
         <object_component_ref idref="oc-2c3"/>
      </symbol>
      <symbol id="sm-a48">
         <name>__stream</name>
         <value>0xae88</value>
         <object_component_ref idref="oc-2bc"/>
      </symbol>
      <symbol id="sm-a55">
         <name>_copysignl</name>
         <value>0x85b65</value>
         <object_component_ref idref="oc-2bf"/>
      </symbol>
      <symbol id="sm-a64">
         <name>_wcslen</name>
         <value>0x85d75</value>
         <object_component_ref idref="oc-2b8"/>
      </symbol>
      <symbol id="sm-a7b">
         <name>___TI_doflush</name>
         <value>0x854ca</value>
         <object_component_ref idref="oc-2ac"/>
      </symbol>
      <symbol id="sm-a7d">
         <name>_fflush</name>
         <value>0x854f9</value>
         <object_component_ref idref="oc-2ac"/>
      </symbol>
      <symbol id="sm-abb">
         <name>_fopen</name>
         <value>0x83c19</value>
         <object_component_ref idref="oc-2c2"/>
      </symbol>
      <symbol id="sm-abd">
         <name>___TI_cleanup</name>
         <value>0x83bde</value>
         <object_component_ref idref="oc-2c2"/>
      </symbol>
      <symbol id="sm-abf">
         <name>_freopen</name>
         <value>0x83bfb</value>
         <object_component_ref idref="oc-2c2"/>
      </symbol>
      <symbol id="sm-ad0">
         <name>_fseek</name>
         <value>0x858bf</value>
         <object_component_ref idref="oc-2ba"/>
      </symbol>
      <symbol id="sm-add">
         <name>UL$$MOD</name>
         <value>0x85abf</value>
         <object_component_ref idref="oc-22d"/>
      </symbol>
      <symbol id="sm-ade">
         <name>L$$MOD</name>
         <value>0x85aaa</value>
         <object_component_ref idref="oc-22d"/>
      </symbol>
      <symbol id="sm-adf">
         <name>L$$DIV</name>
         <value>0x85a9b</value>
         <object_component_ref idref="oc-22d"/>
      </symbol>
      <symbol id="sm-ae0">
         <name>UL$$DIV</name>
         <value>0x85ab8</value>
         <object_component_ref idref="oc-22d"/>
      </symbol>
      <symbol id="sm-aec">
         <name>_HOSTclose</name>
         <value>0x85aee</value>
         <object_component_ref idref="oc-2c8"/>
      </symbol>
      <symbol id="sm-af9">
         <name>_HOSTlseek</name>
         <value>0x856da</value>
         <object_component_ref idref="oc-2cb"/>
      </symbol>
      <symbol id="sm-b09">
         <name>_parmbuf</name>
         <value>0xaeb8</value>
         <object_component_ref idref="oc-2d2"/>
      </symbol>
      <symbol id="sm-b0a">
         <name>_HOSTopen</name>
         <value>0x858fc</value>
         <object_component_ref idref="oc-2c7"/>
      </symbol>
      <symbol id="sm-b18">
         <name>_HOSTread</name>
         <value>0x85971</value>
         <object_component_ref idref="oc-2c9"/>
      </symbol>
      <symbol id="sm-b25">
         <name>_HOSTrename</name>
         <value>0x85881</value>
         <object_component_ref idref="oc-2cd"/>
      </symbol>
      <symbol id="sm-b32">
         <name>_HOSTunlink</name>
         <value>0x85bae</value>
         <object_component_ref idref="oc-2cc"/>
      </symbol>
      <symbol id="sm-b40">
         <name>_HOSTwrite</name>
         <value>0x85938</value>
         <object_component_ref idref="oc-2ca"/>
      </symbol>
      <symbol id="sm-b5a">
         <name>___TI_readmsg</name>
         <value>0x85312</value>
         <object_component_ref idref="oc-2d3"/>
      </symbol>
      <symbol id="sm-b5c">
         <name>C$$IO$$</name>
         <value>0x8530d</value>
         <object_component_ref idref="oc-2d3"/>
      </symbol>
      <symbol id="sm-b5d">
         <name>__CIOBUF_</name>
         <value>0x8000</value>
         <object_component_ref idref="oc-256"/>
      </symbol>
      <symbol id="sm-b5e">
         <name>___TI_writemsg</name>
         <value>0x852ba</value>
         <object_component_ref idref="oc-2d3"/>
      </symbol>
      <symbol id="sm-b7a">
         <name>_open</name>
         <value>0x8553d</value>
         <object_component_ref idref="oc-2c5"/>
      </symbol>
      <symbol id="sm-b88">
         <name>_lseek</name>
         <value>0x85cec</value>
         <object_component_ref idref="oc-2c0"/>
      </symbol>
      <symbol id="sm-b9a">
         <name>___TI_closefile</name>
         <value>0x8567d</value>
         <object_component_ref idref="oc-2c6"/>
      </symbol>
      <symbol id="sm-b9c">
         <name>_fclose</name>
         <value>0x856c1</value>
         <object_component_ref idref="oc-2c6"/>
      </symbol>
      <symbol id="sm-bae">
         <name>_finddevice</name>
         <value>0x857e2</value>
         <object_component_ref idref="oc-2ce"/>
      </symbol>
      <symbol id="sm-bb0">
         <name>_getdevice</name>
         <value>0x857fd</value>
         <object_component_ref idref="oc-2ce"/>
      </symbol>
      <symbol id="sm-bbf">
         <name>_strcmp</name>
         <value>0x85d62</value>
         <object_component_ref idref="oc-2d4"/>
      </symbol>
      <symbol id="sm-bd0">
         <name>_strncpy</name>
         <value>0x85d04</value>
         <object_component_ref idref="oc-2d5"/>
      </symbol>
      <symbol id="sm-bdd">
         <name>_remove</name>
         <value>0x85d92</value>
         <object_component_ref idref="oc-2d1"/>
      </symbol>
      <symbol id="sm-bee">
         <name>_close</name>
         <value>0x859dd</value>
         <object_component_ref idref="oc-2cf"/>
      </symbol>
      <symbol id="sm-bfb">
         <name>_unlink</name>
         <value>0x85ca2</value>
         <object_component_ref idref="oc-2d6"/>
      </symbol>
   </symbol_table>
   <title>Link successful</title>
</link_info>
