Component: ARM Compiler 5.06 update 6 (build 750) Tool: armlink [4d35ed]

==============================================================================

Section Cross References

    adicup3029port.o(i.AD5940_ClrMCUIntFlag) refers to adicup3029port.o(.data) for ucInterrupted
    adicup3029port.o(i.AD5940_GetMCUIntFlag) refers to adicup3029port.o(.data) for ucInterrupted
    adicup3029port.o(i.AD5940_MCUResourceInit) refers to adicup3029port.o(i.AD5940_CsSet) for AD5940_CsSet
    adicup3029port.o(i.AD5940_MCUResourceInit) refers to adicup3029port.o(i.AD5940_RstSet) for AD5940_RstSet
    adicup3029port.o(i.Ext_Int0_Handler) refers to adicup3029port.o(.data) for ucInterrupted
    adicup3029port.o(i.UART_Int_Handler) refers to memseta.o(.text) for __aeabi_memclr
    adicup3029port.o(i.UART_Int_Handler) refers to strcpy.o(.text) for strcpy
    adicup3029port.o(i.UART_Int_Handler) refers to ad5940main.o(.bss) for recvBuff
    adicup3029port.o(i.UART_Int_Handler) refers to adicup3029port.o(.data) for buffIndex
    adicup3029port.o(i.UART_Int_Handler) refers to ad5940main.o(.data) for NL
    ad5940.o(i.AD5940_ADCBaseCfgS) refers to ad5940.o(i.AD5940_WriteReg) for AD5940_WriteReg
    ad5940.o(i.AD5940_ADCCode2Volt) refers to fflti.o(.text) for __aeabi_i2f
    ad5940.o(i.AD5940_ADCCode2Volt) refers to fdiv.o(.text) for __aeabi_fdiv
    ad5940.o(i.AD5940_ADCCode2Volt) refers to fmul.o(.text) for __aeabi_fmul
    ad5940.o(i.AD5940_ADCConvtCtrlS) refers to ad5940.o(i.AD5940_ReadReg) for AD5940_ReadReg
    ad5940.o(i.AD5940_ADCConvtCtrlS) refers to ad5940.o(i.AD5940_WriteReg) for AD5940_WriteReg
    ad5940.o(i.AD5940_ADCDigCompCfgS) refers to ad5940.o(i.AD5940_WriteReg) for AD5940_WriteReg
    ad5940.o(i.AD5940_ADCFilterCfgS) refers to ad5940.o(i.AD5940_ReadReg) for AD5940_ReadReg
    ad5940.o(i.AD5940_ADCFilterCfgS) refers to ad5940.o(i.AD5940_WriteReg) for AD5940_WriteReg
    ad5940.o(i.AD5940_ADCFilterCfgS) refers to ad5940.o(i.AD5940_AFECtrlS) for AD5940_AFECtrlS
    ad5940.o(i.AD5940_ADCMuxCfgS) refers to ad5940.o(i.AD5940_ReadReg) for AD5940_ReadReg
    ad5940.o(i.AD5940_ADCMuxCfgS) refers to ad5940.o(i.AD5940_WriteReg) for AD5940_WriteReg
    ad5940.o(i.AD5940_ADCPGACal) refers to f2d.o(.text) for __aeabi_f2d
    ad5940.o(i.AD5940_ADCPGACal) refers to cdrcmple.o(.text) for __aeabi_cdrcmple
    ad5940.o(i.AD5940_ADCPGACal) refers to ad5940.o(i.__AD5940_ReferenceON) for __AD5940_ReferenceON
    ad5940.o(i.AD5940_ADCPGACal) refers to ad5940.o(i.AD5940_ADCFilterCfgS) for AD5940_ADCFilterCfgS
    ad5940.o(i.AD5940_ADCPGACal) refers to ad5940.o(i.AD5940_AFECtrlS) for AD5940_AFECtrlS
    ad5940.o(i.AD5940_ADCPGACal) refers to adicup3029port.o(i.AD5940_Delay10us) for AD5940_Delay10us
    ad5940.o(i.AD5940_ADCPGACal) refers to ad5940.o(i.AD5940_INTCGetCfg) for AD5940_INTCGetCfg
    ad5940.o(i.AD5940_ADCPGACal) refers to ad5940.o(i.AD5940_INTCCfg) for AD5940_INTCCfg
    ad5940.o(i.AD5940_ADCPGACal) refers to ad5940.o(i.AD5940_WriteReg) for AD5940_WriteReg
    ad5940.o(i.AD5940_ADCPGACal) refers to ad5940.o(i.AD5940_ADCBaseCfgS) for AD5940_ADCBaseCfgS
    ad5940.o(i.AD5940_ADCPGACal) refers to ad5940.o(i.__AD5940_TakeMeasurement) for __AD5940_TakeMeasurement
    ad5940.o(i.AD5940_ADCPGACal) refers to ad5940.o(i.AD5940_ReadReg) for AD5940_ReadReg
    ad5940.o(i.AD5940_ADCPGACal) refers to fadd.o(.text) for __aeabi_fsub
    ad5940.o(i.AD5940_ADCPGACal) refers to fmul.o(.text) for __aeabi_fmul
    ad5940.o(i.AD5940_ADCPGACal) refers to fdiv.o(.text) for __aeabi_fdiv
    ad5940.o(i.AD5940_ADCPGACal) refers to ffixi.o(.text) for __aeabi_f2iz
    ad5940.o(i.AD5940_ADCPGACal) refers to ad5940.o(i.AD5940_HSLoopCfgS) for AD5940_HSLoopCfgS
    ad5940.o(i.AD5940_ADCPGACal) refers to ffltui.o(.text) for __aeabi_ui2f
    ad5940.o(i.AD5940_ADCPGACal) refers to ad5940.o(i.AD5940_ADCConvtCtrlS) for AD5940_ADCConvtCtrlS
    ad5940.o(i.AD5940_ADCPGACal) refers to ad5940.o(.constdata) for cal_registers
    ad5940.o(i.AD5940_ADCPowerCtrlS) refers to ad5940.o(i.AD5940_ReadReg) for AD5940_ReadReg
    ad5940.o(i.AD5940_ADCPowerCtrlS) refers to ad5940.o(i.AD5940_WriteReg) for AD5940_WriteReg
    ad5940.o(i.AD5940_ADCRepeatCfgS) refers to ad5940.o(i.AD5940_WriteReg) for AD5940_WriteReg
    ad5940.o(i.AD5940_AFECtrlS) refers to ad5940.o(i.AD5940_ReadReg) for AD5940_ReadReg
    ad5940.o(i.AD5940_AFECtrlS) refers to ad5940.o(i.AD5940_WriteReg) for AD5940_WriteReg
    ad5940.o(i.AD5940_AFEPwrBW) refers to ad5940.o(i.AD5940_WriteReg) for AD5940_WriteReg
    ad5940.o(i.AD5940_AGPIOCfg) refers to ad5940.o(i.AD5940_AGPIOFuncCfg) for AD5940_AGPIOFuncCfg
    ad5940.o(i.AD5940_AGPIOCfg) refers to ad5940.o(i.AD5940_AGPIOOen) for AD5940_AGPIOOen
    ad5940.o(i.AD5940_AGPIOCfg) refers to ad5940.o(i.AD5940_AGPIOIen) for AD5940_AGPIOIen
    ad5940.o(i.AD5940_AGPIOCfg) refers to ad5940.o(i.AD5940_AGPIOPen) for AD5940_AGPIOPen
    ad5940.o(i.AD5940_AGPIOCfg) refers to ad5940.o(i.AD5940_WriteReg) for AD5940_WriteReg
[...]
    C:\Users\johns\AppData\Local\Arm\Packs\ARM\CMSIS\5.8.0\CMSIS\DSP\Source\BayesFunctions\BayesFunctions.c 0x00000000   Number         0  bayesfunctions.o ABSOLUTE
    C:\Users\johns\AppData\Local\Arm\Packs\ARM\CMSIS\5.8.0\CMSIS\DSP\Source\BayesFunctions\BayesFunctionsF16.c 0x00000000   Number         0  bayesfunctionsf16.o ABSOLUTE
    C:\Users\johns\AppData\Local\Arm\Packs\ARM\CMSIS\5.8.0\CMSIS\DSP\Source\CommonTables\CommonTables.c 0x00000000   Number         0  commontables.o ABSOLUTE
    C:\Users\johns\AppData\Local\Arm\Packs\ARM\CMSIS\5.8.0\CMSIS\DSP\Source\CommonTables\CommonTablesF16.c 0x00000000   Number         0  commontablesf16.o ABSOLUTE
    C:\Users\johns\AppData\Local\Arm\Packs\ARM\CMSIS\5.8.0\CMSIS\DSP\Source\ComplexMathFunctions\ComplexMathFunctions.c 0x00000000   Number         0  complexmathfunctions.o ABSOLUTE
    C:\Users\johns\AppData\Local\Arm\Packs\ARM\CMSIS\5.8.0\CMSIS\DSP\Source\ComplexMathFunctions\ComplexMathFunctionsF16.c 0x00000000   Number         0  complexmathfunctionsf16.o ABSOLUTE
    C:\Users\johns\AppData\Local\Arm\Packs\ARM\CMSIS\5.8.0\CMSIS\DSP\Source\ControllerFunctions\ControllerFunctions.c 0x00000000   Number         0  controllerfunctions.o ABSOLUTE
    C:\Users\johns\AppData\Local\Arm\Packs\ARM\CMSIS\5.8.0\CMSIS\DSP\Source\DistanceFunctions\DistanceFunctions.c 0x00000000   Number         0  distancefunctions.o ABSOLUTE
    C:\Users\johns\AppData\Local\Arm\Packs\ARM\CMSIS\5.8.0\CMSIS\DSP\Source\DistanceFunctions\DistanceFunctionsF16.c 0x00000000   Number         0  distancefunctionsf16.o ABSOLUTE
    C:\Users\johns\AppData\Local\Arm\Packs\ARM\CMSIS\5.8.0\CMSIS\DSP\Source\FastMathFunctions\FastMathFunctions.c 0x00000000   Number         0  fastmathfunctions.o ABSOLUTE
    C:\Users\johns\AppData\Local\Arm\Packs\ARM\CMSIS\5.8.0\CMSIS\DSP\Source\FastMathFunctions\FastMathFunctionsF16.c 0x00000000   Number         0  fastmathfunctionsf16.o ABSOLUTE
    C:\Users\johns\AppData\Local\Arm\Packs\ARM\CMSIS\5.8.0\CMSIS\DSP\Source\FilteringFunctions\FilteringFunctions.c 0x00000000   Number         0  filteringfunctions.o ABSOLUTE
    C:\Users\johns\AppData\Local\Arm\Packs\ARM\CMSIS\5.8.0\CMSIS\DSP\Source\FilteringFunctions\FilteringFunctionsF16.c 0x00000000   Number         0  filteringfunctionsf16.o ABSOLUTE
    C:\Users\johns\AppData\Local\Arm\Packs\ARM\CMSIS\5.8.0\CMSIS\DSP\Source\InterpolationFunctions\InterpolationFunctions.c 0x00000000   Number         0  interpolationfunctions.o ABSOLUTE
    C:\Users\johns\AppData\Local\Arm\Packs\ARM\CMSIS\5.8.0\CMSIS\DSP\Source\InterpolationFunctions\InterpolationFunctionsF16.c 0x00000000   Number         0  interpolationfunctionsf16.o ABSOLUTE
    C:\Users\johns\AppData\Local\Arm\Packs\ARM\CMSIS\5.8.0\CMSIS\DSP\Source\MatrixFunctions\MatrixFunctions.c 0x00000000   Number         0  matrixfunctions.o ABSOLUTE
    C:\Users\johns\AppData\Local\Arm\Packs\ARM\CMSIS\5.8.0\CMSIS\DSP\Source\MatrixFunctions\MatrixFunctionsF16.c 0x00000000   Number         0  matrixfunctionsf16.o ABSOLUTE
    C:\Users\johns\AppData\Local\Arm\Packs\ARM\CMSIS\5.8.0\CMSIS\DSP\Source\QuaternionMathFunctions\QuaternionMathFunctions.c 0x00000000   Number         0  quaternionmathfunctions.o ABSOLUTE
    C:\Users\johns\AppData\Local\Arm\Packs\ARM\CMSIS\5.8.0\CMSIS\DSP\Source\SVMFunctions\SVMFunctions.c 0x00000000   Number         0  svmfunctions.o ABSOLUTE
    C:\Users\johns\AppData\Local\Arm\Packs\ARM\CMSIS\5.8.0\CMSIS\DSP\Source\SVMFunctions\SVMFunctionsF16.c 0x00000000   Number         0  svmfunctionsf16.o ABSOLUTE
    C:\Users\johns\AppData\Local\Arm\Packs\ARM\CMSIS\5.8.0\CMSIS\DSP\Source\StatisticsFunctions\StatisticsFunctions.c 0x00000000   Number         0  statisticsfunctions.o ABSOLUTE
    C:\Users\johns\AppData\Local\Arm\Packs\ARM\CMSIS\5.8.0\CMSIS\DSP\Source\StatisticsFunctions\StatisticsFunctionsF16.c 0x00000000   Number         0  statisticsfunctionsf16.o ABSOLUTE
    C:\Users\johns\AppData\Local\Arm\Packs\ARM\CMSIS\5.8.0\CMSIS\DSP\Source\SupportFunctions\SupportFunctions.c 0x00000000   Number         0  supportfunctions.o ABSOLUTE
    C:\Users\johns\AppData\Local\Arm\Packs\ARM\CMSIS\5.8.0\CMSIS\DSP\Source\SupportFunctions\SupportFunctionsF16.c 0x00000000   Number         0  supportfunctionsf16.o ABSOLUTE
    C:\Users\johns\AppData\Local\Arm\Packs\ARM\CMSIS\5.8.0\CMSIS\DSP\Source\TransformFunctions\TransformFunctions.c 0x00000000   Number         0  transformfunctions.o ABSOLUTE
    C:\Users\johns\AppData\Local\Arm\Packs\ARM\CMSIS\5.8.0\CMSIS\DSP\Source\TransformFunctions\TransformFunctionsF16.c 0x00000000   Number         0  transformfunctionsf16.o ABSOLUTE
    C:\Users\johns\AppData\Local\Arm\Packs\Keil\ARM_Compiler\1.6.3\Source\retarget_io.c 0x00000000   Number         0  retarget_io.o ABSOLUTE
    C:\\Users\\johns\\AppData\\Local\\Arm\\Packs\\ARM\\CMSIS\\5.8.0\\CMSIS\\DSP\\Source\\BasicMathFunctions\\BasicMathFunctions.c 0x00000000   Number         0  basicmathfunctions.o ABSOLUTE
    C:\\Users\\johns\\AppData\\Local\\Arm\\Packs\\ARM\\CMSIS\\5.8.0\\CMSIS\\DSP\\Source\\BasicMathFunctions\\BasicMathFunctionsF16.c 0x00000000   Number         0  basicmathfunctionsf16.o ABSOLUTE
    C:\\Users\\johns\\AppData\\Local\\Arm\\Packs\\ARM\\CMSIS\\5.8.0\\CMSIS\\DSP\\Source\\BayesFunctions\\BayesFunctions.c 0x00000000   Number         0  bayesfunctions.o ABSOLUTE
    C:\\Users\\johns\\AppData\\Local\\Arm\\Packs\\ARM\\CMSIS\\5.8.0\\CMSIS\\DSP\\Source\\BayesFunctions\\BayesFunctionsF16.c 0x00000000   Number         0  bayesfunctionsf16.o ABSOLUTE
    C:\\Users\\johns\\AppData\\Local\\Arm\\Packs\\ARM\\CMSIS\\5.8.0\\CMSIS\\DSP\\Source\\CommonTables\\CommonTables.c 0x00000000   Number         0  commontables.o ABSOLUTE
    C:\\Users\\johns\\AppData\\Local\\Arm\\Packs\\ARM\\CMSIS\\5.8.0\\CMSIS\\DSP\\Source\\CommonTables\\CommonTablesF16.c 0x00000000   Number         0  commontablesf16.o ABSOLUTE
    C:\\Users\\johns\\AppData\\Local\\Arm\\Packs\\ARM\\CMSIS\\5.8.0\\CMSIS\\DSP\\Source\\ComplexMathFunctions\\ComplexMathFunctions.c 0x00000000   Number         0  complexmathfunctions.o ABSOLUTE
    C:\\Users\\johns\\AppData\\Local\\Arm\\Packs\\ARM\\CMSIS\\5.8.0\\CMSIS\\DSP\\Source\\ComplexMathFunctions\\ComplexMathFunctionsF16.c 0x00000000   Number         0  complexmathfunctionsf16.o ABSOLUTE
    C:\\Users\\johns\\AppData\\Local\\Arm\\Packs\\ARM\\CMSIS\\5.8.0\\CMSIS\\DSP\\Source\\ControllerFunctions\\ControllerFunctions.c 0x00000000   Number         0  controllerfunctions.o ABSOLUTE
    C:\\Users\\johns\\AppData\\Local\\Arm\\Packs\\ARM\\CMSIS\\5.8.0\\CMSIS\\DSP\\Source\\DistanceFunctions\\DistanceFunctions.c 0x00000000   Number         0  distancefunctions.o ABSOLUTE
    C:\\Users\\johns\\AppData\\Local\\Arm\\Packs\\ARM\\CMSIS\\5.8.0\\CMSIS\\DSP\\Source\\DistanceFunctions\\DistanceFunctionsF16.c 0x00000000   Number         0  distancefunctionsf16.o ABSOLUTE
    C:\\Users\\johns\\AppData\\Local\\Arm\\Packs\\ARM\\CMSIS\\5.8.0\\CMSIS\\DSP\\Source\\FastMathFunctions\\FastMathFunctions.c 0x00000000   Number         0  fastmathfunctions.o ABSOLUTE
    C:\\Users\\johns\\AppData\\Local\\Arm\\Packs\\ARM\\CMSIS\\5.8.0\\CMSIS\\DSP\\Source\\FastMathFunctions\\FastMathFunctionsF16.c 0x00000000   Number         0  fastmathfunctionsf16.o ABSOLUTE
    C:\\Users\\johns\\AppData\\Local\\Arm\\Packs\\ARM\\CMSIS\\5.8.0\\CMSIS\\DSP\\Source\\FilteringFunctions\\FilteringFunctions.c 0x00000000   Number         0  filteringfunctions.o ABSOLUTE
    C:\\Users\\johns\\AppData\\Local\\Arm\\Packs\\ARM\\CMSIS\\5.8.0\\CMSIS\\DSP\\Source\\FilteringFunctions\\FilteringFunctionsF16.c 0x00000000   Number         0  filteringfunctionsf16.o ABSOLUTE
    C:\\Users\\johns\\AppData\\Local\\Arm\\Packs\\ARM\\CMSIS\\5.8.0\\CMSIS\\DSP\\Source\\InterpolationFunctions\\InterpolationFunctions.c 0x00000000   Number         0  interpolationfunctions.o ABSOLUTE
    C:\\Users\\johns\\AppData\\Local\\Arm\\Packs\\ARM\\CMSIS\\5.8.0\\CMSIS\\DSP\\Source\\InterpolationFunctions\\InterpolationFunctionsF16.c 0x00000000   Number         0  interpolationfunctionsf16.o ABSOLUTE
    C:\\Users\\johns\\AppData\\Local\\Arm\\Packs\\ARM\\CMSIS\\5.8.0\\CMSIS\\DSP\\Source\\MatrixFunctions\\MatrixFunctions.c 0x00000000   Number         0  matrixfunctions.o ABSOLUTE
    C:\\Users\\johns\\AppData\\Local\\Arm\\Packs\\ARM\\CMSIS\\5.8.0\\CMSIS\\DSP\\Source\\MatrixFunctions\\MatrixFunctionsF16.c 0x00000000   Number         0  matrixfunctionsf16.o ABSOLUTE
    C:\\Users\\johns\\AppData\\Local\\Arm\\Packs\\ARM\\CMSIS\\5.8.0\\CMSIS\\DSP\\Source\\QuaternionMathFunctions\\QuaternionMathFunctions.c 0x00000000   Number         0  quaternionmathfunctions.o ABSOLUTE
    C:\\Users\\johns\\AppData\\Local\\Arm\\Packs\\ARM\\CMSIS\\5.8.0\\CMSIS\\DSP\\Source\\SVMFunctions\\SVMFunctions.c 0x00000000   Number         0  svmfunctions.o ABSOLUTE
    C:\\Users\\johns\\AppData\\Local\\Arm\\Packs\\ARM\\CMSIS\\5.8.0\\CMSIS\\DSP\\Source\\SVMFunctions\\SVMFunctionsF16.c 0x00000000   Number         0  svmfunctionsf16.o ABSOLUTE
    C:\\Users\\johns\\AppData\\Local\\Arm\\Packs\\ARM\\CMSIS\\5.8.0\\CMSIS\\DSP\\Source\\StatisticsFunctions\\StatisticsFunctions.c 0x00000000   Number         0  statisticsfunctions.o ABSOLUTE
    C:\\Users\\johns\\AppData\\Local\\Arm\\Packs\\ARM\\CMSIS\\5.8.0\\CMSIS\\DSP\\Source\\StatisticsFunctions\\StatisticsFunctionsF16.c 0x00000000   Number         0  statisticsfunctionsf16.o ABSOLUTE
    C:\\Users\\johns\\AppData\\Local\\Arm\\Packs\\ARM\\CMSIS\\5.8.0\\CMSIS\\DSP\\Source\\SupportFunctions\\SupportFunctions.c 0x00000000   Number         0  supportfunctions.o ABSOLUTE
    C:\\Users\\johns\\AppData\\Local\\Arm\\Packs\\ARM\\CMSIS\\5.8.0\\CMSIS\\DSP\\Source\\SupportFunctions\\SupportFunctionsF16.c 0x00000000   Number         0  supportfunctionsf16.o ABSOLUTE
    C:\\Users\\johns\\AppData\\Local\\Arm\\Packs\\ARM\\CMSIS\\5.8.0\\CMSIS\\DSP\\Source\\TransformFunctions\\TransformFunctions.c 0x00000000   Number         0  transformfunctions.o ABSOLUTE
    C:\\Users\\johns\\AppData\\Local\\Arm\\Packs\\ARM\\CMSIS\\5.8.0\\CMSIS\\DSP\\Source\\TransformFunctions\\TransformFunctionsF16.c 0x00000000   Number         0  transformfunctionsf16.o ABSOLUTE
    RTE\Device\ADuCM3029\system_ADuCM3029.c  0x00000000   Number         0  system_aducm3029.o ABSOLUTE
    RTE\\Device\\ADuCM3029\\startup_ADuCM3029.s 0x00000000   Number         0  startup_aducm3029.o ABSOLUTE
    RTE\\Device\\ADuCM3029\\system_ADuCM3029.c 0x00000000   Number         0  system_aducm3029.o ABSOLUTE
    cdcmple.s                                0x00000000   Number         0  cdcmple.o ABSOLUTE
    cdrcmple.s                               0x00000000   Number         0  cdrcmple.o ABSOLUTE
    cfcmple.s                                0x00000000   Number         0  cfcmple.o ABSOLUTE
    cfrcmple.s                               0x00000000   Number         0  cfrcmple.o ABSOLUTE
    dc.s                                     0x00000000   Number         0  dc.o ABSOLUTE
    handlers.s                               0x00000000   Number         0  handlers.o ABSOLUTE
    init.s                                   0x00000000   Number         0  init.o ABSOLUTE
    main.c                                   0x00000000   Number         0  main.o ABSOLUTE
    main.c                                   0x00000000   Number         0  main.o ABSOLUTE
    .ARM.Collect$$$$00000000                 0x00000144   Section        0  entry.o(.ARM.Collect$$$$00000000)
    .ARM.Collect$$$$00000001                 0x00000144   Section        4  entry2.o(.ARM.Collect$$$$00000001)
    .ARM.Collect$$$$00000004                 0x00000148   Section        4  entry5.o(.ARM.Collect$$$$00000004)
    .ARM.Collect$$$$00000008                 0x0000014c   Section        0  entry7b.o(.ARM.Collect$$$$00000008)
    .ARM.Collect$$$$0000000A                 0x0000014c   Section        0  entry8b.o(.ARM.Collect$$$$0000000A)
    .ARM.Collect$$$$0000000B                 0x0000014c   Section        8  entry9a.o(.ARM.Collect$$$$0000000B)
    .ARM.Collect$$$$0000000D                 0x00000154   Section        0  entry10a.o(.ARM.Collect$$$$0000000D)
    .ARM.Collect$$$$0000000F                 0x00000154   Section        0  entry11a.o(.ARM.Collect$$$$0000000F)
    .ARM.Collect$$$$00002712                 0x00000154   Section        4  entry2.o(.ARM.Collect$$$$00002712)
    __lit__00000000                          0x00000154   Data           4  entry2.o(.ARM.Collect$$$$00002712)
    .text                                    0x00000158   Section       36  startup_aducm3029.o(.text)
    .text                                    0x0000017c   Section        0  iusefp.o(.text)
    i.__mathlib_dbl_infnan2                  0x0000017c   Section        0  dunder.o(i.__mathlib_dbl_infnan2)
    .ARM.__AT_0x00000180                     0x00000180   Section       32  system_aducm3029.o(.ARM.__AT_0x00000180)
    .text                                    0x000001a0   Section        0  uldiv.o(.text)
    .text                                    0x00000202   Section        0  llshl.o(.text)
    .text                                    0x00000220   Section        0  llsshr.o(.text)
    .text                                    0x00000244   Section        0  memcpya.o(.text)
    .text                                    0x00000268   Section        0  memseta.o(.text)
    .text                                    0x0000028c   Section        0  strcpy.o(.text)
    .text                                    0x0000029e   Section        0  fadd.o(.text)
    .text                                    0x0000034e   Section        0  fmul.o(.text)
    .text                                    0x000003b2   Section        0  fdiv.o(.text)
    .text                                    0x0000042e   Section        0  dadd.o(.text)
    .text                                    0x0000057c   Section        0  dmul.o(.text)
    .text                                    0x00000660   Section        0  ddiv.o(.text)
    .text                                    0x0000073e   Section        0  fflti.o(.text)
    .text                                    0x00000750   Section        0  ffltui.o(.text)
    .text                                    0x0000075a   Section        0  ffltl.o(.text)
    .text                                    0x00000786   Section        0  dfltui.o(.text)
    .text                                    0x000007a0   Section        0  ffixui.o(.text)
    .text                                    0x000007c8   Section        0  f2d.o(.text)
    .text                                    0x000007f0   Section       48  cdcmple.o(.text)
    .text                                    0x00000820   Section       48  cdrcmple.o(.text)
    .text                                    0x00000850   Section        0  d2f.o(.text)
    .text                                    0x00000888   Section       20  cfcmple.o(.text)
    .text                                    0x0000089c   Section       20  cfrcmple.o(.text)
    .text                                    0x000008b0   Section        0  uidiv.o(.text)
    .text                                    0x000008dc   Section        0  llushr.o(.text)
    .text                                    0x000008fc   Section        0  fepilogue.o(.text)
    .text                                    0x0000096a   Section        0  depilogue.o(.text)
    .text                                    0x00000a24   Section        0  dscalb.o(.text)
    .text                                    0x00000a52   Section        0  dsqrt.o(.text)
    .text                                    0x00000af4   Section        0  dflti.o(.text)
    .text                                    0x00000b16   Section        0  dfixul.o(.text)
    .text                                    0x00000b48   Section       36  init.o(.text)
    .text                                    0x00000b6c   Section        0  __dczerorl2.o(.text)
    i.AD5940BATStructInit                    0x00000bc4   Section        0  ad5940main.o(i.AD5940BATStructInit)
    i.AD5940PlatformCfg                      0x00000c3c   Section        0  ad5940main.o(i.AD5940PlatformCfg)
    AD5940PlatformCfg                        0x00000c3d   Thumb Code   156  ad5940main.o(i.AD5940PlatformCfg)
    i.AD5940_ADCBaseCfgS                     0x00000cdc   Section        0  ad5940.o(i.AD5940_ADCBaseCfgS)
    i.AD5940_ADCDigCompCfgS                  0x00000cfc   Section        0  ad5940.o(i.AD5940_ADCDigCompCfgS)
    i.AD5940_ADCFilterCfgS                   0x00000d2a   Section        0  ad5940.o(i.AD5940_ADCFilterCfgS)
    i.AD5940_AFECtrlS                        0x00000d7e   Section        0  ad5940.o(i.AD5940_AFECtrlS)
    i.AD5940_AFEPwrBW                        0x00000ddc   Section        0  ad5940.o(i.AD5940_AFEPwrBW)
    i.AD5940_AGPIOCfg                        0x00000df4   Section        0  ad5940.o(i.AD5940_AGPIOCfg)
    i.AD5940_AGPIOFuncCfg                    0x00000e1a   Section        0  ad5940.o(i.AD5940_AGPIOFuncCfg)
    i.AD5940_AGPIOIen                        0x00000e28   Section        0  ad5940.o(i.AD5940_AGPIOIen)
    i.AD5940_AGPIOOen                        0x00000e36   Section        0  ad5940.o(i.AD5940_AGPIOOen)
    i.AD5940_AGPIOPen                        0x00000e44   Section        0  ad5940.o(i.AD5940_AGPIOPen)
    i.AD5940_CLKCfg                          0x00000e52   Section        0  ad5940.o(i.AD5940_CLKCfg)
    i.AD5940_ChgSinFreq                      0x00000f74   Section        0  ad5940main.o(i.AD5940_ChgSinFreq)
    i.AD5940_ClksCalculate                   0x00000f80   Section        0  ad5940.o(i.AD5940_ClksCalculate)
    i.AD5940_ClrMCUIntFlag                   0x00001140   Section        0  adicup3029port.o(i.AD5940_ClrMCUIntFlag)
    i.AD5940_ComplexDivFloat                 0x00001158   Section        0  ad5940.o(i.AD5940_ComplexDivFloat)
    i.AD5940_CsClr                           0x000011d8   Section        0  adicup3029port.o(i.AD5940_CsClr)
    i.AD5940_CsSet                           0x000011e8   Section        0  adicup3029port.o(i.AD5940_CsSet)
    i.AD5940_DFTCfgS                         0x000011f8   Section        0  ad5940.o(i.AD5940_DFTCfgS)
    i.AD5940_DSPCfgS                         0x0000124e   Section        0  ad5940.o(i.AD5940_DSPCfgS)
    i.AD5940_Delay10us                       0x0000127c   Section        0  adicup3029port.o(i.AD5940_Delay10us)
    i.AD5940_EnterSleepS                     0x000012d8   Section        0  ad5940.o(i.AD5940_EnterSleepS)
    i.AD5940_FIFOCfg                         0x000012f0   Section        0  ad5940.o(i.AD5940_FIFOCfg)
    i.AD5940_FIFOCtrlS                       0x0000134c   Section        0  ad5940.o(i.AD5940_FIFOCtrlS)
    i.AD5940_FIFOGetCnt                      0x0000136c   Section        0  ad5940.o(i.AD5940_FIFOGetCnt)
    i.AD5940_FIFORd                          0x0000137a   Section        0  ad5940.o(i.AD5940_FIFORd)
    i.AD5940_FIFOThrshSet                    0x0000141a   Section        0  ad5940.o(i.AD5940_FIFOThrshSet)
    i.AD5940_GetMCUIntFlag                   0x0000142c   Section        0  adicup3029port.o(i.AD5940_GetMCUIntFlag)
    i.AD5940_HFOSC32MHzCtrl                  0x00001438   Section        0  ad5940.o(i.AD5940_HFOSC32MHzCtrl)
    i.AD5940_HSDacCfgS                       0x000014c2   Section        0  ad5940.o(i.AD5940_HSDacCfgS)
    i.AD5940_HSLoopCfgS                      0x000014ee   Section        0  ad5940.o(i.AD5940_HSLoopCfgS)
    i.AD5940_HSTIACfgS                       0x00001512   Section        0  ad5940.o(i.AD5940_HSTIACfgS)
    i.AD5940_HWReset                         0x0000157c   Section        0  ad5940.o(i.AD5940_HWReset)
    i.AD5940_INTCCfg                         0x00001596   Section        0  ad5940.o(i.AD5940_INTCCfg)
    i.AD5940_INTCClrFlag                     0x000015ce   Section        0  ad5940.o(i.AD5940_INTCClrFlag)
    i.AD5940_INTCTestFlag                    0x000015de   Section        0  ad5940.o(i.AD5940_INTCTestFlag)
    i.AD5940_Initialize                      0x0000160c   Section        0  ad5940.o(i.AD5940_Initialize)
    i.AD5940_LPAMPCfgS                       0x000016cc   Section        0  ad5940.o(i.AD5940_LPAMPCfgS)
    i.AD5940_LPDAC0WriteS                    0x00001736   Section        0  ad5940.o(i.AD5940_LPDAC0WriteS)
    i.AD5940_LPDAC1WriteS                    0x00001752   Section        0  ad5940.o(i.AD5940_LPDAC1WriteS)
    i.AD5940_LPDACCfgS                       0x0000176e   Section        0  ad5940.o(i.AD5940_LPDACCfgS)
    i.AD5940_LPLoopCfgS                      0x000017e2   Section        0  ad5940.o(i.AD5940_LPLoopCfgS)
    i.AD5940_MCUResourceInit                 0x000017f8   Section        0  adicup3029port.o(i.AD5940_MCUResourceInit)
    i.AD5940_Main                            0x000018b4   Section        0  ad5940main.o(i.AD5940_Main)
    i.AD5940_Notch50HzAvailable              0x00001920   Section        0  ad5940.o(i.AD5940_Notch50HzAvailable)
    i.AD5940_Notch60HzAvailable              0x00001a0c   Section        0  ad5940.o(i.AD5940_Notch60HzAvailable)
    i.AD5940_REFCfgS                         0x00001aec   Section        0  ad5940.o(i.AD5940_REFCfgS)
    i.AD5940_ReadReg                         0x00001b9c   Section        0  ad5940.o(i.AD5940_ReadReg)
    i.AD5940_ReadWrite16B                    0x00001bbc   Section        0  ad5940.o(i.AD5940_ReadWrite16B)
    AD5940_ReadWrite16B                      0x00001bbd   Thumb Code    40  ad5940.o(i.AD5940_ReadWrite16B)
    i.AD5940_ReadWrite32B                    0x00001be4   Section        0  ad5940.o(i.AD5940_ReadWrite32B)
    AD5940_ReadWrite32B                      0x00001be5   Thumb Code    68  ad5940.o(i.AD5940_ReadWrite32B)
    i.AD5940_ReadWrite8B                     0x00001c28   Section        0  ad5940.o(i.AD5940_ReadWrite8B)
    AD5940_ReadWrite8B                       0x00001c29   Thumb Code    22  ad5940.o(i.AD5940_ReadWrite8B)
    i.AD5940_ReadWriteNBytes                 0x00001c3e   Section        0  adicup3029port.o(i.AD5940_ReadWriteNBytes)
    i.AD5940_RstClr                          0x00001ca4   Section        0  adicup3029port.o(i.AD5940_RstClr)
    i.AD5940_RstSet                          0x00001cb0   Section        0  adicup3029port.o(i.AD5940_RstSet)
    i.AD5940_SEQCfg                          0x00001cbc   Section        0  ad5940.o(i.AD5940_SEQCfg)
    i.AD5940_SEQCmdWrite                     0x00001d34   Section        0  ad5940.o(i.AD5940_SEQCmdWrite)
    i.AD5940_SEQCycleTime                    0x00001d60   Section        0  ad5940.o(i.AD5940_SEQCycleTime)
    i.AD5940_SEQGenCtrl                      0x00001da8   Section        0  ad5940.o(i.AD5940_SEQGenCtrl)
    i.AD5940_SEQGenFetchSeq                  0x00001dc4   Section        0  ad5940.o(i.AD5940_SEQGenFetchSeq)
    i.AD5940_SEQGenGetRegDefault             0x00001de0   Section        0  ad5940.o(i.AD5940_SEQGenGetRegDefault)
    AD5940_SEQGenGetRegDefault               0x00001de1   Thumb Code    18  ad5940.o(i.AD5940_SEQGenGetRegDefault)
    i.AD5940_SEQGenInit                      0x00001df4   Section        0  ad5940.o(i.AD5940_SEQGenInit)
    i.AD5940_SEQGenInsert                    0x00001e1c   Section        0  ad5940.o(i.AD5940_SEQGenInsert)
    i.AD5940_SEQGenSearchReg                 0x00001e54   Section        0  ad5940.o(i.AD5940_SEQGenSearchReg)
    AD5940_SEQGenSearchReg                   0x00001e55   Thumb Code    46  ad5940.o(i.AD5940_SEQGenSearchReg)
    i.AD5940_SEQInfoCfg                      0x00001e88   Section        0  ad5940.o(i.AD5940_SEQInfoCfg)
    i.AD5940_SEQMmrTrig                      0x00001efc   Section        0  ad5940.o(i.AD5940_SEQMmrTrig)
    i.AD5940_SEQReadReg                      0x00001f18   Section        0  ad5940.o(i.AD5940_SEQReadReg)
    AD5940_SEQReadReg                        0x00001f19   Thumb Code    50  ad5940.o(i.AD5940_SEQReadReg)
    i.AD5940_SEQRegInfoInsert                0x00001f50   Section        0  ad5940.o(i.AD5940_SEQRegInfoInsert)
    AD5940_SEQRegInfoInsert                  0x00001f51   Thumb Code    86  ad5940.o(i.AD5940_SEQRegInfoInsert)
    i.AD5940_SEQWriteReg                     0x00001fac   Section        0  ad5940.o(i.AD5940_SEQWriteReg)
    AD5940_SEQWriteReg                       0x00001fad   Thumb Code   118  ad5940.o(i.AD5940_SEQWriteReg)
    i.AD5940_SPIReadReg                      0x00002028   Section        0  ad5940.o(i.AD5940_SPIReadReg)
    AD5940_SPIReadReg                        0x00002029   Thumb Code    82  ad5940.o(i.AD5940_SPIReadReg)
    i.AD5940_SPIWriteReg                     0x0000207a   Section        0  ad5940.o(i.AD5940_SPIWriteReg)
    AD5940_SPIWriteReg                       0x0000207b   Thumb Code    70  ad5940.o(i.AD5940_SPIWriteReg)
    i.AD5940_SWMatrixCfgS                    0x000020c0   Section        0  ad5940.o(i.AD5940_SWMatrixCfgS)
    i.AD5940_SleepKeyCtrlS                   0x000020fa   Section        0  ad5940.o(i.AD5940_SleepKeyCtrlS)
    i.AD5940_StatisticCfgS                   0x0000210a   Section        0  ad5940.o(i.AD5940_StatisticCfgS)
    i.AD5940_SweepNext                       0x00002134   Section        0  ad5940.o(i.AD5940_SweepNext)
    i.AD5940_WGCfgS                          0x00002350   Section        0  ad5940.o(i.AD5940_WGCfgS)
    i.AD5940_WGFreqCtrlS                     0x000023fa   Section        0  ad5940.o(i.AD5940_WGFreqCtrlS)
    i.AD5940_WGFreqWordCal                   0x00002418   Section        0  ad5940.o(i.AD5940_WGFreqWordCal)
    i.AD5940_WUPTCtrl                        0x000024a0   Section        0  ad5940.o(i.AD5940_WUPTCtrl)
    i.AD5940_WakeUp                          0x000024c6   Section        0  ad5940.o(i.AD5940_WakeUp)
    i.AD5940_WriteReg                        0x000024f8   Section        0  ad5940.o(i.AD5940_WriteReg)
    i.AppBATCheckFreq                        0x00002520   Section        0  batimpedance.o(i.AppBATCheckFreq)
    i.AppBATCtrl                             0x00002674   Section        0  batimpedance.o(i.AppBATCtrl)
    i.AppBATDataProcess                      0x000027d8   Section        0  batimpedance.o(i.AppBATDataProcess)
    AppBATDataProcess                        0x000027d9   Thumb Code   412  batimpedance.o(i.AppBATDataProcess)
    i.AppBATGetCfg                           0x0000297c   Section        0  batimpedance.o(i.AppBATGetCfg)
    i.AppBATISR                              0x00002994   Section        0  batimpedance.o(i.AppBATISR)
    i.AppBATInit                             0x00002a14   Section        0  batimpedance.o(i.AppBATInit)
    i.AppBATMeasureRCAL                      0x00002b54   Section        0  batimpedance.o(i.AppBATMeasureRCAL)
    i.AppBATRegModify                        0x00002c7c   Section        0  batimpedance.o(i.AppBATRegModify)
    AppBATRegModify                          0x00002c7d   Thumb Code   104  batimpedance.o(i.AppBATRegModify)
    i.AppBATSeqCfgGen                        0x00002ce8   Section        0  batimpedance.o(i.AppBATSeqCfgGen)
    AppBATSeqCfgGen                          0x00002ce9   Thumb Code   554  batimpedance.o(i.AppBATSeqCfgGen)
    i.AppBATSeqMeasureGen                    0x00002f34   Section        0  batimpedance.o(i.AppBATSeqMeasureGen)
    AppBATSeqMeasureGen                      0x00002f35   Thumb Code   312  batimpedance.o(i.AppBATSeqMeasureGen)
    i.Arduino_WriteDn                        0x0000308c   Section        0  adicup3029port.o(i.Arduino_WriteDn)
    i.BATShowResult                          0x000030d8   Section        0  ad5940main.o(i.BATShowResult)
    i.Ext_Int0_Handler                       0x00003198   Section        0  adicup3029port.o(i.Ext_Int0_Handler)
    i.MCUPlatformInit                        0x000031ac   Section        0  main.o(i.MCUPlatformInit)
    i.PreCharge                              0x00003210   Section        0  batimpedance.o(i.PreCharge)
    PreCharge                                0x00003211   Thumb Code   100  batimpedance.o(i.PreCharge)
    i.SystemInit                             0x00003278   Section        0  system_aducm3029.o(i.SystemInit)
    i.UART_Int_Handler                       0x000032b8   Section        0  adicup3029port.o(i.UART_Int_Handler)
    i.UrtCfg                                 0x0000332c   Section        0  main.o(i.UrtCfg)
    i.__0printf                              0x000034c4   Section        0  printfa.o(i.__0printf)
    i.__AD5940_SetDExRTIA                    0x000034e4   Section        0  ad5940.o(i.__AD5940_SetDExRTIA)
    __AD5940_SetDExRTIA                      0x000034e5   Thumb Code    90  ad5940.o(i.__AD5940_SetDExRTIA)
    i.__ARM_fpclassify                       0x00003544   Section        0  fpclassify.o(i.__ARM_fpclassify)
    i.__kernel_poly                          0x0000356c   Section        0  poly.o(i.__kernel_poly)
    i.__mathlib_dbl_divzero                  0x00003618   Section        0  dunder.o(i.__mathlib_dbl_divzero)
    i.__mathlib_dbl_infnan                   0x00003628   Section        0  dunder.o(i.__mathlib_dbl_infnan)
    i.__mathlib_dbl_invalid                  0x0000362e   Section        0  dunder.o(i.__mathlib_dbl_invalid)
    i.__mathlib_dbl_overflow                 0x0000363a   Section        0  dunder.o(i.__mathlib_dbl_overflow)
    i.__mathlib_dbl_underflow                0x00003648   Section        0  dunder.o(i.__mathlib_dbl_underflow)
    i.__scatterload_copy                     0x00003658   Section       14  handlers.o(i.__scatterload_copy)
    i.__scatterload_null                     0x00003666   Section        2  handlers.o(i.__scatterload_null)
    i.__scatterload_zeroinit                 0x00003668   Section       14  handlers.o(i.__scatterload_zeroinit)
    i.__set_errno                            0x00003678   Section        0  errno.o(i.__set_errno)
    i._fp_digits                             0x00003684   Section        0  printfa.o(i._fp_digits)
    _fp_digits                               0x00003685   Thumb Code   366  printfa.o(i._fp_digits)
    i._is_value_in_table                     0x00003808   Section        0  ad5940.o(i._is_value_in_table)
    _is_value_in_table                       0x00003809   Thumb Code    32  ad5940.o(i._is_value_in_table)
    i._printf_core                           0x00003828   Section        0  printfa.o(i._printf_core)
    _printf_core                             0x00003829   Thumb Code  1744  printfa.o(i._printf_core)
    i._printf_post_padding                   0x00003f04   Section        0  printfa.o(i._printf_post_padding)
    _printf_post_padding                     0x00003f05   Thumb Code    36  printfa.o(i._printf_post_padding)
    i._printf_pre_padding                    0x00003f28   Section        0  printfa.o(i._printf_pre_padding)
    _printf_pre_padding                      0x00003f29   Thumb Code    46  printfa.o(i._printf_pre_padding)
    i.adi_system_EnableRetention             0x00003f58   Section        0  system_aducm3029.o(i.adi_system_EnableRetention)
    i.fputc                                  0x00003f90   Section        0  main.o(i.fputc)
    i.log                                    0x00003fa8   Section        0  log.o(i.log)
    i.log10                                  0x00004304   Section        0  log10.o(i.log10)
    i.main                                   0x000043e8   Section        0  main.o(i.main)
    i.pow                                    0x00004400   Section        0  pow.o(i.pow)
    i.sqrt                                   0x00004dd8   Section        0  sqrt.o(i.sqrt)
    i.uartCmdProcess                         0x00004e24   Section        0  ad5940main.o(i.uartCmdProcess)
    .constdata                               0x00004e70   Section      416  ad5940.o(.constdata)
    cal_registers                            0x00004f34   Data          20  ad5940.o(.constdata)
    ideal_pga_gain                           0x00004f48   Data          20  ad5940.o(.constdata)
    SeqA                                     0x00005000   Data           4  ad5940.o(.constdata)
    SeqB                                     0x00005004   Data           4  ad5940.o(.constdata)
    SeqBB                                    0x00005008   Data           8  ad5940.o(.constdata)
    .constdata                               0x00005010   Section       56  log.o(.constdata)
    Lg2                                      0x00005010   Data          24  log.o(.constdata)
    Lg                                       0x00005028   Data          32  log.o(.constdata)
    .constdata                               0x00005048   Section      136  pow.o(.constdata)
    bp                                       0x00005048   Data          16  pow.o(.constdata)
    dp_h                                     0x00005058   Data          16  pow.o(.constdata)
    dp_l                                     0x00005068   Data          16  pow.o(.constdata)
    L                                        0x00005078   Data          48  pow.o(.constdata)
    P                                        0x000050a8   Data          40  pow.o(.constdata)
    .constdata                               0x000050d0   Section        8  qnan.o(.constdata)
    .conststring                             0x000050d8   Section       28  ad5940main.o(.conststring)
    .data                                    0x20000000   Section       11  adicup3029port.o(.data)
    ucInterrupted                            0x20000000   Data           4  adicup3029port.o(.data)
    buffIndex                                0x20000004   Data           4  adicup3029port.o(.data)
    .data                                    0x2000000b   Section        1  ad5940.o(.data)
    bIsS2silicon                             0x2000000b   Data           1  ad5940.o(.data)
    .data                                    0x20000010   Section       36  ad5940main.o(.data)
    .data                                    0x20000034   Section      988  batimpedance.o(.data)
    .data                                    0x20000410   Section        4  stdout.o(.data)
    .data                                    0x20000414   Section        4  errno.o(.data)
    _errno                                   0x20000414   Data           4  errno.o(.data)
    .bss                                     0x20000418   Section       28  ad5940.o(.bss)
    .bss                                     0x20000434   Section     2176  ad5940main.o(.bss)
    STACK                                    0x20000cb8   Section     1024  startup_aducm3029.o(STACK)

    Global Symbols

    Symbol Name                              Value     Ov Type        Size  Object(Section)

    BuildAttributes$$THM_ISAv4$P$D$K$B$S$PE$A:L22UL41UL21$X:L11$S22US41US21$IEEE1$IW$USESV6$~STKCKD$USESV7$~SHL$OTIME$ROPI$IEEEX$EBA8$MICROLIB$REQ8$PRES8$EABIv2 0x00000000   Number         0  anon$$obj.o ABSOLUTE
    __ARM_use_no_argv                        0x00000000   Number         0  main.o ABSOLUTE
    __Vectors                                0x00000000   Data           4  startup_aducm3029.o(RESET)
    __use_no_errno                           0x00000000   Number         0  useno.o ABSOLUTE
    __use_no_exception_handling              0x00000000   Number         0  useno.o ABSOLUTE
    __use_no_fp                              0x00000000   Number         0  useno.o ABSOLUTE
    __use_no_heap                            0x00000000   Number         0  useno.o ABSOLUTE
    __use_no_heap_region                     0x00000000   Number         0  useno.o ABSOLUTE
    __use_no_semihosting                     0x00000000   Number         0  useno.o ABSOLUTE
    __use_no_semihosting_swi                 0x00000000   Number         0  useno.o ABSOLUTE
    __use_no_signal_handling                 0x00000000   Number         0  useno.o ABSOLUTE
    _printf_a                                0x00000000   Number         0  stubs.o ABSOLUTE
    _printf_c                                0x00000000   Number         0  stubs.o ABSOLUTE
    _printf_charcount                        0x00000000   Number         0  stubs.o ABSOLUTE
    _printf_d                                0x00000000   Number         0  stubs.o ABSOLUTE
    _printf_e                                0x00000000   Number         0  stubs.o ABSOLUTE
    _printf_f                                0x00000000   Number         0  stubs.o ABSOLUTE
    _printf_flags                            0x00000000   Number         0  stubs.o ABSOLUTE
    _printf_fp_dec                           0x00000000   Number         0  stubs.o ABSOLUTE
    _printf_fp_hex                           0x00000000   Number         0  stubs.o ABSOLUTE
    _printf_g                                0x00000000   Number         0  stubs.o ABSOLUTE
    _printf_i                                0x00000000   Number         0  stubs.o ABSOLUTE
    _printf_int_dec                          0x00000000   Number         0  stubs.o ABSOLUTE
    _printf_l                                0x00000000   Number         0  stubs.o ABSOLUTE
    _printf_lc                               0x00000000   Number         0  stubs.o ABSOLUTE
    _printf_ll                               0x00000000   Number         0  stubs.o ABSOLUTE
    _printf_lld                              0x00000000   Number         0  stubs.o ABSOLUTE
    _printf_lli                              0x00000000   Number         0  stubs.o ABSOLUTE
    _printf_llo                              0x00000000   Number         0  stubs.o ABSOLUTE
    _printf_llu                              0x00000000   Number         0  stubs.o ABSOLUTE
    _printf_llx                              0x00000000   Number         0  stubs.o ABSOLUTE
    _printf_longlong_dec                     0x00000000   Number         0  stubs.o ABSOLUTE
    _printf_longlong_hex                     0x00000000   Number         0  stubs.o ABSOLUTE
    _printf_longlong_oct                     0x00000000   Number         0  stubs.o ABSOLUTE
    _printf_ls                               0x00000000   Number         0  stubs.o ABSOLUTE
    _printf_mbtowc                           0x00000000   Number         0  stubs.o ABSOLUTE
    _printf_n                                0x00000000   Number         0  stubs.o ABSOLUTE
    _printf_o                                0x00000000   Number         0  stubs.o ABSOLUTE
    _printf_p                                0x00000000   Number         0  stubs.o ABSOLUTE
    _printf_percent                          0x00000000   Number         0  stubs.o ABSOLUTE
    _printf_pre_padding                      0x00000000   Number         0  stubs.o ABSOLUTE
    _printf_return_value                     0x00000000   Number         0  stubs.o ABSOLUTE
    _printf_s                                0x00000000   Number         0  stubs.o ABSOLUTE
    _printf_sizespec                         0x00000000   Number         0  stubs.o ABSOLUTE
    _printf_str                              0x00000000   Number         0  stubs.o ABSOLUTE
    _printf_truncate_signed                  0x00000000   Number         0  stubs.o ABSOLUTE
    _printf_truncate_unsigned                0x00000000   Number         0  stubs.o ABSOLUTE
    _printf_u                                0x00000000   Number         0  stubs.o ABSOLUTE
    _printf_wc                               0x00000000   Number         0  stubs.o ABSOLUTE
    _printf_wctomb                           0x00000000   Number         0  stubs.o ABSOLUTE
    _printf_widthprec                        0x00000000   Number         0  stubs.o ABSOLUTE
    _printf_x                                0x00000000   Number         0  stubs.o ABSOLUTE
    __cpp_initialize__aeabi_                  - Undefined Weak Reference
    __cxa_finalize                            - Undefined Weak Reference
    _clock_init                               - Undefined Weak Reference
    _microlib_exit                            - Undefined Weak Reference
    __Vectors_End                            0x00000144   Data           0  startup_aducm3029.o(RESET)
    __Vectors_Size                           0x00000144   Number         0  startup_aducm3029.o ABSOLUTE
    __main                                   0x00000145   Thumb Code     0  entry.o(.ARM.Collect$$$$00000000)
    _main_stk                                0x00000145   Thumb Code     0  entry2.o(.ARM.Collect$$$$00000001)
    _main_scatterload                        0x00000149   Thumb Code     0  entry5.o(.ARM.Collect$$$$00000004)
    __main_after_scatterload                 0x0000014d   Thumb Code     0  entry5.o(.ARM.Collect$$$$00000004)
    _main_clock                              0x0000014d   Thumb Code     0  entry7b.o(.ARM.Collect$$$$00000008)
    _main_cpp_init                           0x0000014d   Thumb Code     0  entry8b.o(.ARM.Collect$$$$0000000A)
    _main_init                               0x0000014d   Thumb Code     0  entry9a.o(.ARM.Collect$$$$0000000B)
    __rt_final_cpp                           0x00000155   Thumb Code     0  entry10a.o(.ARM.Collect$$$$0000000D)
    __rt_final_exit                          0x00000155   Thumb Code     0  entry11a.o(.ARM.Collect$$$$0000000F)
    Reset_Handler                            0x00000159   Thumb Code     8  startup_aducm3029.o(.text)
    NMI_Handler                              0x00000161   Thumb Code     2  startup_aducm3029.o(.text)
    HardFault_Handler                        0x00000163   Thumb Code     2  startup_aducm3029.o(.text)
    MemManage_Handler                        0x00000165   Thumb Code     2  startup_aducm3029.o(.text)
    BusFault_Handler                         0x00000167   Thumb Code     2  startup_aducm3029.o(.text)
    UsageFault_Handler                       0x00000169   Thumb Code     2  startup_aducm3029.o(.text)
    SVC_Handler                              0x0000016b   Thumb Code     2  startup_aducm3029.o(.text)
    DebugMon_Handler                         0x0000016d   Thumb Code     2  startup_aducm3029.o(.text)
    PendSV_Handler                           0x0000016f   Thumb Code     2  startup_aducm3029.o(.text)
    SysTick_Handler                          0x00000171   Thumb Code     2  startup_aducm3029.o(.text)
    ADC_Int_Handler                          0x00000173   Thumb Code     0  startup_aducm3029.o(.text)
    Battery_Voltage_Int_Handler              0x00000173   Thumb Code     0  startup_aducm3029.o(.text)
    Beep_Int_Handler                         0x00000173   Thumb Code     0  startup_aducm3029.o(.text)
    Crypto_Int_Handler                       0x00000173   Thumb Code     0  startup_aducm3029.o(.text)
    Crystal_osc_Int_Handler                  0x00000173   Thumb Code     0  startup_aducm3029.o(.text)
    DMA_ADC0_Int_Handler                     0x00000173   Thumb Code     0  startup_aducm3029.o(.text)
    DMA_AES0_IN_Int_Handler                  0x00000173   Thumb Code     0  startup_aducm3029.o(.text)
    DMA_AES0_OUT_Int_Handler                 0x00000173   Thumb Code     0  startup_aducm3029.o(.text)
    DMA_Err_Int_Handler                      0x00000173   Thumb Code     0  startup_aducm3029.o(.text)
    DMA_FLASH0_Int_Handler                   0x00000173   Thumb Code     0  startup_aducm3029.o(.text)
    DMA_I2C0_MX_Int_Handler                  0x00000173   Thumb Code     0  startup_aducm3029.o(.text)
    DMA_I2C0_SRX_Int_Handler                 0x00000173   Thumb Code     0  startup_aducm3029.o(.text)
    DMA_I2C0_STX_Int_Handler                 0x00000173   Thumb Code     0  startup_aducm3029.o(.text)
    DMA_SIP0_Int_Handler                     0x00000173   Thumb Code     0  startup_aducm3029.o(.text)
    DMA_SIP1_Int_Handler                     0x00000173   Thumb Code     0  startup_aducm3029.o(.text)
    DMA_SIP2_Int_Handler                     0x00000173   Thumb Code     0  startup_aducm3029.o(.text)
    DMA_SIP3_Int_Handler                     0x00000173   Thumb Code     0  startup_aducm3029.o(.text)
    DMA_SIP4_Int_Handler                     0x00000173   Thumb Code     0  startup_aducm3029.o(.text)
    DMA_SIP5_Int_Handler                     0x00000173   Thumb Code     0  startup_aducm3029.o(.text)
    DMA_SIP6_Int_Handler                     0x00000173   Thumb Code     0  startup_aducm3029.o(.text)
    DMA_SIP7_Int_Handler                     0x00000173   Thumb Code     0  startup_aducm3029.o(.text)
    DMA_SPI0_RX_Int_Handler                  0x00000173   Thumb Code     0  startup_aducm3029.o(.text)
    DMA_SPI0_TX_Int_Handler                  0x00000173   Thumb Code     0  startup_aducm3029.o(.text)
    DMA_SPI1_RX_Int_Handler                  0x00000173   Thumb Code     0  startup_aducm3029.o(.text)
    DMA_SPI1_TX_Int_Handler                  0x00000173   Thumb Code     0  startup_aducm3029.o(.text)
    DMA_SPI2_RX_Int_Handler                  0x00000173   Thumb Code     0  startup_aducm3029.o(.text)
    DMA_SPI2_TX_Int_Handler                  0x00000173   Thumb Code     0  startup_aducm3029.o(.text)
    DMA_SPORT0A_Int_Handler                  0x00000173   Thumb Code     0  startup_aducm3029.o(.text)
    DMA_SPORT0B_Int_Handler                  0x00000173   Thumb Code     0  startup_aducm3029.o(.text)
    DMA_UART_RX_Int_Handler                  0x00000173   Thumb Code     0  startup_aducm3029.o(.text)
    DMA_UART_TX_Int_Handler                  0x00000173   Thumb Code     0  startup_aducm3029.o(.text)
    Ext_Int1_Handler                         0x00000173   Thumb Code     0  startup_aducm3029.o(.text)
    Ext_Int2_Handler                         0x00000173   Thumb Code     0  startup_aducm3029.o(.text)
    Ext_Int3_Handler                         0x00000173   Thumb Code     0  startup_aducm3029.o(.text)
    Flash0_Int_Handler                       0x00000173   Thumb Code     0  startup_aducm3029.o(.text)
    GPIO_A_Int_Handler                       0x00000173   Thumb Code     0  startup_aducm3029.o(.text)
    GPIO_B_Int_Handler                       0x00000173   Thumb Code     0  startup_aducm3029.o(.text)
    GP_Tmr0_Int_Handler                      0x00000173   Thumb Code     0  startup_aducm3029.o(.text)
    GP_Tmr1_Int_Handler                      0x00000173   Thumb Code     0  startup_aducm3029.o(.text)
    GP_Tmr2_Int_Handler                      0x00000173   Thumb Code     0  startup_aducm3029.o(.text)
    I2C0_Master_Int_Handler                  0x00000173   Thumb Code     0  startup_aducm3029.o(.text)
    I2C0_Slave_Int_Handler                   0x00000173   Thumb Code     0  startup_aducm3029.o(.text)
    PLL_Int_Handler                          0x00000173   Thumb Code     0  startup_aducm3029.o(.text)
    RNG_Int_Handler                          0x00000173   Thumb Code     0  startup_aducm3029.o(.text)
    RTC0_Int_Handler                         0x00000173   Thumb Code     0  startup_aducm3029.o(.text)
    RTC1_Int_Handler                         0x00000173   Thumb Code     0  startup_aducm3029.o(.text)
    SPI0_Int_Handler                         0x00000173   Thumb Code     0  startup_aducm3029.o(.text)
    SPI1_Int_Handler                         0x00000173   Thumb Code     0  startup_aducm3029.o(.text)
    SPI2_Int_Handler                         0x00000173   Thumb Code     0  startup_aducm3029.o(.text)
    SPORT0A_Int_Handler                      0x00000173   Thumb Code     0  startup_aducm3029.o(.text)
    SPORT0B_Int_Handler                      0x00000173   Thumb Code     0  startup_aducm3029.o(.text)
    Vreg_over_Int_Handler                    0x00000173   Thumb Code     0  startup_aducm3029.o(.text)
    WDog_Tmr_Int_Handler                     0x00000173   Thumb Code     0  startup_aducm3029.o(.text)
    __I$use$fp                               0x0000017d   Thumb Code     0  iusefp.o(.text)
    __mathlib_dbl_infnan2                    0x0000017d   Thumb Code     4  dunder.o(i.__mathlib_dbl_infnan2)
    adi_aducm302x_security_options           0x00000180   Data          32  system_aducm3029.o(.ARM.__AT_0x00000180)
    __aeabi_uldivmod                         0x000001a1   Thumb Code    98  uldiv.o(.text)
    __aeabi_llsl                             0x00000203   Thumb Code    30  llshl.o(.text)
    _ll_shift_l                              0x00000203   Thumb Code     0  llshl.o(.text)
    __aeabi_lasr                             0x00000221   Thumb Code    36  llsshr.o(.text)
    _ll_sshift_r                             0x00000221   Thumb Code     0  llsshr.o(.text)
    __aeabi_memcpy                           0x00000245   Thumb Code    36  memcpya.o(.text)
    __aeabi_memcpy4                          0x00000245   Thumb Code     0  memcpya.o(.text)
    __aeabi_memcpy8                          0x00000245   Thumb Code     0  memcpya.o(.text)
    __aeabi_memset                           0x00000269   Thumb Code    14  memseta.o(.text)
    __aeabi_memset4                          0x00000269   Thumb Code     0  memseta.o(.text)
    __aeabi_memset8                          0x00000269   Thumb Code     0  memseta.o(.text)
    __aeabi_memclr                           0x00000277   Thumb Code     4  memseta.o(.text)
    __aeabi_memclr4                          0x00000277   Thumb Code     0  memseta.o(.text)
    __aeabi_memclr8                          0x00000277   Thumb Code     0  memseta.o(.text)
    _memset$wrapper                          0x0000027b   Thumb Code    18  memseta.o(.text)
    strcpy                                   0x0000028d   Thumb Code    18  strcpy.o(.text)
    __aeabi_fadd                             0x0000029f   Thumb Code   164  fadd.o(.text)
    __aeabi_fsub                             0x00000343   Thumb Code     6  fadd.o(.text)
    __aeabi_frsub                            0x00000349   Thumb Code     6  fadd.o(.text)
    __aeabi_fmul                             0x0000034f   Thumb Code   100  fmul.o(.text)
    __aeabi_fdiv                             0x000003b3   Thumb Code   124  fdiv.o(.text)
    __aeabi_dadd                             0x0000042f   Thumb Code   322  dadd.o(.text)
    __aeabi_dsub                             0x00000571   Thumb Code     6  dadd.o(.text)
    __aeabi_drsub                            0x00000577   Thumb Code     6  dadd.o(.text)
    __aeabi_dmul                             0x0000057d   Thumb Code   228  dmul.o(.text)
    __aeabi_ddiv                             0x00000661   Thumb Code   222  ddiv.o(.text)
    __aeabi_i2f                              0x0000073f   Thumb Code    18  fflti.o(.text)
    __aeabi_ui2f                             0x00000751   Thumb Code    10  ffltui.o(.text)
    __aeabi_l2f                              0x0000075b   Thumb Code    44  ffltl.o(.text)
    __aeabi_ui2d                             0x00000787   Thumb Code    26  dfltui.o(.text)
    __aeabi_f2uiz                            0x000007a1   Thumb Code    40  ffixui.o(.text)
    __aeabi_f2d                              0x000007c9   Thumb Code    38  f2d.o(.text)
    __aeabi_cdcmpeq                          0x000007f1   Thumb Code     0  cdcmple.o(.text)
    __aeabi_cdcmple                          0x000007f1   Thumb Code    48  cdcmple.o(.text)
    __aeabi_cdrcmple                         0x00000821   Thumb Code    48  cdrcmple.o(.text)
    __aeabi_d2f                              0x00000851   Thumb Code    56  d2f.o(.text)
    __aeabi_cfcmpeq                          0x00000889   Thumb Code     0  cfcmple.o(.text)
    __aeabi_cfcmple                          0x00000889   Thumb Code    20  cfcmple.o(.text)
    __aeabi_cfrcmple                         0x0000089d   Thumb Code    20  cfrcmple.o(.text)
    __aeabi_uidiv                            0x000008b1   Thumb Code     0  uidiv.o(.text)
    __aeabi_uidivmod                         0x000008b1   Thumb Code    44  uidiv.o(.text)
    __aeabi_llsr                             0x000008dd   Thumb Code    32  llushr.o(.text)
    _ll_ushift_r                             0x000008dd   Thumb Code     0  llushr.o(.text)
    _float_round                             0x000008fd   Thumb Code    18  fepilogue.o(.text)
    _float_epilogue                          0x0000090f   Thumb Code    92  fepilogue.o(.text)
    _double_round                            0x0000096b   Thumb Code    30  depilogue.o(.text)
    _double_epilogue                         0x00000989   Thumb Code   156  depilogue.o(.text)
    __ARM_scalbn                             0x00000a25   Thumb Code    46  dscalb.o(.text)
    scalbn                                   0x00000a25   Thumb Code     0  dscalb.o(.text)
    _dsqrt                                   0x00000a53   Thumb Code   162  dsqrt.o(.text)
    __aeabi_i2d                              0x00000af5   Thumb Code    34  dflti.o(.text)
    __aeabi_d2ulz                            0x00000b17   Thumb Code    48  dfixul.o(.text)
    __scatterload                            0x00000b49   Thumb Code    28  init.o(.text)
    __scatterload_rt2                        0x00000b49   Thumb Code     0  init.o(.text)
    __decompress                             0x00000b6d   Thumb Code     0  __dczerorl2.o(.text)
    __decompress1                            0x00000b6d   Thumb Code    86  __dczerorl2.o(.text)
    AD5940BATStructInit                      0x00000bc5   Thumb Code    94  ad5940main.o(i.AD5940BATStructInit)
    AD5940_ADCBaseCfgS                       0x00000cdd   Thumb Code    32  ad5940.o(i.AD5940_ADCBaseCfgS)
    AD5940_ADCDigCompCfgS                    0x00000cfd   Thumb Code    46  ad5940.o(i.AD5940_ADCDigCompCfgS)
    AD5940_ADCFilterCfgS                     0x00000d2b   Thumb Code    84  ad5940.o(i.AD5940_ADCFilterCfgS)
    AD5940_AFECtrlS                          0x00000d7f   Thumb Code    94  ad5940.o(i.AD5940_AFECtrlS)
    AD5940_AFEPwrBW                          0x00000ddd   Thumb Code    24  ad5940.o(i.AD5940_AFEPwrBW)
    AD5940_AGPIOCfg                          0x00000df5   Thumb Code    38  ad5940.o(i.AD5940_AGPIOCfg)
    AD5940_AGPIOFuncCfg                      0x00000e1b   Thumb Code    14  ad5940.o(i.AD5940_AGPIOFuncCfg)
    AD5940_AGPIOIen                          0x00000e29   Thumb Code    14  ad5940.o(i.AD5940_AGPIOIen)
    AD5940_AGPIOOen                          0x00000e37   Thumb Code    14  ad5940.o(i.AD5940_AGPIOOen)
    AD5940_AGPIOPen                          0x00000e45   Thumb Code    14  ad5940.o(i.AD5940_AGPIOPen)
    AD5940_CLKCfg                            0x00000e53   Thumb Code   288  ad5940.o(i.AD5940_CLKCfg)
    AD5940_ChgSinFreq                        0x00000f75   Thumb Code     6  ad5940main.o(i.AD5940_ChgSinFreq)
    AD5940_ClksCalculate                     0x00000f81   Thumb Code   442  ad5940.o(i.AD5940_ClksCalculate)
    AD5940_ClrMCUIntFlag                     0x00001141   Thumb Code    16  adicup3029port.o(i.AD5940_ClrMCUIntFlag)
    AD5940_ComplexDivFloat                   0x00001159   Thumb Code   126  ad5940.o(i.AD5940_ComplexDivFloat)
    AD5940_CsClr                             0x000011d9   Thumb Code    10  adicup3029port.o(i.AD5940_CsClr)
    AD5940_CsSet                             0x000011e9   Thumb Code    10  adicup3029port.o(i.AD5940_CsSet)
    AD5940_DFTCfgS                           0x000011f9   Thumb Code    86  ad5940.o(i.AD5940_DFTCfgS)
    AD5940_DSPCfgS                           0x0000124f   Thumb Code    44  ad5940.o(i.AD5940_DSPCfgS)
    AD5940_Delay10us                         0x0000127d   Thumb Code    88  adicup3029port.o(i.AD5940_Delay10us)
    AD5940_EnterSleepS                       0x000012d9   Thumb Code    24  ad5940.o(i.AD5940_EnterSleepS)
    AD5940_FIFOCfg                           0x000012f1   Thumb Code    92  ad5940.o(i.AD5940_FIFOCfg)
    AD5940_FIFOCtrlS                         0x0000134d   Thumb Code    32  ad5940.o(i.AD5940_FIFOCtrlS)
    AD5940_FIFOGetCnt                        0x0000136d   Thumb Code    14  ad5940.o(i.AD5940_FIFOGetCnt)
    AD5940_FIFORd                            0x0000137b   Thumb Code   160  ad5940.o(i.AD5940_FIFORd)
    AD5940_FIFOThrshSet                      0x0000141b   Thumb Code    16  ad5940.o(i.AD5940_FIFOThrshSet)
    AD5940_GetMCUIntFlag                     0x0000142d   Thumb Code     6  adicup3029port.o(i.AD5940_GetMCUIntFlag)
    AD5940_HFOSC32MHzCtrl                    0x00001439   Thumb Code   138  ad5940.o(i.AD5940_HFOSC32MHzCtrl)
    AD5940_HSDacCfgS                         0x000014c3   Thumb Code    44  ad5940.o(i.AD5940_HSDacCfgS)
    AD5940_HSLoopCfgS                        0x000014ef   Thumb Code    36  ad5940.o(i.AD5940_HSLoopCfgS)
    AD5940_HSTIACfgS                         0x00001513   Thumb Code   106  ad5940.o(i.AD5940_HSTIACfgS)
    AD5940_HWReset                           0x0000157d   Thumb Code    26  ad5940.o(i.AD5940_HWReset)
    AD5940_INTCCfg                           0x00001597   Thumb Code    56  ad5940.o(i.AD5940_INTCCfg)
    AD5940_INTCClrFlag                       0x000015cf   Thumb Code    16  ad5940.o(i.AD5940_INTCClrFlag)
    AD5940_INTCTestFlag                      0x000015df   Thumb Code    46  ad5940.o(i.AD5940_INTCTestFlag)
    AD5940_Initialize                        0x0000160d   Thumb Code   128  ad5940.o(i.AD5940_Initialize)
    AD5940_LPAMPCfgS                         0x000016cd   Thumb Code   106  ad5940.o(i.AD5940_LPAMPCfgS)
    AD5940_LPDAC0WriteS                      0x00001737   Thumb Code    28  ad5940.o(i.AD5940_LPDAC0WriteS)
    AD5940_LPDAC1WriteS                      0x00001753   Thumb Code    28  ad5940.o(i.AD5940_LPDAC1WriteS)
    AD5940_LPDACCfgS                         0x0000176f   Thumb Code   116  ad5940.o(i.AD5940_LPDACCfgS)
    AD5940_LPLoopCfgS                        0x000017e3   Thumb Code    20  ad5940.o(i.AD5940_LPLoopCfgS)
    AD5940_MCUResourceInit                   0x000017f9   Thumb Code   180  adicup3029port.o(i.AD5940_MCUResourceInit)
    AD5940_Main                              0x000018b5   Thumb Code    96  ad5940main.o(i.AD5940_Main)
    AD5940_Notch50HzAvailable                0x00001921   Thumb Code   196  ad5940.o(i.AD5940_Notch50HzAvailable)
    AD5940_Notch60HzAvailable                0x00001a0d   Thumb Code   192  ad5940.o(i.AD5940_Notch60HzAvailable)
    AD5940_REFCfgS                           0x00001aed   Thumb Code   176  ad5940.o(i.AD5940_REFCfgS)
    AD5940_ReadReg                           0x00001b9d   Thumb Code    28  ad5940.o(i.AD5940_ReadReg)
    AD5940_ReadWriteNBytes                   0x00001c3f   Thumb Code   100  adicup3029port.o(i.AD5940_ReadWriteNBytes)
    AD5940_RstClr                            0x00001ca5   Thumb Code     8  adicup3029port.o(i.AD5940_RstClr)
    AD5940_RstSet                            0x00001cb1   Thumb Code     8  adicup3029port.o(i.AD5940_RstSet)
    AD5940_SEQCfg                            0x00001cbd   Thumb Code   120  ad5940.o(i.AD5940_SEQCfg)
    AD5940_SEQCmdWrite                       0x00001d35   Thumb Code    42  ad5940.o(i.AD5940_SEQCmdWrite)
    AD5940_SEQCycleTime                      0x00001d61   Thumb Code    68  ad5940.o(i.AD5940_SEQCycleTime)
    AD5940_SEQGenCtrl                        0x00001da9   Thumb Code    24  ad5940.o(i.AD5940_SEQGenCtrl)
    AD5940_SEQGenFetchSeq                    0x00001dc5   Thumb Code    24  ad5940.o(i.AD5940_SEQGenFetchSeq)
    AD5940_SEQGenInit                        0x00001df5   Thumb Code    36  ad5940.o(i.AD5940_SEQGenInit)
    AD5940_SEQGenInsert                      0x00001e1d   Thumb Code    52  ad5940.o(i.AD5940_SEQGenInsert)
    AD5940_SEQInfoCfg                        0x00001e89   Thumb Code   116  ad5940.o(i.AD5940_SEQInfoCfg)
    AD5940_SEQMmrTrig                        0x00001efd   Thumb Code    28  ad5940.o(i.AD5940_SEQMmrTrig)
    AD5940_SWMatrixCfgS                      0x000020c1   Thumb Code    58  ad5940.o(i.AD5940_SWMatrixCfgS)
    AD5940_SleepKeyCtrlS                     0x000020fb   Thumb Code    16  ad5940.o(i.AD5940_SleepKeyCtrlS)
    AD5940_StatisticCfgS                     0x0000210b   Thumb Code    40  ad5940.o(i.AD5940_StatisticCfgS)
    AD5940_SweepNext                         0x00002135   Thumb Code   534  ad5940.o(i.AD5940_SweepNext)
    AD5940_WGCfgS                            0x00002351   Thumb Code   170  ad5940.o(i.AD5940_WGCfgS)
    AD5940_WGFreqCtrlS                       0x000023fb   Thumb Code    28  ad5940.o(i.AD5940_WGFreqCtrlS)
    AD5940_WGFreqWordCal                     0x00002419   Thumb Code   128  ad5940.o(i.AD5940_WGFreqWordCal)
    AD5940_WUPTCtrl                          0x000024a1   Thumb Code    38  ad5940.o(i.AD5940_WUPTCtrl)
    AD5940_WakeUp                            0x000024c7   Thumb Code    50  ad5940.o(i.AD5940_WakeUp)
    AD5940_WriteReg                          0x000024f9   Thumb Code    34  ad5940.o(i.AD5940_WriteReg)
    AppBATCheckFreq                          0x00002521   Thumb Code   314  batimpedance.o(i.AppBATCheckFreq)
    AppBATCtrl                               0x00002675   Thumb Code   348  batimpedance.o(i.AppBATCtrl)
    AppBATGetCfg                             0x0000297d   Thumb Code    18  batimpedance.o(i.AppBATGetCfg)
    AppBATISR                                0x00002995   Thumb Code   120  batimpedance.o(i.AppBATISR)
    AppBATInit                               0x00002a15   Thumb Code   314  batimpedance.o(i.AppBATInit)
    AppBATMeasureRCAL                        0x00002b55   Thumb Code   254  batimpedance.o(i.AppBATMeasureRCAL)
    Arduino_WriteDn                          0x0000308d   Thumb Code    72  adicup3029port.o(i.Arduino_WriteDn)
    BATShowResult                            0x000030d9   Thumb Code   166  ad5940main.o(i.BATShowResult)
    Ext_Int0_Handler                         0x00003199   Thumb Code    12  adicup3029port.o(i.Ext_Int0_Handler)
    MCUPlatformInit                          0x000031ad   Thumb Code    84  main.o(i.MCUPlatformInit)
    SystemInit                               0x00003279   Thumb Code    54  system_aducm3029.o(i.SystemInit)
    UART_Int_Handler                         0x000032b9   Thumb Code    92  adicup3029port.o(i.UART_Int_Handler)
    UrtCfg                                   0x0000332d   Thumb Code   384  main.o(i.UrtCfg)
    __0printf                                0x000034c5   Thumb Code    22  printfa.o(i.__0printf)
    __1printf                                0x000034c5   Thumb Code     0  printfa.o(i.__0printf)
    __2printf                                0x000034c5   Thumb Code     0  printfa.o(i.__0printf)
    __c89printf                              0x000034c5   Thumb Code     0  printfa.o(i.__0printf)
    printf                                   0x000034c5   Thumb Code     0  printfa.o(i.__0printf)
    __ARM_fpclassify                         0x00003545   Thumb Code    40  fpclassify.o(i.__ARM_fpclassify)
    __kernel_poly                            0x0000356d   Thumb Code   170  poly.o(i.__kernel_poly)
    __mathlib_dbl_divzero                    0x00003619   Thumb Code    12  dunder.o(i.__mathlib_dbl_divzero)
    __mathlib_dbl_infnan                     0x00003629   Thumb Code     6  dunder.o(i.__mathlib_dbl_infnan)
    __mathlib_dbl_invalid                    0x0000362f   Thumb Code    12  dunder.o(i.__mathlib_dbl_invalid)
    __mathlib_dbl_overflow                   0x0000363b   Thumb Code    14  dunder.o(i.__mathlib_dbl_overflow)
    __mathlib_dbl_underflow                  0x00003649   Thumb Code    10  dunder.o(i.__mathlib_dbl_underflow)
    __scatterload_copy                       0x00003659   Thumb Code    14  handlers.o(i.__scatterload_copy)
    __scatterload_null                       0x00003667   Thumb Code     2  handlers.o(i.__scatterload_null)
    __scatterload_zeroinit                   0x00003669   Thumb Code    14  handlers.o(i.__scatterload_zeroinit)
    __set_errno                              0x00003679   Thumb Code     6  errno.o(i.__set_errno)
    adi_system_EnableRetention               0x00003f59   Thumb Code    52  system_aducm3029.o(i.adi_system_EnableRetention)
    fputc                                    0x00003f91   Thumb Code    20  main.o(i.fputc)
    log                                      0x00003fa9   Thumb Code   808  log.o(i.log)
    log10                                    0x00004305   Thumb Code   198  log10.o(i.log10)
    main                                     0x000043e9   Thumb Code    22  main.o(i.main)
    pow                                      0x00004401   Thumb Code  2512  pow.o(i.pow)
    sqrt                                     0x00004dd9   Thumb Code    76  sqrt.o(i.sqrt)
    uartCmdProcess                           0x00004e25   Thumb Code    64  ad5940main.o(i.uartCmdProcess)
    __mathlib_zero                           0x000050d0   Data           8  qnan.o(.constdata)
    Region$$Table$$Base                      0x000050f4   Number         0  anon$$obj.o(Region$$Table)
    Region$$Table$$Limit                     0x00005114   Number         0  anon$$obj.o(Region$$Table)
    frecvFreq                                0x20000008   Data           1  adicup3029port.o(.data)
    isNextFreq                               0x20000009   Data           1  adicup3029port.o(.data)
    isNextCmd                                0x2000000a   Data           1  adicup3029port.o(.data)
    measFreq                                 0x20000010   Data           8  ad5940main.o(.data)
    isMeasuring                              0x20000018   Data           1  ad5940main.o(.data)
    freqUpdate                               0x20000019   Data           1  ad5940main.o(.data)
    NL                                       0x2000001a   Data           1  ad5940main.o(.data)
    recvFloat                                0x2000001c   Data           4  ad5940main.o(.data)
    TI_ACK                                   0x20000020   Data           4  ad5940main.o(.data)
    ADI_ACK                                  0x20000024   Data           4  ad5940main.o(.data)
    AD5940_Init_Done                         0x20000028   Data           4  ad5940main.o(.data)
    AD5940_Measure                           0x2000002c   Data           4  ad5940main.o(.data)
    AD5940_Measure_Done                      0x20000030   Data           4  ad5940main.o(.data)
    AppBATCfg                                0x20000034   Data         988  batimpedance.o(.data)
    __stdout                                 0x20000410   Data           4  stdout.o(.data)
    SeqGenDB                                 0x20000418   Data          28  ad5940.o(.bss)
    AppBuff                                  0x20000434   Data        2048  ad5940main.o(.bss)
    recvData                                 0x20000c34   Data          64  ad5940main.o(.bss)
    recvBuff                                 0x20000c74   Data          64  ad5940main.o(.bss)
    __initial_sp                             0x200010b8   Data           0  startup_aducm3029.o(STACK)



==============================================================================

Memory Map of the image

  Image Entry point : 0x00000159

  Load Region LR_1 (Base: 0x00000000, Size: 0x0000552c, Max: 0xffffffff, ABSOLUTE, COMPRESSED[0x0000515c])

    Execution Region ER_RO (Exec base: 0x00000000, Load base: 0x00000000, Size: 0x00005114, Max: 0xffffffff, ABSOLUTE)

    Exec Addr    Load Addr    Size         Type   Attr      Idx    E Section Name        Object

    0x00000000   0x00000000   0x00000144   Data   RO         5979    RESET               startup_aducm3029.o
    0x00000144   0x00000144   0x00000000   Code   RO         6158  * .ARM.Collect$$$$00000000  mc_w.l(entry.o)
    0x00000144   0x00000144   0x00000004   Code   RO         6526    .ARM.Collect$$$$00000001  mc_w.l(entry2.o)
    0x00000148   0x00000148   0x00000004   Code   RO         6529    .ARM.Collect$$$$00000004  mc_w.l(entry5.o)
    0x0000014c   0x0000014c   0x00000000   Code   RO         6531    .ARM.Collect$$$$00000008  mc_w.l(entry7b.o)
    0x0000014c   0x0000014c   0x00000000   Code   RO         6533    .ARM.Collect$$$$0000000A  mc_w.l(entry8b.o)
    0x0000014c   0x0000014c   0x00000008   Code   RO         6534    .ARM.Collect$$$$0000000B  mc_w.l(entry9a.o)
    0x00000154   0x00000154   0x00000000   Code   RO         6536    .ARM.Collect$$$$0000000D  mc_w.l(entry10a.o)
    0x00000154   0x00000154   0x00000000   Code   RO         6538    .ARM.Collect$$$$0000000F  mc_w.l(entry11a.o)
    0x00000154   0x00000154   0x00000004   Code   RO         6527    .ARM.Collect$$$$00002712  mc_w.l(entry2.o)
    0x00000158   0x00000158   0x00000024   Code   RO         5980  * .text               startup_aducm3029.o
    0x0000017c   0x0000017c   0x00000000   Code   RO         6552    .text               mc_w.l(iusefp.o)
    0x0000017c   0x0000017c   0x00000004   Code   RO         6493    i.__mathlib_dbl_infnan2  m_ws.l(dunder.o)
    0x00000180   0x00000180   0x00000020   Data   RO         5992    .ARM.__AT_0x00000180  system_aducm3029.o
    0x000001a0   0x000001a0   0x00000062   Code   RO         6166    .text               mc_w.l(uldiv.o)
    0x00000202   0x00000202   0x0000001e   Code   RO         6170    .text               mc_w.l(llshl.o)
    0x00000220   0x00000220   0x00000024   Code   RO         6172    .text               mc_w.l(llsshr.o)
    0x00000244   0x00000244   0x00000024   Code   RO         6174    .text               mc_w.l(memcpya.o)
    0x00000268   0x00000268   0x00000024   Code   RO         6176    .text               mc_w.l(memseta.o)
    0x0000028c   0x0000028c   0x00000012   Code   RO         6178    .text               mc_w.l(strcpy.o)
    0x0000029e   0x0000029e   0x000000b0   Code   RO         6443    .text               mf_w.l(fadd.o)
    0x0000034e   0x0000034e   0x00000064   Code   RO         6445    .text               mf_w.l(fmul.o)
    0x000003b2   0x000003b2   0x0000007c   Code   RO         6447    .text               mf_w.l(fdiv.o)
    0x0000042e   0x0000042e   0x0000014e   Code   RO         6449    .text               mf_w.l(dadd.o)
    0x0000057c   0x0000057c   0x000000e4   Code   RO         6451    .text               mf_w.l(dmul.o)
    0x00000660   0x00000660   0x000000de   Code   RO         6453    .text               mf_w.l(ddiv.o)
    0x0000073e   0x0000073e   0x00000012   Code   RO         6455    .text               mf_w.l(fflti.o)
    0x00000750   0x00000750   0x0000000a   Code   RO         6457    .text               mf_w.l(ffltui.o)
    0x0000075a   0x0000075a   0x0000002c   Code   RO         6459    .text               mf_w.l(ffltl.o)
    0x00000786   0x00000786   0x0000001a   Code   RO         6461    .text               mf_w.l(dfltui.o)
    0x000007a0   0x000007a0   0x00000028   Code   RO         6465    .text               mf_w.l(ffixui.o)
    0x000007c8   0x000007c8   0x00000026   Code   RO         6469    .text               mf_w.l(f2d.o)
    0x000007ee   0x000007ee   0x00000002   PAD
    0x000007f0   0x000007f0   0x00000030   Code   RO         6471    .text               mf_w.l(cdcmple.o)
    0x00000820   0x00000820   0x00000030   Code   RO         6473    .text               mf_w.l(cdrcmple.o)
    0x00000850   0x00000850   0x00000038   Code   RO         6475    .text               mf_w.l(d2f.o)
    0x00000888   0x00000888   0x00000014   Code   RO         6477    .text               mf_w.l(cfcmple.o)
    0x0000089c   0x0000089c   0x00000014   Code   RO         6479    .text               mf_w.l(cfrcmple.o)
    0x000008b0   0x000008b0   0x0000002c   Code   RO         6541    .text               mc_w.l(uidiv.o)
    0x000008dc   0x000008dc   0x00000020   Code   RO         6543    .text               mc_w.l(llushr.o)
    0x000008fc   0x000008fc   0x0000006e   Code   RO         6553    .text               mf_w.l(fepilogue.o)
    0x0000096a   0x0000096a   0x000000ba   Code   RO         6561    .text               mf_w.l(depilogue.o)
    0x00000a24   0x00000a24   0x0000002e   Code   RO         6563    .text               mf_w.l(dscalb.o)
    0x00000a52   0x00000a52   0x000000a2   Code   RO         6565    .text               mf_w.l(dsqrt.o)
    0x00000af4   0x00000af4   0x00000022   Code   RO         6567    .text               mf_w.l(dflti.o)
    0x00000b16   0x00000b16   0x00000030   Code   RO         6569    .text               mf_w.l(dfixul.o)
    0x00000b46   0x00000b46   0x00000002   PAD
    0x00000b48   0x00000b48   0x00000024   Code   RO         6575    .text               mc_w.l(init.o)
    0x00000b6c   0x00000b6c   0x00000056   Code   RO         6585    .text               mc_w.l(__dczerorl2.o)
    0x00000bc2   0x00000bc2   0x00000002   PAD
    0x00000bc4   0x00000bc4   0x00000078   Code   RO          954    i.AD5940BATStructInit  ad5940main.o
    0x00000c3c   0x00000c3c   0x000000a0   Code   RO          955    i.AD5940PlatformCfg  ad5940main.o
    0x00000cdc   0x00000cdc   0x00000020   Code   RO          176    i.AD5940_ADCBaseCfgS  ad5940.o
    0x00000cfc   0x00000cfc   0x0000002e   Code   RO          179    i.AD5940_ADCDigCompCfgS  ad5940.o
    0x00000d2a   0x00000d2a   0x00000054   Code   RO          180    i.AD5940_ADCFilterCfgS  ad5940.o
    0x00000d7e   0x00000d7e   0x0000005e   Code   RO          185    i.AD5940_AFECtrlS   ad5940.o
    0x00000ddc   0x00000ddc   0x00000018   Code   RO          186    i.AD5940_AFEPwrBW   ad5940.o
    0x00000df4   0x00000df4   0x00000026   Code   RO          187    i.AD5940_AGPIOCfg   ad5940.o
    0x00000e1a   0x00000e1a   0x0000000e   Code   RO          189    i.AD5940_AGPIOFuncCfg  ad5940.o
    0x00000e28   0x00000e28   0x0000000e   Code   RO          190    i.AD5940_AGPIOIen   ad5940.o
    0x00000e36   0x00000e36   0x0000000e   Code   RO          192    i.AD5940_AGPIOOen   ad5940.o
    0x00000e44   0x00000e44   0x0000000e   Code   RO          193    i.AD5940_AGPIOPen   ad5940.o
    0x00000e52   0x00000e52   0x00000120   Code   RO          196    i.AD5940_CLKCfg     ad5940.o
    0x00000f72   0x00000f72   0x00000002   PAD
    0x00000f74   0x00000f74   0x0000000c   Code   RO          956    i.AD5940_ChgSinFreq  ad5940main.o
    0x00000f80   0x00000f80   0x000001c0   Code   RO          197    i.AD5940_ClksCalculate  ad5940.o
    0x00001140   0x00001140   0x00000018   Code   RO            4    i.AD5940_ClrMCUIntFlag  adicup3029port.o
    0x00001158   0x00001158   0x0000007e   Code   RO          199    i.AD5940_ComplexDivFloat  ad5940.o
    0x000011d6   0x000011d6   0x00000002   PAD
    0x000011d8   0x000011d8   0x00000010   Code   RO            5    i.AD5940_CsClr      adicup3029port.o
    0x000011e8   0x000011e8   0x00000010   Code   RO            6    i.AD5940_CsSet      adicup3029port.o
    0x000011f8   0x000011f8   0x00000056   Code   RO          206    i.AD5940_DFTCfgS    ad5940.o
    0x0000124e   0x0000124e   0x0000002c   Code   RO          207    i.AD5940_DSPCfgS    ad5940.o
    0x0000127a   0x0000127a   0x00000002   PAD
    0x0000127c   0x0000127c   0x0000005c   Code   RO            7    i.AD5940_Delay10us  adicup3029port.o
    0x000012d8   0x000012d8   0x00000018   Code   RO          208    i.AD5940_EnterSleepS  ad5940.o
    0x000012f0   0x000012f0   0x0000005c   Code   RO          209    i.AD5940_FIFOCfg    ad5940.o
    0x0000134c   0x0000134c   0x00000020   Code   RO          210    i.AD5940_FIFOCtrlS  ad5940.o
    0x0000136c   0x0000136c   0x0000000e   Code   RO          212    i.AD5940_FIFOGetCnt  ad5940.o
    0x0000137a   0x0000137a   0x000000a0   Code   RO          213    i.AD5940_FIFORd     ad5940.o
    0x0000141a   0x0000141a   0x00000010   Code   RO          214    i.AD5940_FIFOThrshSet  ad5940.o
    0x0000142a   0x0000142a   0x00000002   PAD
    0x0000142c   0x0000142c   0x0000000c   Code   RO            8    i.AD5940_GetMCUIntFlag  adicup3029port.o
    0x00001438   0x00001438   0x0000008a   Code   RO          217    i.AD5940_HFOSC32MHzCtrl  ad5940.o
    0x000014c2   0x000014c2   0x0000002c   Code   RO          219    i.AD5940_HSDacCfgS  ad5940.o
    0x000014ee   0x000014ee   0x00000024   Code   RO          220    i.AD5940_HSLoopCfgS  ad5940.o
    0x00001512   0x00001512   0x0000006a   Code   RO          223    i.AD5940_HSTIACfgS  ad5940.o
    0x0000157c   0x0000157c   0x0000001a   Code   RO          225    i.AD5940_HWReset    ad5940.o
    0x00001596   0x00001596   0x00000038   Code   RO          226    i.AD5940_INTCCfg    ad5940.o
    0x000015ce   0x000015ce   0x00000010   Code   RO          227    i.AD5940_INTCClrFlag  ad5940.o
    0x000015de   0x000015de   0x0000002e   Code   RO          230    i.AD5940_INTCTestFlag  ad5940.o
    0x0000160c   0x0000160c   0x000000c0   Code   RO          231    i.AD5940_Initialize  ad5940.o
    0x000016cc   0x000016cc   0x0000006a   Code   RO          233    i.AD5940_LPAMPCfgS  ad5940.o
    0x00001736   0x00001736   0x0000001c   Code   RO          234    i.AD5940_LPDAC0WriteS  ad5940.o
    0x00001752   0x00001752   0x0000001c   Code   RO          235    i.AD5940_LPDAC1WriteS  ad5940.o
    0x0000176e   0x0000176e   0x00000074   Code   RO          237    i.AD5940_LPDACCfgS  ad5940.o
    0x000017e2   0x000017e2   0x00000014   Code   RO          239    i.AD5940_LPLoopCfgS  ad5940.o
    0x000017f6   0x000017f6   0x00000002   PAD
    0x000017f8   0x000017f8   0x000000bc   Code   RO            9    i.AD5940_MCUResourceInit  adicup3029port.o
    0x000018b4   0x000018b4   0x0000006c   Code   RO          957    i.AD5940_Main       ad5940main.o
    0x00001920   0x00001920   0x000000ec   Code   RO          245    i.AD5940_Notch50HzAvailable  ad5940.o
    0x00001a0c   0x00001a0c   0x000000e0   Code   RO          246    i.AD5940_Notch60HzAvailable  ad5940.o
    0x00001aec   0x00001aec   0x000000b0   Code   RO          247    i.AD5940_REFCfgS    ad5940.o
    0x00001b9c   0x00001b9c   0x00000020   Code   RO          249    i.AD5940_ReadReg    ad5940.o
    0x00001bbc   0x00001bbc   0x00000028   Code   RO          250    i.AD5940_ReadWrite16B  ad5940.o
    0x00001be4   0x00001be4   0x00000044   Code   RO          251    i.AD5940_ReadWrite32B  ad5940.o
    0x00001c28   0x00001c28   0x00000016   Code   RO          252    i.AD5940_ReadWrite8B  ad5940.o
    0x00001c3e   0x00001c3e   0x00000064   Code   RO           10    i.AD5940_ReadWriteNBytes  adicup3029port.o
    0x00001ca2   0x00001ca2   0x00000002   PAD
    0x00001ca4   0x00001ca4   0x0000000c   Code   RO           11    i.AD5940_RstClr     adicup3029port.o
    0x00001cb0   0x00001cb0   0x0000000c   Code   RO           12    i.AD5940_RstSet     adicup3029port.o
    0x00001cbc   0x00001cbc   0x00000078   Code   RO          253    i.AD5940_SEQCfg     ad5940.o
    0x00001d34   0x00001d34   0x0000002a   Code   RO          254    i.AD5940_SEQCmdWrite  ad5940.o
    0x00001d5e   0x00001d5e   0x00000002   PAD
    0x00001d60   0x00001d60   0x00000048   Code   RO          256    i.AD5940_SEQCycleTime  ad5940.o
    0x00001da8   0x00001da8   0x0000001c   Code   RO          257    i.AD5940_SEQGenCtrl  ad5940.o
    0x00001dc4   0x00001dc4   0x0000001c   Code   RO          258    i.AD5940_SEQGenFetchSeq  ad5940.o
    0x00001de0   0x00001de0   0x00000012   Code   RO          259    i.AD5940_SEQGenGetRegDefault  ad5940.o
    0x00001df2   0x00001df2   0x00000002   PAD
    0x00001df4   0x00001df4   0x00000028   Code   RO          260    i.AD5940_SEQGenInit  ad5940.o
    0x00001e1c   0x00001e1c   0x00000038   Code   RO          261    i.AD5940_SEQGenInsert  ad5940.o
    0x00001e54   0x00001e54   0x00000034   Code   RO          262    i.AD5940_SEQGenSearchReg  ad5940.o
    0x00001e88   0x00001e88   0x00000074   Code   RO          267    i.AD5940_SEQInfoCfg  ad5940.o
    0x00001efc   0x00001efc   0x0000001c   Code   RO          269    i.AD5940_SEQMmrTrig  ad5940.o
    0x00001f18   0x00001f18   0x00000038   Code   RO          270    i.AD5940_SEQReadReg  ad5940.o
    0x00001f50   0x00001f50   0x0000005c   Code   RO          271    i.AD5940_SEQRegInfoInsert  ad5940.o
    0x00001fac   0x00001fac   0x0000007c   Code   RO          273    i.AD5940_SEQWriteReg  ad5940.o
    0x00002028   0x00002028   0x00000052   Code   RO          274    i.AD5940_SPIReadReg  ad5940.o
    0x0000207a   0x0000207a   0x00000046   Code   RO          275    i.AD5940_SPIWriteReg  ad5940.o
    0x000020c0   0x000020c0   0x0000003a   Code   RO          276    i.AD5940_SWMatrixCfgS  ad5940.o
    0x000020fa   0x000020fa   0x00000010   Code   RO          278    i.AD5940_SleepKeyCtrlS  ad5940.o
    0x0000210a   0x0000210a   0x00000028   Code   RO          280    i.AD5940_StatisticCfgS  ad5940.o
    0x00002132   0x00002132   0x00000002   PAD
    0x00002134   0x00002134   0x0000021c   Code   RO          282    i.AD5940_SweepNext  ad5940.o
    0x00002350   0x00002350   0x000000aa   Code   RO          283    i.AD5940_WGCfgS     ad5940.o
    0x000023fa   0x000023fa   0x0000001c   Code   RO          285    i.AD5940_WGFreqCtrlS  ad5940.o
    0x00002416   0x00002416   0x00000002   PAD
    0x00002418   0x00002418   0x00000088   Code   RO          286    i.AD5940_WGFreqWordCal  ad5940.o
    0x000024a0   0x000024a0   0x00000026   Code   RO          288    i.AD5940_WUPTCtrl   ad5940.o
    0x000024c6   0x000024c6   0x00000032   Code   RO          290    i.AD5940_WakeUp     ad5940.o
    0x000024f8   0x000024f8   0x00000028   Code   RO          291    i.AD5940_WriteReg   ad5940.o
    0x00002520   0x00002520   0x00000154   Code   RO         1007    i.AppBATCheckFreq   batimpedance.o
    0x00002674   0x00002674   0x00000164   Code   RO         1008    i.AppBATCtrl        batimpedance.o
    0x000027d8   0x000027d8   0x000001a4   Code   RO         1009    i.AppBATDataProcess  batimpedance.o
    0x0000297c   0x0000297c   0x00000018   Code   RO         1010    i.AppBATGetCfg      batimpedance.o
    0x00002994   0x00002994   0x00000080   Code   RO         1011    i.AppBATISR         batimpedance.o
    0x00002a14   0x00002a14   0x00000140   Code   RO         1012    i.AppBATInit        batimpedance.o
    0x00002b54   0x00002b54   0x00000128   Code   RO         1013    i.AppBATMeasureRCAL  batimpedance.o
    0x00002c7c   0x00002c7c   0x0000006c   Code   RO         1014    i.AppBATRegModify   batimpedance.o
    0x00002ce8   0x00002ce8   0x0000024c   Code   RO         1015    i.AppBATSeqCfgGen   batimpedance.o
    0x00002f34   0x00002f34   0x00000158   Code   RO         1016    i.AppBATSeqMeasureGen  batimpedance.o
    0x0000308c   0x0000308c   0x0000004c   Code   RO           13    i.Arduino_WriteDn   adicup3029port.o
    0x000030d8   0x000030d8   0x000000c0   Code   RO          958    i.BATShowResult     ad5940main.o
    0x00003198   0x00003198   0x00000014   Code   RO           14    i.Ext_Int0_Handler  adicup3029port.o
    0x000031ac   0x000031ac   0x00000064   Code   RO          899    i.MCUPlatformInit   main.o
    0x00003210   0x00003210   0x00000068   Code   RO         1017    i.PreCharge         batimpedance.o
    0x00003278   0x00003278   0x00000040   Code   RO         5988    i.SystemInit        system_aducm3029.o
    0x000032b8   0x000032b8   0x00000074   Code   RO           15    i.UART_Int_Handler  adicup3029port.o
    0x0000332c   0x0000332c   0x00000198   Code   RO          900    i.UrtCfg            main.o
    0x000034c4   0x000034c4   0x00000020   Code   RO         6415    i.__0printf         mc_w.l(printfa.o)
    0x000034e4   0x000034e4   0x00000060   Code   RO          293    i.__AD5940_SetDExRTIA  ad5940.o
    0x00003544   0x00003544   0x00000028   Code   RO         6505    i.__ARM_fpclassify  m_ws.l(fpclassify.o)
    0x0000356c   0x0000356c   0x000000aa   Code   RO         6523    i.__kernel_poly     m_ws.l(poly.o)
    0x00003616   0x00003616   0x00000002   PAD
    0x00003618   0x00003618   0x00000010   Code   RO         6491    i.__mathlib_dbl_divzero  m_ws.l(dunder.o)
    0x00003628   0x00003628   0x00000006   Code   RO         6492    i.__mathlib_dbl_infnan  m_ws.l(dunder.o)
    0x0000362e   0x0000362e   0x0000000c   Code   RO         6494    i.__mathlib_dbl_invalid  m_ws.l(dunder.o)
    0x0000363a   0x0000363a   0x0000000e   Code   RO         6495    i.__mathlib_dbl_overflow  m_ws.l(dunder.o)
    0x00003648   0x00003648   0x00000010   Code   RO         6497    i.__mathlib_dbl_underflow  m_ws.l(dunder.o)
    0x00003658   0x00003658   0x0000000e   Code   RO         6579    i.__scatterload_copy  mc_w.l(handlers.o)
    0x00003666   0x00003666   0x00000002   Code   RO         6580    i.__scatterload_null  mc_w.l(handlers.o)
    0x00003668   0x00003668   0x0000000e   Code   RO         6581    i.__scatterload_zeroinit  mc_w.l(handlers.o)
    0x00003676   0x00003676   0x00000002   PAD
    0x00003678   0x00003678   0x0000000c   Code   RO         6547    i.__set_errno       mc_w.l(errno.o)
    0x00003684   0x00003684   0x00000184   Code   RO         6422    i._fp_digits        mc_w.l(printfa.o)
    0x00003808   0x00003808   0x00000020   Code   RO          295    i._is_value_in_table  ad5940.o
    0x00003828   0x00003828   0x000006dc   Code   RO         6423    i._printf_core      mc_w.l(printfa.o)
    0x00003f04   0x00003f04   0x00000024   Code   RO         6424    i._printf_post_padding  mc_w.l(printfa.o)
    0x00003f28   0x00003f28   0x0000002e   Code   RO         6425    i._printf_pre_padding  mc_w.l(printfa.o)
    0x00003f56   0x00003f56   0x00000002   PAD
    0x00003f58   0x00003f58   0x00000038   Code   RO         5990    i.adi_system_EnableRetention  system_aducm3029.o
    0x00003f90   0x00003f90   0x00000018   Code   RO          901    i.fputc             main.o
    0x00003fa8   0x00003fa8   0x0000035c   Code   RO         6087    i.log               m_ws.l(log.o)
    0x00004304   0x00004304   0x000000e4   Code   RO         6097    i.log10             m_ws.l(log10.o)
    0x000043e8   0x000043e8   0x00000016   Code   RO          902    i.main              main.o
    0x000043fe   0x000043fe   0x00000002   PAD
    0x00004400   0x00004400   0x000009d8   Code   RO         6115    i.pow               m_ws.l(pow.o)
    0x00004dd8   0x00004dd8   0x0000004c   Code   RO         6135    i.sqrt              m_ws.l(sqrt.o)
    0x00004e24   0x00004e24   0x0000004c   Code   RO          959    i.uartCmdProcess    ad5940main.o
    0x00004e70   0x00004e70   0x000001a0   Data   RO          297    .constdata          ad5940.o
    0x00005010   0x00005010   0x00000038   Data   RO         6088    .constdata          m_ws.l(log.o)
    0x00005048   0x00005048   0x00000088   Data   RO         6116    .constdata          m_ws.l(pow.o)
    0x000050d0   0x000050d0   0x00000008   Data   RO         6525    .constdata          m_ws.l(qnan.o)
    0x000050d8   0x000050d8   0x0000001c   Data   RO          961    .conststring        ad5940main.o
    0x000050f4   0x000050f4   0x00000020   Data   RO         6577    Region$$Table       anon$$obj.o


    Execution Region ER_RW (Exec base: 0x20000000, Load base: 0x00005114, Size: 0x00000418, Max: 0xffffffff, ABSOLUTE, COMPRESSED[0x00000048])

    Exec Addr    Load Addr    Size         Type   Attr      Idx    E Section Name        Object

    0x20000000   COMPRESSED   0x0000000b   Data   RW           16    .data               adicup3029port.o
    0x2000000b   COMPRESSED   0x00000001   Data   RW          298    .data               ad5940.o
    0x2000000c   COMPRESSED   0x00000004   PAD
    0x20000010   COMPRESSED   0x00000024   Data   RW          962    .data               ad5940main.o
    0x20000034   COMPRESSED   0x000003dc   Data   RW         1018    .data               batimpedance.o
    0x20000410   COMPRESSED   0x00000004   Data   RW         6540    .data               mc_w.l(stdout.o)
    0x20000414   COMPRESSED   0x00000004   Data   RW         6548    .data               mc_w.l(errno.o)


    Execution Region ER_ZI (Exec base: 0x20000418, Load base: 0x0000515c, Size: 0x00000ca0, Max: 0xffffffff, ABSOLUTE)

    Exec Addr    Load Addr    Size         Type   Attr      Idx    E Section Name        Object

    0x20000418        -       0x0000001c   Zero   RW          296    .bss                ad5940.o
    0x20000434        -       0x00000880   Zero   RW          960    .bss                ad5940main.o
    0x20000cb4   0x0000515c   0x00000004   PAD
    0x20000cb8        -       0x00000400   Zero   RW         5977    STACK               startup_aducm3029.o


==============================================================================

Image component sizes


      Code (inc. data)   RO Data    RW Data    ZI Data      Debug   Object Name

      5728        222        416          1         28     141922   ad5940.o
       668         86         28         36       2176     101801   ad5940main.o
       684         82          0         11          0     149374   adicup3029port.o
      3028        186          0        988          0      10483   batimpedance.o
       554         44          0          0          0       3626   main.o
        36          8        324          0       1024        808   startup_aducm3029.o
       120         14         32          0          0       6061   system_aducm3029.o

    ----------------------------------------------------------------------
     10840        642        832       1040       3232     414075   Object Totals
         0          0         32          0          0          0   (incl. Generated)
        22          0          0          4          4          0   (incl. Padding)

    ----------------------------------------------------------------------

      Code (inc. data)   RO Data    RW Data    ZI Data      Debug   Library Member Name

        68         10          0          0          0        408   dunder.o
        40          0          0          0          0         68   fpclassify.o
       860         52         56          0          0        256   log.o
       228         30          0          0          0        120   log10.o
       170          0          0          0          0         96   poly.o
      2520        190        136          0          0        324   pow.o
         0          0          8          0          0          0   qnan.o
        76          0          0          0          0         84   sqrt.o
        86          0          0          0          0          0   __dczerorl2.o
         0          0          0          0          0          0   entry.o
         0          0          0          0          0          0   entry10a.o
         0          0          0          0          0          0   entry11a.o
         8          4          0          0          0          0   entry2.o
         4          0          0          0          0          0   entry5.o
         0          0          0          0          0          0   entry7b.o
         0          0          0          0          0          0   entry8b.o
         8          4          0          0          0          0   entry9a.o
        12          6          0          4          0         68   errno.o
        30          0          0          0          0          0   handlers.o
        36          8          0          0          0         68   init.o
         0          0          0          0          0          0   iusefp.o
        30          0          0          0          0         68   llshl.o
        36          0          0          0          0         68   llsshr.o
        32          0          0          0          0         68   llushr.o
        36          0          0          0          0         68   memcpya.o
        36          0          0          0          0        108   memseta.o
      2258         90          0          0          0        452   printfa.o
         0          0          0          4          0          0   stdout.o
        18          0          0          0          0         68   strcpy.o
        44          0          0          0          0         80   uidiv.o
        98          0          0          0          0         92   uldiv.o
        48          0          0          0          0         68   cdcmple.o
        48          0          0          0          0         68   cdrcmple.o
        20          0          0          0          0         68   cfcmple.o
        20          0          0          0          0         68   cfrcmple.o
        56          0          0          0          0         88   d2f.o
       334          0          0          0          0        148   dadd.o
       222          0          0          0          0        100   ddiv.o
       186          0          0          0          0        176   depilogue.o
        48          0          0          0          0         68   dfixul.o
        34          0          0          0          0         76   dflti.o
        26          0          0          0          0         76   dfltui.o
       228          0          0          0          0         96   dmul.o
        46          0          0          0          0         80   dscalb.o
       162          0          0          0          0        100   dsqrt.o
        38          0          0          0          0         68   f2d.o
       176          0          0          0          0        140   fadd.o
       124          0          0          0          0         88   fdiv.o
       110          0          0          0          0        168   fepilogue.o
        40          0          0          0          0         68   ffixui.o
        18          0          0          0          0         68   fflti.o
        44          0          0          0          0         92   ffltl.o
        10          0          0          0          0         68   ffltui.o
       100          0          0          0          0         76   fmul.o

    ----------------------------------------------------------------------
      8884        394        200          8          0       4680   Library Totals
        12          0          0          0          0          0   (incl. Padding)

    ----------------------------------------------------------------------

      Code (inc. data)   RO Data    RW Data    ZI Data      Debug   Library Name

      3962        282        200          0          0       1356   m_ws.l
      2772        112          0          8          0       1208   mc_w.l
      2138          0          0          0          0       2116   mf_w.l

    ----------------------------------------------------------------------
      8884        394        200          8          0       4680   Library Totals

    ----------------------------------------------------------------------

==============================================================================


      Code (inc. data)   RO Data    RW Data    ZI Data      Debug   

     19724       1036       1032       1048       3232     411239   Grand Totals
     19724       1036       1032         72       3232     411239   ELF Image Totals (compressed)
     19724       1036       1032         72          0          0   ROM Totals

==============================================================================

    Total RO  Size (Code + RO Data)                20756 (  20.27kB)
    Total RW  Size (RW Data + ZI Data)              4280 (   4.18kB)
    Total ROM Size (Code + RO Data + RW Data)      20828 (  20.34kB)

==============================================================================

