Component: ARM Compiler 5.06 update 6 (build 750) Tool: armlink [4d35ed]

==============================================================================

Section Cross References

    adicup3029port.o(i.AD5940_ClrMCUIntFlag) refers to adicup3029port.o(.data) for ucInterrupted
    adicup3029port.o(i.AD5940_GetMCUIntFlag) refers to adicup3029port.o(.data) for ucInterrupted
    adicup3029port.o(i.AD5940_MCUResourceInit) refers to adicup3029port.o(i.AD5940_CsSet) for AD5940_CsSet
    adicup3029port.o(i.AD5940_MCUResourceInit) refers to adicup3029port.o(i.AD5940_RstSet) for AD5940_RstSet
    adicup3029port.o(i.Ext_Int0_Handler) refers to adicup3029port.o(.data) for ucInterrupted
    ad5940.o(i.AD5940_ADCBaseCfgS) refers to ad5940.o(i.AD5940_WriteReg) for AD5940_WriteReg
    ad5940.o(i.AD5940_ADCCode2Volt) refers to fflti.o(.text) for __aeabi_i2f
    ad5940.o(i.AD5940_ADCCode2Volt) refers to fdiv.o(.text) for __aeabi_fdiv
    ad5940.o(i.AD5940_ADCCode2Volt) refers to fmul.o(.text) for __aeabi_fmul
    ad5940.o(i.AD5940_ADCConvtCtrlS) refers to ad5940.o(i.AD5940_ReadReg) for AD5940_ReadReg
    ad5940.o(i.AD5940_ADCConvtCtrlS) refers to ad5940.o(i.AD5940_WriteReg) for AD5940_WriteReg
    ad5940.o(i.AD5940_ADCDigCompCfgS) refers to ad5940.o(i.AD5940_WriteReg) for AD5940_WriteReg
    ad5940.o(i.AD5940_ADCFilterCfgS) refers to ad5940.o(i.AD5940_ReadReg) for AD5940_ReadReg
    ad5940.o(i.AD5940_ADCFilterCfgS) refers to ad5940.o(i.AD5940_WriteReg) for AD5940_WriteReg
    ad5940.o(i.AD5940_ADCFilterCfgS) refers to ad5940.o(i.AD5940_AFECtrlS) for AD5940_AFECtrlS
    ad5940.o(i.AD5940_ADCMuxCfgS) refers to ad5940.o(i.AD5940_ReadReg) for AD5940_ReadReg
    ad5940.o(i.AD5940_ADCMuxCfgS) refers to ad5940.o(i.AD5940_WriteReg) for AD5940_WriteReg
    ad5940.o(i.AD5940_ADCPGACal) refers to f2d.o(.text) for __aeabi_f2d
    ad5940.o(i.AD5940_ADCPGACal) refers to cdrcmple.o(.text) for __aeabi_cdrcmple
    ad5940.o(i.AD5940_ADCPGACal) refers to ad5940.o(i.__AD5940_ReferenceON) for __AD5940_ReferenceON
    ad5940.o(i.AD5940_ADCPGACal) refers to ad5940.o(i.AD5940_ADCFilterCfgS) for AD5940_ADCFilterCfgS
    ad5940.o(i.AD5940_ADCPGACal) refers to ad5940.o(i.AD5940_AFECtrlS) for AD5940_AFECtrlS
    ad5940.o(i.AD5940_ADCPGACal) refers to adicup3029port.o(i.AD5940_Delay10us) for AD5940_Delay10us
    ad5940.o(i.AD5940_ADCPGACal) refers to ad5940.o(i.AD5940_INTCGetCfg) for AD5940_INTCGetCfg
    ad5940.o(i.AD5940_ADCPGACal) refers to ad5940.o(i.AD5940_INTCCfg) for AD5940_INTCCfg
    ad5940.o(i.AD5940_ADCPGACal) refers to ad5940.o(i.AD5940_WriteReg) for AD5940_WriteReg
    ad5940.o(i.AD5940_ADCPGACal) refers to ad5940.o(i.AD5940_ADCBaseCfgS) for AD5940_ADCBaseCfgS
    ad5940.o(i.AD5940_ADCPGACal) refers to ad5940.o(i.__AD5940_TakeMeasurement) for __AD5940_TakeMeasurement
    ad5940.o(i.AD5940_ADCPGACal) refers to ad5940.o(i.AD5940_ReadReg) for AD5940_ReadReg
    ad5940.o(i.AD5940_ADCPGACal) refers to fadd.o(.text) for __aeabi_fsub
    ad5940.o(i.AD5940_ADCPGACal) refers to fmul.o(.text) for __aeabi_fmul
    ad5940.o(i.AD5940_ADCPGACal) refers to fdiv.o(.text) for __aeabi_fdiv
    ad5940.o(i.AD5940_ADCPGACal) refers to ffixi.o(.text) for __aeabi_f2iz
    ad5940.o(i.AD5940_ADCPGACal) refers to ad5940.o(i.AD5940_HSLoopCfgS) for AD5940_HSLoopCfgS
    ad5940.o(i.AD5940_ADCPGACal) refers to ffltui.o(.text) for __aeabi_ui2f
    ad5940.o(i.AD5940_ADCPGACal) refers to ad5940.o(i.AD5940_ADCConvtCtrlS) for AD5940_ADCConvtCtrlS
    ad5940.o(i.AD5940_ADCPGACal) refers to ad5940.o(.constdata) for cal_registers
    ad5940.o(i.AD5940_ADCPowerCtrlS) refers to ad5940.o(i.AD5940_ReadReg) for AD5940_ReadReg
    ad5940.o(i.AD5940_ADCPowerCtrlS) refers to ad5940.o(i.AD5940_WriteReg) for AD5940_WriteReg
    ad5940.o(i.AD5940_ADCRepeatCfgS) refers to ad5940.o(i.AD5940_WriteReg) for AD5940_WriteReg
    ad5940.o(i.AD5940_AFECtrlS) refers to ad5940.o(i.AD5940_ReadReg) for AD5940_ReadReg
    ad5940.o(i.AD5940_AFECtrlS) refers to ad5940.o(i.AD5940_WriteReg) for AD5940_WriteReg
    ad5940.o(i.AD5940_AFEPwrBW) refers to ad5940.o(i.AD5940_WriteReg) for AD5940_WriteReg
    ad5940.o(i.AD5940_AGPIOCfg) refers to ad5940.o(i.AD5940_AGPIOFuncCfg) for AD5940_AGPIOFuncCfg
    ad5940.o(i.AD5940_AGPIOCfg) refers to ad5940.o(i.AD5940_AGPIOOen) for AD5940_AGPIOOen
    ad5940.o(i.AD5940_AGPIOCfg) refers to ad5940.o(i.AD5940_AGPIOIen) for AD5940_AGPIOIen
    ad5940.o(i.AD5940_AGPIOCfg) refers to ad5940.o(i.AD5940_AGPIOPen) for AD5940_AGPIOPen
    ad5940.o(i.AD5940_AGPIOCfg) refers to ad5940.o(i.AD5940_WriteReg) for AD5940_WriteReg
    ad5940.o(i.AD5940_AGPIOClr) refers to ad5940.o(i.AD5940_WriteReg) for AD5940_WriteReg
    ad5940.o(i.AD5940_AGPIOFuncCfg) refers to ad5940.o(i.AD5940_WriteReg) for AD5940_WriteReg
    ad5940.o(i.AD5940_AGPIOIen) refers to ad5940.o(i.AD5940_WriteReg) for AD5940_WriteReg
    ad5940.o(i.AD5940_AGPIOIn) refers to ad5940.o(i.AD5940_ReadReg) for AD5940_ReadReg
    ad5940.o(i.AD5940_AGPIOOen) refers to ad5940.o(i.AD5940_WriteReg) for AD5940_WriteReg
[...]
    i.AD5940_HSDacCfgS                       0x000015ce   Section        0  ad5940.o(i.AD5940_HSDacCfgS)
    i.AD5940_HSLoopCfgS                      0x000015fa   Section        0  ad5940.o(i.AD5940_HSLoopCfgS)
    i.AD5940_HSTIACfgS                       0x0000161e   Section        0  ad5940.o(i.AD5940_HSTIACfgS)
    i.AD5940_HWReset                         0x00001688   Section        0  ad5940.o(i.AD5940_HWReset)
    i.AD5940_INTCCfg                         0x000016a2   Section        0  ad5940.o(i.AD5940_INTCCfg)
    i.AD5940_INTCClrFlag                     0x000016da   Section        0  ad5940.o(i.AD5940_INTCClrFlag)
    i.AD5940_INTCTestFlag                    0x000016ea   Section        0  ad5940.o(i.AD5940_INTCTestFlag)
    i.AD5940_Initialize                      0x00001718   Section        0  ad5940.o(i.AD5940_Initialize)
    i.AD5940_LPAMPCfgS                       0x00001858   Section        0  ad5940.o(i.AD5940_LPAMPCfgS)
    i.AD5940_LPDAC0WriteS                    0x000018c2   Section        0  ad5940.o(i.AD5940_LPDAC0WriteS)
    i.AD5940_LPDAC1WriteS                    0x000018de   Section        0  ad5940.o(i.AD5940_LPDAC1WriteS)
    i.AD5940_LPDACCfgS                       0x000018fa   Section        0  ad5940.o(i.AD5940_LPDACCfgS)
    i.AD5940_LPLoopCfgS                      0x0000196e   Section        0  ad5940.o(i.AD5940_LPLoopCfgS)
    i.AD5940_MCUResourceInit                 0x00001984   Section        0  adicup3029port.o(i.AD5940_MCUResourceInit)
    i.AD5940_Main                            0x00001a40   Section        0  ad5940main.o(i.AD5940_Main)
    i.AD5940_Notch50HzAvailable              0x00001aa0   Section        0  ad5940.o(i.AD5940_Notch50HzAvailable)
    i.AD5940_Notch60HzAvailable              0x00001b8c   Section        0  ad5940.o(i.AD5940_Notch60HzAvailable)
    i.AD5940_REFCfgS                         0x00001c6c   Section        0  ad5940.o(i.AD5940_REFCfgS)
    i.AD5940_ReadReg                         0x00001d1c   Section        0  ad5940.o(i.AD5940_ReadReg)
    i.AD5940_ReadWrite16B                    0x00001d3c   Section        0  ad5940.o(i.AD5940_ReadWrite16B)
    AD5940_ReadWrite16B                      0x00001d3d   Thumb Code    40  ad5940.o(i.AD5940_ReadWrite16B)
    i.AD5940_ReadWrite32B                    0x00001d64   Section        0  ad5940.o(i.AD5940_ReadWrite32B)
    AD5940_ReadWrite32B                      0x00001d65   Thumb Code    68  ad5940.o(i.AD5940_ReadWrite32B)
    i.AD5940_ReadWrite8B                     0x00001da8   Section        0  ad5940.o(i.AD5940_ReadWrite8B)
    AD5940_ReadWrite8B                       0x00001da9   Thumb Code    22  ad5940.o(i.AD5940_ReadWrite8B)
    i.AD5940_ReadWriteNBytes                 0x00001dbe   Section        0  adicup3029port.o(i.AD5940_ReadWriteNBytes)
    i.AD5940_RstClr                          0x00001e24   Section        0  adicup3029port.o(i.AD5940_RstClr)
    i.AD5940_RstSet                          0x00001e30   Section        0  adicup3029port.o(i.AD5940_RstSet)
    i.AD5940_SEQCfg                          0x00001e3c   Section        0  ad5940.o(i.AD5940_SEQCfg)
    i.AD5940_SEQCmdWrite                     0x00001eb4   Section        0  ad5940.o(i.AD5940_SEQCmdWrite)
    i.AD5940_SEQCycleTime                    0x00001ee0   Section        0  ad5940.o(i.AD5940_SEQCycleTime)
    i.AD5940_SEQGenCtrl                      0x00001f28   Section        0  ad5940.o(i.AD5940_SEQGenCtrl)
    i.AD5940_SEQGenFetchSeq                  0x00001f44   Section        0  ad5940.o(i.AD5940_SEQGenFetchSeq)
    i.AD5940_SEQGenGetRegDefault             0x00001f60   Section        0  ad5940.o(i.AD5940_SEQGenGetRegDefault)
    AD5940_SEQGenGetRegDefault               0x00001f61   Thumb Code    18  ad5940.o(i.AD5940_SEQGenGetRegDefault)
    i.AD5940_SEQGenInit                      0x00001f74   Section        0  ad5940.o(i.AD5940_SEQGenInit)
    i.AD5940_SEQGenInsert                    0x00001f9c   Section        0  ad5940.o(i.AD5940_SEQGenInsert)
    i.AD5940_SEQGenSearchReg                 0x00001fd4   Section        0  ad5940.o(i.AD5940_SEQGenSearchReg)
    AD5940_SEQGenSearchReg                   0x00001fd5   Thumb Code    46  ad5940.o(i.AD5940_SEQGenSearchReg)
    i.AD5940_SEQInfoCfg                      0x00002008   Section        0  ad5940.o(i.AD5940_SEQInfoCfg)
    i.AD5940_SEQMmrTrig                      0x0000207c   Section        0  ad5940.o(i.AD5940_SEQMmrTrig)
    i.AD5940_SEQReadReg                      0x00002098   Section        0  ad5940.o(i.AD5940_SEQReadReg)
    AD5940_SEQReadReg                        0x00002099   Thumb Code    50  ad5940.o(i.AD5940_SEQReadReg)
    i.AD5940_SEQRegInfoInsert                0x000020d0   Section        0  ad5940.o(i.AD5940_SEQRegInfoInsert)
    AD5940_SEQRegInfoInsert                  0x000020d1   Thumb Code    86  ad5940.o(i.AD5940_SEQRegInfoInsert)
    i.AD5940_SEQWriteReg                     0x0000212c   Section        0  ad5940.o(i.AD5940_SEQWriteReg)
    AD5940_SEQWriteReg                       0x0000212d   Thumb Code   118  ad5940.o(i.AD5940_SEQWriteReg)
    i.AD5940_SPIReadReg                      0x000021a8   Section        0  ad5940.o(i.AD5940_SPIReadReg)
    AD5940_SPIReadReg                        0x000021a9   Thumb Code    82  ad5940.o(i.AD5940_SPIReadReg)
    i.AD5940_SPIWriteReg                     0x000021fa   Section        0  ad5940.o(i.AD5940_SPIWriteReg)
    AD5940_SPIWriteReg                       0x000021fb   Thumb Code    70  ad5940.o(i.AD5940_SPIWriteReg)
    i.AD5940_SWMatrixCfgS                    0x00002240   Section        0  ad5940.o(i.AD5940_SWMatrixCfgS)
    i.AD5940_SleepKeyCtrlS                   0x0000227a   Section        0  ad5940.o(i.AD5940_SleepKeyCtrlS)
    i.AD5940_StatisticCfgS                   0x0000228a   Section        0  ad5940.o(i.AD5940_StatisticCfgS)
    i.AD5940_SweepNext                       0x000022b4   Section        0  ad5940.o(i.AD5940_SweepNext)
    i.AD5940_WGCfgS                          0x000024d0   Section        0  ad5940.o(i.AD5940_WGCfgS)
    i.AD5940_WGFreqCtrlS                     0x0000257a   Section        0  ad5940.o(i.AD5940_WGFreqCtrlS)
    i.AD5940_WGFreqWordCal                   0x00002598   Section        0  ad5940.o(i.AD5940_WGFreqWordCal)
    i.AD5940_WUPTCtrl                        0x00002620   Section        0  ad5940.o(i.AD5940_WUPTCtrl)
    i.AD5940_WakeUp                          0x00002646   Section        0  ad5940.o(i.AD5940_WakeUp)
    i.AD5940_WriteReg                        0x00002678   Section        0  ad5940.o(i.AD5940_WriteReg)
    i.AppBATCheckFreq                        0x000026a0   Section        0  batimpedance.o(i.AppBATCheckFreq)
    i.AppBATCtrl                             0x000027f4   Section        0  batimpedance.o(i.AppBATCtrl)
    i.AppBATDataProcess                      0x00002944   Section        0  batimpedance.o(i.AppBATDataProcess)
    AppBATDataProcess                        0x00002945   Thumb Code   412  batimpedance.o(i.AppBATDataProcess)
    i.AppBATGetCfg                           0x00002ae8   Section        0  batimpedance.o(i.AppBATGetCfg)
    i.AppBATISR                              0x00002b00   Section        0  batimpedance.o(i.AppBATISR)
    i.AppBATInit                             0x00002b80   Section        0  batimpedance.o(i.AppBATInit)
    i.AppBATMeasureRCAL                      0x00002cac   Section        0  batimpedance.o(i.AppBATMeasureRCAL)
    i.AppBATRegModify                        0x00002dd8   Section        0  batimpedance.o(i.AppBATRegModify)
    AppBATRegModify                          0x00002dd9   Thumb Code   104  batimpedance.o(i.AppBATRegModify)
    i.AppBATSeqCfgGen                        0x00002e44   Section        0  batimpedance.o(i.AppBATSeqCfgGen)
    AppBATSeqCfgGen                          0x00002e45   Thumb Code   554  batimpedance.o(i.AppBATSeqCfgGen)
    i.AppBATSeqMeasureGen                    0x00003090   Section        0  batimpedance.o(i.AppBATSeqMeasureGen)
    AppBATSeqMeasureGen                      0x00003091   Thumb Code   314  batimpedance.o(i.AppBATSeqMeasureGen)
    i.Arduino_WriteDn                        0x000031e8   Section        0  adicup3029port.o(i.Arduino_WriteDn)
    i.BATShowResult                          0x00003234   Section        0  ad5940main.o(i.BATShowResult)
    i.Battery_Voltage_Int_Handler            0x000032bc   Section        0  adi_pwr.o(i.Battery_Voltage_Int_Handler)
    i.Cli_CmdDump                            0x000032f8   Section        0  cli.o(i.Cli_CmdDump)
    i.Cli_CmdHelp                            0x00003424   Section        0  cli.o(i.Cli_CmdHelp)
    i.Cli_CmdReset                           0x0000352c   Section        0  cli.o(i.Cli_CmdReset)
    i.Cli_CmdVersion                         0x00003558   Section        0  cli.o(i.Cli_CmdVersion)
    i.Cli_FindNextArgv                       0x00003598   Section        0  cli.o(i.Cli_FindNextArgv)
    i.Cli_GetArgv                            0x000035c0   Section        0  cli.o(i.Cli_GetArgv)
    i.Cli_IsSeparator                        0x000035ec   Section        0  cli.o(i.Cli_IsSeparator)
    i.Cli_Printf                             0x00003602   Section        0  cli.o(i.Cli_Printf)
    i.Cli_Prompt                             0x00003628   Section        0  cli.o(i.Cli_Prompt)
    i.Common_Uart_Interrupt_Handler          0x000036ec   Section        0  adi_uart.o(i.Common_Uart_Interrupt_Handler)
    Common_Uart_Interrupt_Handler            0x000036ed   Thumb Code   496  adi_uart.o(i.Common_Uart_Interrupt_Handler)
    i.Crystal_osc_Int_Handler                0x000038dc   Section        0  adi_pwr.o(i.Crystal_osc_Int_Handler)
    i.DMA_Err_Int_Handler                    0x00003944   Section        0  adi_dma.o(i.DMA_Err_Int_Handler)
    i.DMA_SPI0_RX_Int_Handler                0x000039cc   Section        0  adi_spi.o(i.DMA_SPI0_RX_Int_Handler)
    i.DMA_SPI0_TX_Int_Handler                0x000039f4   Section        0  adi_spi.o(i.DMA_SPI0_TX_Int_Handler)
    i.DMA_SPI1_RX_Int_Handler                0x00003a04   Section        0  adi_spi.o(i.DMA_SPI1_RX_Int_Handler)
    i.DMA_SPI1_TX_Int_Handler                0x00003a2c   Section        0  adi_spi.o(i.DMA_SPI1_TX_Int_Handler)
    i.DMA_SPI2_RX_Int_Handler                0x00003a3c   Section        0  adi_spi.o(i.DMA_SPI2_RX_Int_Handler)
    i.DMA_SPI2_TX_Int_Handler                0x00003a64   Section        0  adi_spi.o(i.DMA_SPI2_TX_Int_Handler)
    i.DMA_UART_RX_Int_Handler                0x00003a74   Section        0  adi_uart.o(i.DMA_UART_RX_Int_Handler)
    i.DMA_UART_TX_Int_Handler                0x00003a8c   Section        0  adi_uart.o(i.DMA_UART_TX_Int_Handler)
    i.Ext_Int0_Handler                       0x00003aa4   Section        0  adicup3029port.o(i.Ext_Int0_Handler)
    i.MCUPlatformInit                        0x00003ab8   Section        0  main.o(i.MCUPlatformInit)
    i.PLL_Int_Handler                        0x00003b1c   Section        0  adi_pwr.o(i.PLL_Int_Handler)
    i.PreCharge                              0x00003b68   Section        0  batimpedance.o(i.PreCharge)
    PreCharge                                0x00003b69   Thumb Code   100  batimpedance.o(i.PreCharge)
    i.SPI0_Int_Handler                       0x00003bd0   Section        0  adi_spi.o(i.SPI0_Int_Handler)
    i.SPI1_Int_Handler                       0x00003be0   Section        0  adi_spi.o(i.SPI1_Int_Handler)
    i.SPI2_Int_Handler                       0x00003bf0   Section        0  adi_spi.o(i.SPI2_Int_Handler)
    i.SysTick_Handler                        0x00003c00   Section        0  timer.o(i.SysTick_Handler)
    i.SystemCoreClockUpdate                  0x00003c08   Section        0  system_aducm3029.o(i.SystemCoreClockUpdate)
    i.SystemInit                             0x00003cc8   Section        0  system_aducm3029.o(i.SystemInit)
    i.UART_Int_Handler                       0x00003d08   Section        0  adi_uart.o(i.UART_Int_Handler)
    i.UART_WriteChar                         0x00003d1c   Section        0  communication.o(i.UART_WriteChar)
    i.UART_WriteString                       0x00003d70   Section        0  communication.o(i.UART_WriteString)
    i.UrtCfg                                 0x00003d94   Section        0  main.o(i.UrtCfg)
    i.ValidateHandle                         0x00003f34   Section        0  adi_uart.o(i.ValidateHandle)
    ValidateHandle                           0x00003f35   Thumb Code    34  adi_uart.o(i.ValidateHandle)
    i.Vreg_over_Int_Handler                  0x00003f5c   Section        0  adi_pwr.o(i.Vreg_over_Int_Handler)
    i.__0printf                              0x00003fac   Section        0  printfa.o(i.__0printf)
    i.__0vsprintf                            0x00003fcc   Section        0  printfa.o(i.__0vsprintf)
    i.__AD5940_SetDExRTIA                    0x00003ff0   Section        0  ad5940.o(i.__AD5940_SetDExRTIA)
    __AD5940_SetDExRTIA                      0x00003ff1   Thumb Code    90  ad5940.o(i.__AD5940_SetDExRTIA)
    i.__ARM_fpclassify                       0x00004050   Section        0  fpclassify.o(i.__ARM_fpclassify)
    i.__NVIC_DisableIRQ                      0x00004078   Section        0  adi_spi.o(i.__NVIC_DisableIRQ)
    __NVIC_DisableIRQ                        0x00004079   Thumb Code    30  adi_spi.o(i.__NVIC_DisableIRQ)
    i.__aeabi_errno_addr                     0x0000409c   Section        0  errno.o(i.__aeabi_errno_addr)
    i.__get_PRIMASK                          0x000040a4   Section        0  adi_pwr.o(i.__get_PRIMASK)
    __get_PRIMASK                            0x000040a5   Thumb Code     6  adi_pwr.o(i.__get_PRIMASK)
    i.__kernel_poly                          0x000040aa   Section        0  poly.o(i.__kernel_poly)
    i.__mathlib_dbl_divzero                  0x00004154   Section        0  dunder.o(i.__mathlib_dbl_divzero)
    i.__mathlib_dbl_infnan                   0x00004164   Section        0  dunder.o(i.__mathlib_dbl_infnan)
    i.__mathlib_dbl_invalid                  0x0000416a   Section        0  dunder.o(i.__mathlib_dbl_invalid)
    i.__mathlib_dbl_overflow                 0x00004176   Section        0  dunder.o(i.__mathlib_dbl_overflow)
    i.__mathlib_dbl_underflow                0x00004184   Section        0  dunder.o(i.__mathlib_dbl_underflow)
    i.__scatterload_copy                     0x00004194   Section       14  handlers.o(i.__scatterload_copy)
    i.__scatterload_null                     0x000041a2   Section        2  handlers.o(i.__scatterload_null)
    i.__scatterload_zeroinit                 0x000041a4   Section       14  handlers.o(i.__scatterload_zeroinit)
    i.__set_BASEPRI                          0x000041b2   Section        0  adi_pwr.o(i.__set_BASEPRI)
    __set_BASEPRI                            0x000041b3   Thumb Code     8  adi_pwr.o(i.__set_BASEPRI)
    i.__set_PRIMASK                          0x000041ba   Section        0  adi_pwr.o(i.__set_PRIMASK)
    __set_PRIMASK                            0x000041bb   Thumb Code     6  adi_pwr.o(i.__set_PRIMASK)
    i.__set_errno                            0x000041c0   Section        0  errno.o(i.__set_errno)
    i._fp_digits                             0x000041cc   Section        0  printfa.o(i._fp_digits)
    _fp_digits                               0x000041cd   Thumb Code   366  printfa.o(i._fp_digits)
    i._is_value_in_table                     0x00004350   Section        0  ad5940.o(i._is_value_in_table)
    _is_value_in_table                       0x00004351   Thumb Code    32  ad5940.o(i._is_value_in_table)
    i._printf_core                           0x00004370   Section        0  printfa.o(i._printf_core)
    _printf_core                             0x00004371   Thumb Code  1744  printfa.o(i._printf_core)
    i._printf_post_padding                   0x00004a4c   Section        0  printfa.o(i._printf_post_padding)
    _printf_post_padding                     0x00004a4d   Thumb Code    36  printfa.o(i._printf_post_padding)
    i._printf_pre_padding                    0x00004a70   Section        0  printfa.o(i._printf_pre_padding)
    _printf_pre_padding                      0x00004a71   Thumb Code    46  printfa.o(i._printf_pre_padding)
    i._sputc                                 0x00004a9e   Section        0  printfa.o(i._sputc)
    _sputc                                   0x00004a9f   Thumb Code    10  printfa.o(i._sputc)
    i.adi_pwr_EnterLowPowerMode              0x00004aa8   Section        0  adi_pwr.o(i.adi_pwr_EnterLowPowerMode)
    i.adi_pwr_ExitLowPowerMode               0x00004ba0   Section        0  adi_pwr.o(i.adi_pwr_ExitLowPowerMode)
    i.adi_pwr_GetClockFrequency              0x00004be4   Section        0  adi_pwr.o(i.adi_pwr_GetClockFrequency)
    i.adi_system_EnableRetention             0x00004c40   Section        0  system_aducm3029.o(i.adi_system_EnableRetention)
    i.adi_uart_ConfigBaudRate                0x00004c78   Section        0  adi_uart.o(i.adi_uart_ConfigBaudRate)
    i.adi_uart_IsTxBufferAvailable           0x00004cea   Section        0  adi_uart.o(i.adi_uart_IsTxBufferAvailable)
    i.adi_uart_SubmitTxBuffer                0x00004d26   Section        0  adi_uart.o(i.adi_uart_SubmitTxBuffer)
    i.adi_uart_Write                         0x00004dd2   Section        0  adi_uart.o(i.adi_uart_Write)
    i.common_SPI_Int_Handler                 0x00004e82   Section        0  adi_spi.o(i.common_SPI_Int_Handler)
    common_SPI_Int_Handler                   0x00004e83   Thumb Code   294  adi_spi.o(i.common_SPI_Int_Handler)
    i.fputc                                  0x00004fa8   Section        0  main.o(i.fputc)
    i.log                                    0x00004fc0   Section        0  log.o(i.log)
    i.log10                                  0x0000531c   Section        0  log10.o(i.log10)
    i.main                                   0x00005400   Section        0  main.o(i.main)
    i.pow                                    0x0000544c   Section        0  pow.o(i.pow)
    i.sqrt                                   0x00005e24   Section        0  sqrt.o(i.sqrt)
    i.timer_tick                             0x00005e70   Section        0  timer.o(i.timer_tick)
    i.uart_ManageProcessedBuffer             0x00005e88   Section        0  adi_uart.o(i.uart_ManageProcessedBuffer)
    uart_ManageProcessedBuffer               0x00005e89   Thumb Code   236  adi_uart.o(i.uart_ManageProcessedBuffer)
    i.uart_PendForBuffer                     0x00005f74   Section        0  adi_uart.o(i.uart_PendForBuffer)
    uart_PendForBuffer                       0x00005f75   Thumb Code    80  adi_uart.o(i.uart_PendForBuffer)
    i.uart_RxDataHandler                     0x00005fc4   Section        0  adi_uart.o(i.uart_RxDataHandler)
    uart_RxDataHandler                       0x00005fc5   Thumb Code   118  adi_uart.o(i.uart_RxDataHandler)
    i.uart_TxDataHandler                     0x0000603a   Section        0  adi_uart.o(i.uart_TxDataHandler)
    uart_TxDataHandler                       0x0000603b   Thumb Code    82  adi_uart.o(i.uart_TxDataHandler)
    .constdata                               0x0000608c   Section      416  ad5940.o(.constdata)
    cal_registers                            0x00006150   Data          20  ad5940.o(.constdata)
    ideal_pga_gain                           0x00006164   Data          20  ad5940.o(.constdata)
    SeqA                                     0x0000621c   Data           4  ad5940.o(.constdata)
    SeqB                                     0x00006220   Data           4  ad5940.o(.constdata)
    SeqBB                                    0x00006224   Data           8  ad5940.o(.constdata)
    .constdata                               0x0000622c   Section       12  adi_dma.o(.constdata)
    pDMA_DevData                             0x00006234   Data           4  adi_dma.o(.constdata)
    .constdata                               0x00006238   Section       56  log.o(.constdata)
    Lg2                                      0x00006238   Data          24  log.o(.constdata)
    Lg                                       0x00006250   Data          32  log.o(.constdata)
    .constdata                               0x00006270   Section      136  pow.o(.constdata)
    bp                                       0x00006270   Data          16  pow.o(.constdata)
    dp_h                                     0x00006280   Data          16  pow.o(.constdata)
    dp_l                                     0x00006290   Data          16  pow.o(.constdata)
    L                                        0x000062a0   Data          48  pow.o(.constdata)
    P                                        0x000062d0   Data          40  pow.o(.constdata)
    .constdata                               0x000062f8   Section        8  qnan.o(.constdata)
    .constdata                               0x00006300   Section      129  ctype_o.o(.constdata)
    .constdata                               0x00006384   Section        4  ctype_o.o(.constdata)
    table                                    0x00006384   Data           4  ctype_o.o(.constdata)
    .conststring                             0x00006388   Section       33  cli.o(.conststring)
    .data                                    0x20000000   Section        4  adicup3029port.o(.data)
    ucInterrupted                            0x20000000   Data           4  adicup3029port.o(.data)
    .data                                    0x20000004   Section        1  ad5940.o(.data)
    bIsS2silicon                             0x20000004   Data           1  ad5940.o(.data)
    .data                                    0x20000008   Section      988  batimpedance.o(.data)
    .data                                    0x200003e4   Section       36  communication.o(.data)
    .data                                    0x20000408   Section       56  cli.o(.data)
    begaddr                                  0x20000430   Data           4  cli.o(.data)
    count                                    0x20000434   Data           4  cli.o(.data)
    ix                                       0x20000438   Data           4  cli.o(.data)
    count                                    0x2000043c   Data           4  cli.o(.data)
    .data                                    0x20000440   Section        4  timer.o(.data)
    .data                                    0x20000444   Section       12  adi_pwr.o(.data)
    gpfCallbackFunction                      0x20000444   Data           4  adi_pwr.o(.data)
    gpPowcbParam                             0x20000448   Data           4  adi_pwr.o(.data)
    gnLowPowerIntOccFlag                     0x2000044c   Data           4  adi_pwr.o(.data)
    .data                                    0x20000450   Section       60  adi_spi.o(.data)
    spi_device_info                          0x20000450   Data          60  adi_spi.o(.data)
    .data                                    0x2000048c   Section       16  adi_uart.o(.data)
    uart_device_info                         0x2000048c   Data          16  adi_uart.o(.data)
    .data                                    0x2000049c   Section       16  system_aducm3029.o(.data)
    .data                                    0x200004ac   Section        4  stdout.o(.data)
    .data                                    0x200004b0   Section        4  errno.o(.data)
    _errno                                   0x200004b0   Data           4  errno.o(.data)
    .bss                                     0x200004b4   Section       28  ad5940.o(.bss)
    .bss                                     0x200004d0   Section     2048  ad5940main.o(.bss)
    .bss                                     0x20001000   Section     1248  adi_dma.o(.bss)
    gChannelControlDataArray                 0x20001000   Data        1024  adi_dma.o(.bss)
    DMA_DevData                              0x20001400   Data         224  adi_dma.o(.bss)
    STACK                                    0x200014e0   Section     1024  startup_aducm3029.o(STACK)

    Global Symbols

    Symbol Name                              Value     Ov Type        Size  Object(Section)

    BuildAttributes$$THM_ISAv4$P$D$K$B$S$PE$A:L22UL41UL21$X:L11$S22US41US21$IEEE1$IW$USESV6$~STKCKD$USESV7$~SHL$OTIME$ROPI$IEEEX$EBA8$MICROLIB$REQ8$PRES8$EABIv2 0x00000000   Number         0  anon$$obj.o ABSOLUTE
    __ARM_use_no_argv                        0x00000000   Number         0  main.o ABSOLUTE
    __Vectors                                0x00000000   Data           4  startup_aducm3029.o(RESET)
    __use_no_errno                           0x00000000   Number         0  useno.o ABSOLUTE
    __use_no_exception_handling              0x00000000   Number         0  useno.o ABSOLUTE
    __use_no_fp                              0x00000000   Number         0  useno.o ABSOLUTE
    __use_no_heap                            0x00000000   Number         0  useno.o ABSOLUTE
    __use_no_heap_region                     0x00000000   Number         0  useno.o ABSOLUTE
    __use_no_semihosting                     0x00000000   Number         0  useno.o ABSOLUTE
    __use_no_semihosting_swi                 0x00000000   Number         0  useno.o ABSOLUTE
    __use_no_signal_handling                 0x00000000   Number         0  useno.o ABSOLUTE
    _printf_a                                0x00000000   Number         0  stubs.o ABSOLUTE
    _printf_c                                0x00000000   Number         0  stubs.o ABSOLUTE
    _printf_charcount                        0x00000000   Number         0  stubs.o ABSOLUTE
    _printf_d                                0x00000000   Number         0  stubs.o ABSOLUTE
    _printf_e                                0x00000000   Number         0  stubs.o ABSOLUTE
    _printf_f                                0x00000000   Number         0  stubs.o ABSOLUTE
    _printf_flags                            0x00000000   Number         0  stubs.o ABSOLUTE
    _printf_fp_dec                           0x00000000   Number         0  stubs.o ABSOLUTE
    _printf_fp_hex                           0x00000000   Number         0  stubs.o ABSOLUTE
    _printf_g                                0x00000000   Number         0  stubs.o ABSOLUTE
    _printf_i                                0x00000000   Number         0  stubs.o ABSOLUTE
    _printf_int_dec                          0x00000000   Number         0  stubs.o ABSOLUTE
    _printf_l                                0x00000000   Number         0  stubs.o ABSOLUTE
    _printf_lc                               0x00000000   Number         0  stubs.o ABSOLUTE
    _printf_ll                               0x00000000   Number         0  stubs.o ABSOLUTE
    _printf_lld                              0x00000000   Number         0  stubs.o ABSOLUTE
    _printf_lli                              0x00000000   Number         0  stubs.o ABSOLUTE
    _printf_llo                              0x00000000   Number         0  stubs.o ABSOLUTE
    _printf_llu                              0x00000000   Number         0  stubs.o ABSOLUTE
    _printf_llx                              0x00000000   Number         0  stubs.o ABSOLUTE
    _printf_longlong_dec                     0x00000000   Number         0  stubs.o ABSOLUTE
    _printf_longlong_hex                     0x00000000   Number         0  stubs.o ABSOLUTE
    _printf_longlong_oct                     0x00000000   Number         0  stubs.o ABSOLUTE
    _printf_ls                               0x00000000   Number         0  stubs.o ABSOLUTE
    _printf_mbtowc                           0x00000000   Number         0  stubs.o ABSOLUTE
    _printf_n                                0x00000000   Number         0  stubs.o ABSOLUTE
    _printf_o                                0x00000000   Number         0  stubs.o ABSOLUTE
    _printf_p                                0x00000000   Number         0  stubs.o ABSOLUTE
    _printf_percent                          0x00000000   Number         0  stubs.o ABSOLUTE
    _printf_pre_padding                      0x00000000   Number         0  stubs.o ABSOLUTE
    _printf_return_value                     0x00000000   Number         0  stubs.o ABSOLUTE
    _printf_s                                0x00000000   Number         0  stubs.o ABSOLUTE
    _printf_sizespec                         0x00000000   Number         0  stubs.o ABSOLUTE
    _printf_str                              0x00000000   Number         0  stubs.o ABSOLUTE
    _printf_truncate_signed                  0x00000000   Number         0  stubs.o ABSOLUTE
    _printf_truncate_unsigned                0x00000000   Number         0  stubs.o ABSOLUTE
    _printf_u                                0x00000000   Number         0  stubs.o ABSOLUTE
    _printf_wc                               0x00000000   Number         0  stubs.o ABSOLUTE
    _printf_wctomb                           0x00000000   Number         0  stubs.o ABSOLUTE
    _printf_widthprec                        0x00000000   Number         0  stubs.o ABSOLUTE
    _printf_x                                0x00000000   Number         0  stubs.o ABSOLUTE
    __cpp_initialize__aeabi_                  - Undefined Weak Reference
    __cxa_finalize                            - Undefined Weak Reference
    _clock_init                               - Undefined Weak Reference
    _microlib_exit                            - Undefined Weak Reference
    __Vectors_End                            0x00000144   Data           0  startup_aducm3029.o(RESET)
    __Vectors_Size                           0x00000144   Number         0  startup_aducm3029.o ABSOLUTE
    __main                                   0x00000145   Thumb Code     0  entry.o(.ARM.Collect$$$$00000000)
    _main_stk                                0x00000145   Thumb Code     0  entry2.o(.ARM.Collect$$$$00000001)
    _main_scatterload                        0x00000149   Thumb Code     0  entry5.o(.ARM.Collect$$$$00000004)
    __main_after_scatterload                 0x0000014d   Thumb Code     0  entry5.o(.ARM.Collect$$$$00000004)
    _main_clock                              0x0000014d   Thumb Code     0  entry7b.o(.ARM.Collect$$$$00000008)
    _main_cpp_init                           0x0000014d   Thumb Code     0  entry8b.o(.ARM.Collect$$$$0000000A)
    _main_init                               0x0000014d   Thumb Code     0  entry9a.o(.ARM.Collect$$$$0000000B)
    __rt_final_cpp                           0x00000155   Thumb Code     0  entry10a.o(.ARM.Collect$$$$0000000D)
    __rt_final_exit                          0x00000155   Thumb Code     0  entry11a.o(.ARM.Collect$$$$0000000F)
    Reset_Handler                            0x00000159   Thumb Code     8  startup_aducm3029.o(.text)
    NMI_Handler                              0x00000161   Thumb Code     2  startup_aducm3029.o(.text)
    HardFault_Handler                        0x00000163   Thumb Code     2  startup_aducm3029.o(.text)
    MemManage_Handler                        0x00000165   Thumb Code     2  startup_aducm3029.o(.text)
    BusFault_Handler                         0x00000167   Thumb Code     2  startup_aducm3029.o(.text)
    UsageFault_Handler                       0x00000169   Thumb Code     2  startup_aducm3029.o(.text)
    SVC_Handler                              0x0000016b   Thumb Code     2  startup_aducm3029.o(.text)
    DebugMon_Handler                         0x0000016d   Thumb Code     2  startup_aducm3029.o(.text)
    PendSV_Handler                           0x0000016f   Thumb Code     2  startup_aducm3029.o(.text)
    ADC_Int_Handler                          0x00000173   Thumb Code     0  startup_aducm3029.o(.text)
    Beep_Int_Handler                         0x00000173   Thumb Code     0  startup_aducm3029.o(.text)
    Crypto_Int_Handler                       0x00000173   Thumb Code     0  startup_aducm3029.o(.text)
    DMA_ADC0_Int_Handler                     0x00000173   Thumb Code     0  startup_aducm3029.o(.text)
    DMA_AES0_IN_Int_Handler                  0x00000173   Thumb Code     0  startup_aducm3029.o(.text)
    DMA_AES0_OUT_Int_Handler                 0x00000173   Thumb Code     0  startup_aducm3029.o(.text)
    DMA_FLASH0_Int_Handler                   0x00000173   Thumb Code     0  startup_aducm3029.o(.text)
    DMA_I2C0_MX_Int_Handler                  0x00000173   Thumb Code     0  startup_aducm3029.o(.text)
    DMA_I2C0_SRX_Int_Handler                 0x00000173   Thumb Code     0  startup_aducm3029.o(.text)
    DMA_I2C0_STX_Int_Handler                 0x00000173   Thumb Code     0  startup_aducm3029.o(.text)
    DMA_SIP0_Int_Handler                     0x00000173   Thumb Code     0  startup_aducm3029.o(.text)
    DMA_SIP1_Int_Handler                     0x00000173   Thumb Code     0  startup_aducm3029.o(.text)
    DMA_SIP2_Int_Handler                     0x00000173   Thumb Code     0  startup_aducm3029.o(.text)
    DMA_SIP3_Int_Handler                     0x00000173   Thumb Code     0  startup_aducm3029.o(.text)
    DMA_SIP4_Int_Handler                     0x00000173   Thumb Code     0  startup_aducm3029.o(.text)
    DMA_SIP5_Int_Handler                     0x00000173   Thumb Code     0  startup_aducm3029.o(.text)
    DMA_SIP6_Int_Handler                     0x00000173   Thumb Code     0  startup_aducm3029.o(.text)
    DMA_SIP7_Int_Handler                     0x00000173   Thumb Code     0  startup_aducm3029.o(.text)
    DMA_SPORT0A_Int_Handler                  0x00000173   Thumb Code     0  startup_aducm3029.o(.text)
    DMA_SPORT0B_Int_Handler                  0x00000173   Thumb Code     0  startup_aducm3029.o(.text)
    Ext_Int1_Handler                         0x00000173   Thumb Code     0  startup_aducm3029.o(.text)
    Ext_Int2_Handler                         0x00000173   Thumb Code     0  startup_aducm3029.o(.text)
    Ext_Int3_Handler                         0x00000173   Thumb Code     0  startup_aducm3029.o(.text)
    Flash0_Int_Handler                       0x00000173   Thumb Code     0  startup_aducm3029.o(.text)
    GPIO_A_Int_Handler                       0x00000173   Thumb Code     0  startup_aducm3029.o(.text)
    GPIO_B_Int_Handler                       0x00000173   Thumb Code     0  startup_aducm3029.o(.text)
    GP_Tmr0_Int_Handler                      0x00000173   Thumb Code     0  startup_aducm3029.o(.text)
    GP_Tmr1_Int_Handler                      0x00000173   Thumb Code     0  startup_aducm3029.o(.text)
    GP_Tmr2_Int_Handler                      0x00000173   Thumb Code     0  startup_aducm3029.o(.text)
    I2C0_Master_Int_Handler                  0x00000173   Thumb Code     0  startup_aducm3029.o(.text)
    I2C0_Slave_Int_Handler                   0x00000173   Thumb Code     0  startup_aducm3029.o(.text)
    RNG_Int_Handler                          0x00000173   Thumb Code     0  startup_aducm3029.o(.text)
    RTC0_Int_Handler                         0x00000173   Thumb Code     0  startup_aducm3029.o(.text)
    RTC1_Int_Handler                         0x00000173   Thumb Code     0  startup_aducm3029.o(.text)
    SPORT0A_Int_Handler                      0x00000173   Thumb Code     0  startup_aducm3029.o(.text)
    SPORT0B_Int_Handler                      0x00000173   Thumb Code     0  startup_aducm3029.o(.text)
    WDog_Tmr_Int_Handler                     0x00000173   Thumb Code     0  startup_aducm3029.o(.text)
    __I$use$fp                               0x0000017d   Thumb Code     0  iusefp.o(.text)
    __mathlib_dbl_infnan2                    0x0000017d   Thumb Code     4  dunder.o(i.__mathlib_dbl_infnan2)
    adi_aducm302x_security_options           0x00000180   Data          32  system_aducm3029.o(.ARM.__AT_0x00000180)
    __aeabi_uldivmod                         0x000001a1   Thumb Code    98  uldiv.o(.text)
    __aeabi_llsl                             0x00000203   Thumb Code    30  llshl.o(.text)
    _ll_shift_l                              0x00000203   Thumb Code     0  llshl.o(.text)
    __aeabi_lasr                             0x00000221   Thumb Code    36  llsshr.o(.text)
    _ll_sshift_r                             0x00000221   Thumb Code     0  llsshr.o(.text)
    __aeabi_memcpy                           0x00000245   Thumb Code    36  memcpya.o(.text)
    __aeabi_memcpy4                          0x00000245   Thumb Code     0  memcpya.o(.text)
    __aeabi_memcpy8                          0x00000245   Thumb Code     0  memcpya.o(.text)
    __aeabi_memset                           0x00000269   Thumb Code    14  memseta.o(.text)
    __aeabi_memset4                          0x00000269   Thumb Code     0  memseta.o(.text)
    __aeabi_memset8                          0x00000269   Thumb Code     0  memseta.o(.text)
    __aeabi_memclr                           0x00000277   Thumb Code     4  memseta.o(.text)
    __aeabi_memclr4                          0x00000277   Thumb Code     0  memseta.o(.text)
    __aeabi_memclr8                          0x00000277   Thumb Code     0  memseta.o(.text)
    _memset$wrapper                          0x0000027b   Thumb Code    18  memseta.o(.text)
    strtol                                   0x0000028d   Thumb Code   112  strtol.o(.text)
    __aeabi_fadd                             0x000002fd   Thumb Code   164  fadd.o(.text)
    __aeabi_fsub                             0x000003a1   Thumb Code     6  fadd.o(.text)
    __aeabi_frsub                            0x000003a7   Thumb Code     6  fadd.o(.text)
    __aeabi_fmul                             0x000003ad   Thumb Code   100  fmul.o(.text)
    __aeabi_fdiv                             0x00000411   Thumb Code   124  fdiv.o(.text)
    __aeabi_dadd                             0x0000048d   Thumb Code   322  dadd.o(.text)
    __aeabi_dsub                             0x000005cf   Thumb Code     6  dadd.o(.text)
    __aeabi_drsub                            0x000005d5   Thumb Code     6  dadd.o(.text)
    __aeabi_dmul                             0x000005db   Thumb Code   228  dmul.o(.text)
    __aeabi_ddiv                             0x000006bf   Thumb Code   222  ddiv.o(.text)
    __aeabi_i2f                              0x0000079d   Thumb Code    18  fflti.o(.text)
    __aeabi_ui2f                             0x000007af   Thumb Code    10  ffltui.o(.text)
    __aeabi_l2f                              0x000007b9   Thumb Code    44  ffltl.o(.text)
    __aeabi_ui2d                             0x000007e5   Thumb Code    26  dfltui.o(.text)
    __aeabi_f2uiz                            0x000007ff   Thumb Code    40  ffixui.o(.text)
    __aeabi_f2d                              0x00000827   Thumb Code    38  f2d.o(.text)
    __aeabi_cdcmpeq                          0x0000084d   Thumb Code     0  cdcmple.o(.text)
    __aeabi_cdcmple                          0x0000084d   Thumb Code    48  cdcmple.o(.text)
    __aeabi_cdrcmple                         0x0000087d   Thumb Code    48  cdrcmple.o(.text)
    __aeabi_d2f                              0x000008ad   Thumb Code    56  d2f.o(.text)
    __aeabi_cfcmpeq                          0x000008e5   Thumb Code     0  cfcmple.o(.text)
    __aeabi_cfcmple                          0x000008e5   Thumb Code    20  cfcmple.o(.text)
    __aeabi_cfrcmple                         0x000008f9   Thumb Code    20  cfrcmple.o(.text)
    __aeabi_uidiv                            0x0000090d   Thumb Code     0  uidiv.o(.text)
    __aeabi_uidivmod                         0x0000090d   Thumb Code    44  uidiv.o(.text)
    __aeabi_llsr                             0x00000939   Thumb Code    32  llushr.o(.text)
    _ll_ushift_r                             0x00000939   Thumb Code     0  llushr.o(.text)
    __rt_ctype_table                         0x00000959   Thumb Code     4  ctype_o.o(.text)
    _strtoul                                 0x00000961   Thumb Code   158  _strtoul.o(.text)
    _float_round                             0x000009ff   Thumb Code    18  fepilogue.o(.text)
    _float_epilogue                          0x00000a11   Thumb Code    92  fepilogue.o(.text)
    _double_round                            0x00000a6d   Thumb Code    30  depilogue.o(.text)
    _double_epilogue                         0x00000a8b   Thumb Code   156  depilogue.o(.text)
    __ARM_scalbn                             0x00000b27   Thumb Code    46  dscalb.o(.text)
    scalbn                                   0x00000b27   Thumb Code     0  dscalb.o(.text)
    _dsqrt                                   0x00000b55   Thumb Code   162  dsqrt.o(.text)
    __aeabi_i2d                              0x00000bf7   Thumb Code    34  dflti.o(.text)
    __aeabi_d2ulz                            0x00000c19   Thumb Code    48  dfixul.o(.text)
    __scatterload                            0x00000c49   Thumb Code    28  init.o(.text)
    __scatterload_rt2                        0x00000c49   Thumb Code     0  init.o(.text)
    _chval                                   0x00000c6d   Thumb Code    28  _chval.o(.text)
    __decompress                             0x00000c89   Thumb Code     0  __dczerorl2.o(.text)
    __decompress1                            0x00000c89   Thumb Code    86  __dczerorl2.o(.text)
    AD5940BATStructInit                      0x00000ce1   Thumb Code    96  ad5940main.o(i.AD5940BATStructInit)
    AD5940_ADCBaseCfgS                       0x00000df5   Thumb Code    32  ad5940.o(i.AD5940_ADCBaseCfgS)
    AD5940_ADCDigCompCfgS                    0x00000e15   Thumb Code    46  ad5940.o(i.AD5940_ADCDigCompCfgS)
    AD5940_ADCFilterCfgS                     0x00000e43   Thumb Code    84  ad5940.o(i.AD5940_ADCFilterCfgS)
    AD5940_AFECtrlS                          0x00000e97   Thumb Code    94  ad5940.o(i.AD5940_AFECtrlS)
    AD5940_AFEPwrBW                          0x00000ef5   Thumb Code    24  ad5940.o(i.AD5940_AFEPwrBW)
    AD5940_AGPIOCfg                          0x00000f0d   Thumb Code    38  ad5940.o(i.AD5940_AGPIOCfg)
    AD5940_AGPIOFuncCfg                      0x00000f33   Thumb Code    14  ad5940.o(i.AD5940_AGPIOFuncCfg)
    AD5940_AGPIOIen                          0x00000f41   Thumb Code    14  ad5940.o(i.AD5940_AGPIOIen)
    AD5940_AGPIOOen                          0x00000f4f   Thumb Code    14  ad5940.o(i.AD5940_AGPIOOen)
    AD5940_AGPIOPen                          0x00000f5d   Thumb Code    14  ad5940.o(i.AD5940_AGPIOPen)
    AD5940_CLKCfg                            0x00000f6b   Thumb Code   288  ad5940.o(i.AD5940_CLKCfg)
    AD5940_ClksCalculate                     0x0000108d   Thumb Code   442  ad5940.o(i.AD5940_ClksCalculate)
    AD5940_ClrMCUIntFlag                     0x0000124d   Thumb Code    16  adicup3029port.o(i.AD5940_ClrMCUIntFlag)
    AD5940_ComplexDivFloat                   0x00001265   Thumb Code   126  ad5940.o(i.AD5940_ComplexDivFloat)
    AD5940_CsClr                             0x000012e5   Thumb Code    10  adicup3029port.o(i.AD5940_CsClr)
    AD5940_CsSet                             0x000012f5   Thumb Code    10  adicup3029port.o(i.AD5940_CsSet)
    AD5940_DFTCfgS                           0x00001305   Thumb Code    86  ad5940.o(i.AD5940_DFTCfgS)
    AD5940_DSPCfgS                           0x0000135b   Thumb Code    44  ad5940.o(i.AD5940_DSPCfgS)
    AD5940_Delay10us                         0x00001389   Thumb Code    88  adicup3029port.o(i.AD5940_Delay10us)
    AD5940_EnterSleepS                       0x000013e5   Thumb Code    24  ad5940.o(i.AD5940_EnterSleepS)
    AD5940_FIFOCfg                           0x000013fd   Thumb Code    92  ad5940.o(i.AD5940_FIFOCfg)
    AD5940_FIFOCtrlS                         0x00001459   Thumb Code    32  ad5940.o(i.AD5940_FIFOCtrlS)
    AD5940_FIFOGetCnt                        0x00001479   Thumb Code    14  ad5940.o(i.AD5940_FIFOGetCnt)
    AD5940_FIFORd                            0x00001487   Thumb Code   160  ad5940.o(i.AD5940_FIFORd)
    AD5940_FIFOThrshSet                      0x00001527   Thumb Code    16  ad5940.o(i.AD5940_FIFOThrshSet)
    AD5940_GetMCUIntFlag                     0x00001539   Thumb Code     6  adicup3029port.o(i.AD5940_GetMCUIntFlag)
    AD5940_HFOSC32MHzCtrl                    0x00001545   Thumb Code   138  ad5940.o(i.AD5940_HFOSC32MHzCtrl)
    AD5940_HSDacCfgS                         0x000015cf   Thumb Code    44  ad5940.o(i.AD5940_HSDacCfgS)
    AD5940_HSLoopCfgS                        0x000015fb   Thumb Code    36  ad5940.o(i.AD5940_HSLoopCfgS)
    AD5940_HSTIACfgS                         0x0000161f   Thumb Code   106  ad5940.o(i.AD5940_HSTIACfgS)
    AD5940_HWReset                           0x00001689   Thumb Code    26  ad5940.o(i.AD5940_HWReset)
    AD5940_INTCCfg                           0x000016a3   Thumb Code    56  ad5940.o(i.AD5940_INTCCfg)
    AD5940_INTCClrFlag                       0x000016db   Thumb Code    16  ad5940.o(i.AD5940_INTCClrFlag)
    AD5940_INTCTestFlag                      0x000016eb   Thumb Code    46  ad5940.o(i.AD5940_INTCTestFlag)
    AD5940_Initialize                        0x00001719   Thumb Code   166  ad5940.o(i.AD5940_Initialize)
    AD5940_LPAMPCfgS                         0x00001859   Thumb Code   106  ad5940.o(i.AD5940_LPAMPCfgS)
    AD5940_LPDAC0WriteS                      0x000018c3   Thumb Code    28  ad5940.o(i.AD5940_LPDAC0WriteS)
    AD5940_LPDAC1WriteS                      0x000018df   Thumb Code    28  ad5940.o(i.AD5940_LPDAC1WriteS)
    AD5940_LPDACCfgS                         0x000018fb   Thumb Code   116  ad5940.o(i.AD5940_LPDACCfgS)
    AD5940_LPLoopCfgS                        0x0000196f   Thumb Code    20  ad5940.o(i.AD5940_LPLoopCfgS)
    AD5940_MCUResourceInit                   0x00001985   Thumb Code   180  adicup3029port.o(i.AD5940_MCUResourceInit)
    AD5940_Main                              0x00001a41   Thumb Code    88  ad5940main.o(i.AD5940_Main)
    AD5940_Notch50HzAvailable                0x00001aa1   Thumb Code   196  ad5940.o(i.AD5940_Notch50HzAvailable)
    AD5940_Notch60HzAvailable                0x00001b8d   Thumb Code   192  ad5940.o(i.AD5940_Notch60HzAvailable)
    AD5940_REFCfgS                           0x00001c6d   Thumb Code   176  ad5940.o(i.AD5940_REFCfgS)
    AD5940_ReadReg                           0x00001d1d   Thumb Code    28  ad5940.o(i.AD5940_ReadReg)
    AD5940_ReadWriteNBytes                   0x00001dbf   Thumb Code   100  adicup3029port.o(i.AD5940_ReadWriteNBytes)
    AD5940_RstClr                            0x00001e25   Thumb Code     8  adicup3029port.o(i.AD5940_RstClr)
    AD5940_RstSet                            0x00001e31   Thumb Code     8  adicup3029port.o(i.AD5940_RstSet)
    AD5940_SEQCfg                            0x00001e3d   Thumb Code   120  ad5940.o(i.AD5940_SEQCfg)
    AD5940_SEQCmdWrite                       0x00001eb5   Thumb Code    42  ad5940.o(i.AD5940_SEQCmdWrite)
    AD5940_SEQCycleTime                      0x00001ee1   Thumb Code    68  ad5940.o(i.AD5940_SEQCycleTime)
    AD5940_SEQGenCtrl                        0x00001f29   Thumb Code    24  ad5940.o(i.AD5940_SEQGenCtrl)
    AD5940_SEQGenFetchSeq                    0x00001f45   Thumb Code    24  ad5940.o(i.AD5940_SEQGenFetchSeq)
    AD5940_SEQGenInit                        0x00001f75   Thumb Code    36  ad5940.o(i.AD5940_SEQGenInit)
    AD5940_SEQGenInsert                      0x00001f9d   Thumb Code    52  ad5940.o(i.AD5940_SEQGenInsert)
    AD5940_SEQInfoCfg                        0x00002009   Thumb Code   116  ad5940.o(i.AD5940_SEQInfoCfg)
    AD5940_SEQMmrTrig                        0x0000207d   Thumb Code    28  ad5940.o(i.AD5940_SEQMmrTrig)
    AD5940_SWMatrixCfgS                      0x00002241   Thumb Code    58  ad5940.o(i.AD5940_SWMatrixCfgS)
    AD5940_SleepKeyCtrlS                     0x0000227b   Thumb Code    16  ad5940.o(i.AD5940_SleepKeyCtrlS)
    AD5940_StatisticCfgS                     0x0000228b   Thumb Code    40  ad5940.o(i.AD5940_StatisticCfgS)
    AD5940_SweepNext                         0x000022b5   Thumb Code   534  ad5940.o(i.AD5940_SweepNext)
    AD5940_WGCfgS                            0x000024d1   Thumb Code   170  ad5940.o(i.AD5940_WGCfgS)
    AD5940_WGFreqCtrlS                       0x0000257b   Thumb Code    28  ad5940.o(i.AD5940_WGFreqCtrlS)
    AD5940_WGFreqWordCal                     0x00002599   Thumb Code   128  ad5940.o(i.AD5940_WGFreqWordCal)
    AD5940_WUPTCtrl                          0x00002621   Thumb Code    38  ad5940.o(i.AD5940_WUPTCtrl)
    AD5940_WakeUp                            0x00002647   Thumb Code    50  ad5940.o(i.AD5940_WakeUp)
    AD5940_WriteReg                          0x00002679   Thumb Code    34  ad5940.o(i.AD5940_WriteReg)
    AppBATCheckFreq                          0x000026a1   Thumb Code   314  batimpedance.o(i.AppBATCheckFreq)
    AppBATCtrl                               0x000027f5   Thumb Code   332  batimpedance.o(i.AppBATCtrl)
    AppBATGetCfg                             0x00002ae9   Thumb Code    18  batimpedance.o(i.AppBATGetCfg)
    AppBATISR                                0x00002b01   Thumb Code   120  batimpedance.o(i.AppBATISR)
    AppBATInit                               0x00002b81   Thumb Code   294  batimpedance.o(i.AppBATInit)
    AppBATMeasureRCAL                        0x00002cad   Thumb Code   254  batimpedance.o(i.AppBATMeasureRCAL)
    Arduino_WriteDn                          0x000031e9   Thumb Code    72  adicup3029port.o(i.Arduino_WriteDn)
    BATShowResult                            0x00003235   Thumb Code    92  ad5940main.o(i.BATShowResult)
    Battery_Voltage_Int_Handler              0x000032bd   Thumb Code    46  adi_pwr.o(i.Battery_Voltage_Int_Handler)
    Cli_CmdDump                              0x000032f9   Thumb Code   212  cli.o(i.Cli_CmdDump)
    Cli_CmdHelp                              0x00003425   Thumb Code    44  cli.o(i.Cli_CmdHelp)
    Cli_CmdReset                             0x0000352d   Thumb Code    36  cli.o(i.Cli_CmdReset)
    Cli_CmdVersion                           0x00003559   Thumb Code    26  cli.o(i.Cli_CmdVersion)
    Cli_FindNextArgv                         0x00003599   Thumb Code    40  cli.o(i.Cli_FindNextArgv)
    Cli_GetArgv                              0x000035c1   Thumb Code    44  cli.o(i.Cli_GetArgv)
    Cli_IsSeparator                          0x000035ed   Thumb Code    22  cli.o(i.Cli_IsSeparator)
    Cli_Printf                               0x00003603   Thumb Code    36  cli.o(i.Cli_Printf)
    Cli_Prompt                               0x00003629   Thumb Code    90  cli.o(i.Cli_Prompt)
    Crystal_osc_Int_Handler                  0x000038dd   Thumb Code    90  adi_pwr.o(i.Crystal_osc_Int_Handler)
    DMA_Err_Int_Handler                      0x00003945   Thumb Code   126  adi_dma.o(i.DMA_Err_Int_Handler)
    DMA_SPI0_RX_Int_Handler                  0x000039cd   Thumb Code    36  adi_spi.o(i.DMA_SPI0_RX_Int_Handler)
    DMA_SPI0_TX_Int_Handler                  0x000039f5   Thumb Code    10  adi_spi.o(i.DMA_SPI0_TX_Int_Handler)
    DMA_SPI1_RX_Int_Handler                  0x00003a05   Thumb Code    36  adi_spi.o(i.DMA_SPI1_RX_Int_Handler)
    DMA_SPI1_TX_Int_Handler                  0x00003a2d   Thumb Code    10  adi_spi.o(i.DMA_SPI1_TX_Int_Handler)
    DMA_SPI2_RX_Int_Handler                  0x00003a3d   Thumb Code    36  adi_spi.o(i.DMA_SPI2_RX_Int_Handler)
    DMA_SPI2_TX_Int_Handler                  0x00003a65   Thumb Code    10  adi_spi.o(i.DMA_SPI2_TX_Int_Handler)
    DMA_UART_RX_Int_Handler                  0x00003a75   Thumb Code    18  adi_uart.o(i.DMA_UART_RX_Int_Handler)
    DMA_UART_TX_Int_Handler                  0x00003a8d   Thumb Code    18  adi_uart.o(i.DMA_UART_TX_Int_Handler)
    Ext_Int0_Handler                         0x00003aa5   Thumb Code    12  adicup3029port.o(i.Ext_Int0_Handler)
    MCUPlatformInit                          0x00003ab9   Thumb Code    84  main.o(i.MCUPlatformInit)
    PLL_Int_Handler                          0x00003b1d   Thumb Code    64  adi_pwr.o(i.PLL_Int_Handler)
    SPI0_Int_Handler                         0x00003bd1   Thumb Code    12  adi_spi.o(i.SPI0_Int_Handler)
    SPI1_Int_Handler                         0x00003be1   Thumb Code    12  adi_spi.o(i.SPI1_Int_Handler)
    SPI2_Int_Handler                         0x00003bf1   Thumb Code    12  adi_spi.o(i.SPI2_Int_Handler)
    SysTick_Handler                          0x00003c01   Thumb Code     8  timer.o(i.SysTick_Handler)
    SystemCoreClockUpdate                    0x00003c09   Thumb Code   162  system_aducm3029.o(i.SystemCoreClockUpdate)
    SystemInit                               0x00003cc9   Thumb Code    54  system_aducm3029.o(i.SystemInit)
    UART_Int_Handler                         0x00003d09   Thumb Code    14  adi_uart.o(i.UART_Int_Handler)
    UART_WriteChar                           0x00003d1d   Thumb Code    78  communication.o(i.UART_WriteChar)
    UART_WriteString                         0x00003d71   Thumb Code    36  communication.o(i.UART_WriteString)
    UrtCfg                                   0x00003d95   Thumb Code   390  main.o(i.UrtCfg)
    Vreg_over_Int_Handler                    0x00003f5d   Thumb Code    68  adi_pwr.o(i.Vreg_over_Int_Handler)
    __0printf                                0x00003fad   Thumb Code    22  printfa.o(i.__0printf)
    __1printf                                0x00003fad   Thumb Code     0  printfa.o(i.__0printf)
    __2printf                                0x00003fad   Thumb Code     0  printfa.o(i.__0printf)
    __c89printf                              0x00003fad   Thumb Code     0  printfa.o(i.__0printf)
    printf                                   0x00003fad   Thumb Code     0  printfa.o(i.__0printf)
    __0vsprintf                              0x00003fcd   Thumb Code    30  printfa.o(i.__0vsprintf)
    __1vsprintf                              0x00003fcd   Thumb Code     0  printfa.o(i.__0vsprintf)
    __2vsprintf                              0x00003fcd   Thumb Code     0  printfa.o(i.__0vsprintf)
    __c89vsprintf                            0x00003fcd   Thumb Code     0  printfa.o(i.__0vsprintf)
    vsprintf                                 0x00003fcd   Thumb Code     0  printfa.o(i.__0vsprintf)
    __ARM_fpclassify                         0x00004051   Thumb Code    40  fpclassify.o(i.__ARM_fpclassify)
    __aeabi_errno_addr                       0x0000409d   Thumb Code     4  errno.o(i.__aeabi_errno_addr)
    __rt_errno_addr                          0x0000409d   Thumb Code     0  errno.o(i.__aeabi_errno_addr)
    __kernel_poly                            0x000040ab   Thumb Code   170  poly.o(i.__kernel_poly)
    __mathlib_dbl_divzero                    0x00004155   Thumb Code    12  dunder.o(i.__mathlib_dbl_divzero)
    __mathlib_dbl_infnan                     0x00004165   Thumb Code     6  dunder.o(i.__mathlib_dbl_infnan)
    __mathlib_dbl_invalid                    0x0000416b   Thumb Code    12  dunder.o(i.__mathlib_dbl_invalid)
    __mathlib_dbl_overflow                   0x00004177   Thumb Code    14  dunder.o(i.__mathlib_dbl_overflow)
    __mathlib_dbl_underflow                  0x00004185   Thumb Code    10  dunder.o(i.__mathlib_dbl_underflow)
    __scatterload_copy                       0x00004195   Thumb Code    14  handlers.o(i.__scatterload_copy)
    __scatterload_null                       0x000041a3   Thumb Code     2  handlers.o(i.__scatterload_null)
    __scatterload_zeroinit                   0x000041a5   Thumb Code    14  handlers.o(i.__scatterload_zeroinit)
    __set_errno                              0x000041c1   Thumb Code     6  errno.o(i.__set_errno)
    adi_pwr_EnterLowPowerMode                0x00004aa9   Thumb Code   230  adi_pwr.o(i.adi_pwr_EnterLowPowerMode)
    adi_pwr_ExitLowPowerMode                 0x00004ba1   Thumb Code    58  adi_pwr.o(i.adi_pwr_ExitLowPowerMode)
    adi_pwr_GetClockFrequency                0x00004be5   Thumb Code    80  adi_pwr.o(i.adi_pwr_GetClockFrequency)
    adi_system_EnableRetention               0x00004c41   Thumb Code    52  system_aducm3029.o(i.adi_system_EnableRetention)
    adi_uart_ConfigBaudRate                  0x00004c79   Thumb Code   114  adi_uart.o(i.adi_uart_ConfigBaudRate)
    adi_uart_IsTxBufferAvailable             0x00004ceb   Thumb Code    60  adi_uart.o(i.adi_uart_IsTxBufferAvailable)
    adi_uart_SubmitTxBuffer                  0x00004d27   Thumb Code   172  adi_uart.o(i.adi_uart_SubmitTxBuffer)
    adi_uart_Write                           0x00004dd3   Thumb Code   176  adi_uart.o(i.adi_uart_Write)
    fputc                                    0x00004fa9   Thumb Code    20  main.o(i.fputc)
    log                                      0x00004fc1   Thumb Code   808  log.o(i.log)
    log10                                    0x0000531d   Thumb Code   198  log10.o(i.log10)
    main                                     0x00005401   Thumb Code    30  main.o(i.main)
    pow                                      0x0000544d   Thumb Code  2512  pow.o(i.pow)
    sqrt                                     0x00005e25   Thumb Code    76  sqrt.o(i.sqrt)
    timer_tick                               0x00005e71   Thumb Code    18  timer.o(i.timer_tick)
    pPrimaryCCD                              0x0000622c   Data           4  adi_dma.o(.constdata)
    pAlternateCCD                            0x00006230   Data           4  adi_dma.o(.constdata)
    __mathlib_zero                           0x000062f8   Data           8  qnan.o(.constdata)
    __ctype_table                            0x00006300   Data         129  ctype_o.o(.constdata)
    Region$$Table$$Base                      0x000063ac   Number         0  anon$$obj.o(Region$$Table)
    Region$$Table$$Limit                     0x000063cc   Number         0  anon$$obj.o(Region$$Table)
    AppBATCfg                                0x20000008   Data         988  batimpedance.o(.data)
    p_device_handler                         0x200003e4   Data           4  communication.o(.data)
    uart_rpos                                0x200003e8   Data           4  communication.o(.data)
    uart_rcnt                                0x200003ec   Data           4  communication.o(.data)
    uart_tpos                                0x200003f0   Data           4  communication.o(.data)
    uart_tcnt                                0x200003f4   Data           4  communication.o(.data)
    uart_echo                                0x200003f8   Data           4  communication.o(.data)
    uart_cmd                                 0x200003fc   Data           4  communication.o(.data)
    uart_ctrlc                               0x20000400   Data           4  communication.o(.data)
    uart_tbusy                               0x20000404   Data           4  communication.o(.data)
    kwnUrtMonCmd                             0x20000408   Data          20  cli.o(.data)
    urtMonCmdFun                             0x2000041c   Data          20  cli.o(.data)
    timer_delayCount                         0x20000440   Data           4  timer.o(.data)
    lfClock                                  0x2000049c   Data           4  system_aducm3029.o(.data)
    hfClock                                  0x200004a0   Data           4  system_aducm3029.o(.data)
    gpioClock                                0x200004a4   Data           4  system_aducm3029.o(.data)
    SystemCoreClock                          0x200004a8   Data           4  system_aducm3029.o(.data)
    __stdout                                 0x200004ac   Data           4  stdout.o(.data)
    SeqGenDB                                 0x200004b4   Data          28  ad5940.o(.bss)
    AppBuff                                  0x200004d0   Data        2048  ad5940main.o(.bss)
    __initial_sp                             0x200018e0   Data           0  startup_aducm3029.o(STACK)



==============================================================================

Memory Map of the image

  Image Entry point : 0x00000159

  Load Region LR_1 (Base: 0x00000000, Size: 0x00006880, Max: 0xffffffff, ABSOLUTE, COMPRESSED[0x00006454])

    Execution Region ER_RO (Exec base: 0x00000000, Load base: 0x00000000, Size: 0x000063cc, Max: 0xffffffff, ABSOLUTE)

    Exec Addr    Load Addr    Size         Type   Attr      Idx    E Section Name        Object

    0x00000000   0x00000000   0x00000144   Data   RO         7237    RESET               startup_aducm3029.o
    0x00000144   0x00000144   0x00000000   Code   RO         7389  * .ARM.Collect$$$$00000000  mc_w.l(entry.o)
    0x00000144   0x00000144   0x00000004   Code   RO         7763    .ARM.Collect$$$$00000001  mc_w.l(entry2.o)
    0x00000148   0x00000148   0x00000004   Code   RO         7766    .ARM.Collect$$$$00000004  mc_w.l(entry5.o)
    0x0000014c   0x0000014c   0x00000000   Code   RO         7768    .ARM.Collect$$$$00000008  mc_w.l(entry7b.o)
    0x0000014c   0x0000014c   0x00000000   Code   RO         7770    .ARM.Collect$$$$0000000A  mc_w.l(entry8b.o)
    0x0000014c   0x0000014c   0x00000008   Code   RO         7771    .ARM.Collect$$$$0000000B  mc_w.l(entry9a.o)
    0x00000154   0x00000154   0x00000000   Code   RO         7773    .ARM.Collect$$$$0000000D  mc_w.l(entry10a.o)
    0x00000154   0x00000154   0x00000000   Code   RO         7775    .ARM.Collect$$$$0000000F  mc_w.l(entry11a.o)
    0x00000154   0x00000154   0x00000004   Code   RO         7764    .ARM.Collect$$$$00002712  mc_w.l(entry2.o)
    0x00000158   0x00000158   0x00000024   Code   RO         7238  * .text               startup_aducm3029.o
    0x0000017c   0x0000017c   0x00000000   Code   RO         7818    .text               mc_w.l(iusefp.o)
    0x0000017c   0x0000017c   0x00000004   Code   RO         7730    i.__mathlib_dbl_infnan2  m_ws.l(dunder.o)
    0x00000180   0x00000180   0x00000020   Data   RO         7250    .ARM.__AT_0x00000180  system_aducm3029.o
    0x000001a0   0x000001a0   0x00000062   Code   RO         7399    .text               mc_w.l(uldiv.o)
    0x00000202   0x00000202   0x0000001e   Code   RO         7403    .text               mc_w.l(llshl.o)
    0x00000220   0x00000220   0x00000024   Code   RO         7405    .text               mc_w.l(llsshr.o)
    0x00000244   0x00000244   0x00000024   Code   RO         7407    .text               mc_w.l(memcpya.o)
    0x00000268   0x00000268   0x00000024   Code   RO         7409    .text               mc_w.l(memseta.o)
    0x0000028c   0x0000028c   0x00000070   Code   RO         7678    .text               mc_w.l(strtol.o)
    0x000002fc   0x000002fc   0x000000b0   Code   RO         7680    .text               mf_w.l(fadd.o)
    0x000003ac   0x000003ac   0x00000064   Code   RO         7682    .text               mf_w.l(fmul.o)
    0x00000410   0x00000410   0x0000007c   Code   RO         7684    .text               mf_w.l(fdiv.o)
    0x0000048c   0x0000048c   0x0000014e   Code   RO         7686    .text               mf_w.l(dadd.o)
    0x000005da   0x000005da   0x000000e4   Code   RO         7688    .text               mf_w.l(dmul.o)
    0x000006be   0x000006be   0x000000de   Code   RO         7690    .text               mf_w.l(ddiv.o)
    0x0000079c   0x0000079c   0x00000012   Code   RO         7692    .text               mf_w.l(fflti.o)
    0x000007ae   0x000007ae   0x0000000a   Code   RO         7694    .text               mf_w.l(ffltui.o)
    0x000007b8   0x000007b8   0x0000002c   Code   RO         7696    .text               mf_w.l(ffltl.o)
    0x000007e4   0x000007e4   0x0000001a   Code   RO         7698    .text               mf_w.l(dfltui.o)
    0x000007fe   0x000007fe   0x00000028   Code   RO         7702    .text               mf_w.l(ffixui.o)
    0x00000826   0x00000826   0x00000026   Code   RO         7706    .text               mf_w.l(f2d.o)
    0x0000084c   0x0000084c   0x00000030   Code   RO         7708    .text               mf_w.l(cdcmple.o)
    0x0000087c   0x0000087c   0x00000030   Code   RO         7710    .text               mf_w.l(cdrcmple.o)
    0x000008ac   0x000008ac   0x00000038   Code   RO         7712    .text               mf_w.l(d2f.o)
    0x000008e4   0x000008e4   0x00000014   Code   RO         7714    .text               mf_w.l(cfcmple.o)
    0x000008f8   0x000008f8   0x00000014   Code   RO         7716    .text               mf_w.l(cfrcmple.o)
    0x0000090c   0x0000090c   0x0000002c   Code   RO         7777    .text               mc_w.l(uidiv.o)
    0x00000938   0x00000938   0x00000020   Code   RO         7779    .text               mc_w.l(llushr.o)
    0x00000958   0x00000958   0x00000008   Code   RO         7781    .text               mc_w.l(ctype_o.o)
    0x00000960   0x00000960   0x0000009e   Code   RO         7816    .text               mc_w.l(_strtoul.o)
    0x000009fe   0x000009fe   0x0000006e   Code   RO         7819    .text               mf_w.l(fepilogue.o)
    0x00000a6c   0x00000a6c   0x000000ba   Code   RO         7827    .text               mf_w.l(depilogue.o)
    0x00000b26   0x00000b26   0x0000002e   Code   RO         7829    .text               mf_w.l(dscalb.o)
    0x00000b54   0x00000b54   0x000000a2   Code   RO         7831    .text               mf_w.l(dsqrt.o)
    0x00000bf6   0x00000bf6   0x00000022   Code   RO         7833    .text               mf_w.l(dflti.o)
    0x00000c18   0x00000c18   0x00000030   Code   RO         7835    .text               mf_w.l(dfixul.o)
    0x00000c48   0x00000c48   0x00000024   Code   RO         7841    .text               mc_w.l(init.o)
    0x00000c6c   0x00000c6c   0x0000001c   Code   RO         7843    .text               mc_w.l(_chval.o)
    0x00000c88   0x00000c88   0x00000056   Code   RO         7853    .text               mc_w.l(__dczerorl2.o)
    0x00000cde   0x00000cde   0x00000002   PAD
    0x00000ce0   0x00000ce0   0x00000074   Code   RO          946    i.AD5940BATStructInit  ad5940main.o
    0x00000d54   0x00000d54   0x000000a0   Code   RO          947    i.AD5940PlatformCfg  ad5940main.o
    0x00000df4   0x00000df4   0x00000020   Code   RO          165    i.AD5940_ADCBaseCfgS  ad5940.o
    0x00000e14   0x00000e14   0x0000002e   Code   RO          168    i.AD5940_ADCDigCompCfgS  ad5940.o
    0x00000e42   0x00000e42   0x00000054   Code   RO          169    i.AD5940_ADCFilterCfgS  ad5940.o
    0x00000e96   0x00000e96   0x0000005e   Code   RO          174    i.AD5940_AFECtrlS   ad5940.o
    0x00000ef4   0x00000ef4   0x00000018   Code   RO          175    i.AD5940_AFEPwrBW   ad5940.o
    0x00000f0c   0x00000f0c   0x00000026   Code   RO          176    i.AD5940_AGPIOCfg   ad5940.o
    0x00000f32   0x00000f32   0x0000000e   Code   RO          178    i.AD5940_AGPIOFuncCfg  ad5940.o
    0x00000f40   0x00000f40   0x0000000e   Code   RO          179    i.AD5940_AGPIOIen   ad5940.o
    0x00000f4e   0x00000f4e   0x0000000e   Code   RO          181    i.AD5940_AGPIOOen   ad5940.o
    0x00000f5c   0x00000f5c   0x0000000e   Code   RO          182    i.AD5940_AGPIOPen   ad5940.o
    0x00000f6a   0x00000f6a   0x00000120   Code   RO          185    i.AD5940_CLKCfg     ad5940.o
    0x0000108a   0x0000108a   0x00000002   PAD
    0x0000108c   0x0000108c   0x000001c0   Code   RO          186    i.AD5940_ClksCalculate  ad5940.o
    0x0000124c   0x0000124c   0x00000018   Code   RO            4    i.AD5940_ClrMCUIntFlag  adicup3029port.o
    0x00001264   0x00001264   0x0000007e   Code   RO          188    i.AD5940_ComplexDivFloat  ad5940.o
    0x000012e2   0x000012e2   0x00000002   PAD
    0x000012e4   0x000012e4   0x00000010   Code   RO            5    i.AD5940_CsClr      adicup3029port.o
    0x000012f4   0x000012f4   0x00000010   Code   RO            6    i.AD5940_CsSet      adicup3029port.o
    0x00001304   0x00001304   0x00000056   Code   RO          195    i.AD5940_DFTCfgS    ad5940.o
    0x0000135a   0x0000135a   0x0000002c   Code   RO          196    i.AD5940_DSPCfgS    ad5940.o
    0x00001386   0x00001386   0x00000002   PAD
    0x00001388   0x00001388   0x0000005c   Code   RO            7    i.AD5940_Delay10us  adicup3029port.o
    0x000013e4   0x000013e4   0x00000018   Code   RO          197    i.AD5940_EnterSleepS  ad5940.o
    0x000013fc   0x000013fc   0x0000005c   Code   RO          198    i.AD5940_FIFOCfg    ad5940.o
    0x00001458   0x00001458   0x00000020   Code   RO          199    i.AD5940_FIFOCtrlS  ad5940.o
    0x00001478   0x00001478   0x0000000e   Code   RO          201    i.AD5940_FIFOGetCnt  ad5940.o
    0x00001486   0x00001486   0x000000a0   Code   RO          202    i.AD5940_FIFORd     ad5940.o
    0x00001526   0x00001526   0x00000010   Code   RO          203    i.AD5940_FIFOThrshSet  ad5940.o
    0x00001536   0x00001536   0x00000002   PAD
    0x00001538   0x00001538   0x0000000c   Code   RO            8    i.AD5940_GetMCUIntFlag  adicup3029port.o
    0x00001544   0x00001544   0x0000008a   Code   RO          206    i.AD5940_HFOSC32MHzCtrl  ad5940.o
    0x000015ce   0x000015ce   0x0000002c   Code   RO          208    i.AD5940_HSDacCfgS  ad5940.o
    0x000015fa   0x000015fa   0x00000024   Code   RO          209    i.AD5940_HSLoopCfgS  ad5940.o
    0x0000161e   0x0000161e   0x0000006a   Code   RO          212    i.AD5940_HSTIACfgS  ad5940.o
    0x00001688   0x00001688   0x0000001a   Code   RO          214    i.AD5940_HWReset    ad5940.o
    0x000016a2   0x000016a2   0x00000038   Code   RO          215    i.AD5940_INTCCfg    ad5940.o
    0x000016da   0x000016da   0x00000010   Code   RO          216    i.AD5940_INTCClrFlag  ad5940.o
    0x000016ea   0x000016ea   0x0000002e   Code   RO          219    i.AD5940_INTCTestFlag  ad5940.o
    0x00001718   0x00001718   0x00000140   Code   RO          220    i.AD5940_Initialize  ad5940.o
    0x00001858   0x00001858   0x0000006a   Code   RO          222    i.AD5940_LPAMPCfgS  ad5940.o
    0x000018c2   0x000018c2   0x0000001c   Code   RO          223    i.AD5940_LPDAC0WriteS  ad5940.o
    0x000018de   0x000018de   0x0000001c   Code   RO          224    i.AD5940_LPDAC1WriteS  ad5940.o
    0x000018fa   0x000018fa   0x00000074   Code   RO          226    i.AD5940_LPDACCfgS  ad5940.o
    0x0000196e   0x0000196e   0x00000014   Code   RO          228    i.AD5940_LPLoopCfgS  ad5940.o
    0x00001982   0x00001982   0x00000002   PAD
    0x00001984   0x00001984   0x000000bc   Code   RO            9    i.AD5940_MCUResourceInit  adicup3029port.o
    0x00001a40   0x00001a40   0x00000060   Code   RO          948    i.AD5940_Main       ad5940main.o
    0x00001aa0   0x00001aa0   0x000000ec   Code   RO          234    i.AD5940_Notch50HzAvailable  ad5940.o
    0x00001b8c   0x00001b8c   0x000000e0   Code   RO          235    i.AD5940_Notch60HzAvailable  ad5940.o
    0x00001c6c   0x00001c6c   0x000000b0   Code   RO          236    i.AD5940_REFCfgS    ad5940.o
    0x00001d1c   0x00001d1c   0x00000020   Code   RO          238    i.AD5940_ReadReg    ad5940.o
    0x00001d3c   0x00001d3c   0x00000028   Code   RO          239    i.AD5940_ReadWrite16B  ad5940.o
    0x00001d64   0x00001d64   0x00000044   Code   RO          240    i.AD5940_ReadWrite32B  ad5940.o
    0x00001da8   0x00001da8   0x00000016   Code   RO          241    i.AD5940_ReadWrite8B  ad5940.o
    0x00001dbe   0x00001dbe   0x00000064   Code   RO           10    i.AD5940_ReadWriteNBytes  adicup3029port.o
    0x00001e22   0x00001e22   0x00000002   PAD
    0x00001e24   0x00001e24   0x0000000c   Code   RO           11    i.AD5940_RstClr     adicup3029port.o
    0x00001e30   0x00001e30   0x0000000c   Code   RO           12    i.AD5940_RstSet     adicup3029port.o
    0x00001e3c   0x00001e3c   0x00000078   Code   RO          242    i.AD5940_SEQCfg     ad5940.o
    0x00001eb4   0x00001eb4   0x0000002a   Code   RO          243    i.AD5940_SEQCmdWrite  ad5940.o
    0x00001ede   0x00001ede   0x00000002   PAD
    0x00001ee0   0x00001ee0   0x00000048   Code   RO          245    i.AD5940_SEQCycleTime  ad5940.o
    0x00001f28   0x00001f28   0x0000001c   Code   RO          246    i.AD5940_SEQGenCtrl  ad5940.o
    0x00001f44   0x00001f44   0x0000001c   Code   RO          247    i.AD5940_SEQGenFetchSeq  ad5940.o
    0x00001f60   0x00001f60   0x00000012   Code   RO          248    i.AD5940_SEQGenGetRegDefault  ad5940.o
    0x00001f72   0x00001f72   0x00000002   PAD
    0x00001f74   0x00001f74   0x00000028   Code   RO          249    i.AD5940_SEQGenInit  ad5940.o
    0x00001f9c   0x00001f9c   0x00000038   Code   RO          250    i.AD5940_SEQGenInsert  ad5940.o
    0x00001fd4   0x00001fd4   0x00000034   Code   RO          251    i.AD5940_SEQGenSearchReg  ad5940.o
    0x00002008   0x00002008   0x00000074   Code   RO          256    i.AD5940_SEQInfoCfg  ad5940.o
    0x0000207c   0x0000207c   0x0000001c   Code   RO          258    i.AD5940_SEQMmrTrig  ad5940.o
    0x00002098   0x00002098   0x00000038   Code   RO          259    i.AD5940_SEQReadReg  ad5940.o
    0x000020d0   0x000020d0   0x0000005c   Code   RO          260    i.AD5940_SEQRegInfoInsert  ad5940.o
    0x0000212c   0x0000212c   0x0000007c   Code   RO          262    i.AD5940_SEQWriteReg  ad5940.o
    0x000021a8   0x000021a8   0x00000052   Code   RO          263    i.AD5940_SPIReadReg  ad5940.o
    0x000021fa   0x000021fa   0x00000046   Code   RO          264    i.AD5940_SPIWriteReg  ad5940.o
    0x00002240   0x00002240   0x0000003a   Code   RO          265    i.AD5940_SWMatrixCfgS  ad5940.o
    0x0000227a   0x0000227a   0x00000010   Code   RO          267    i.AD5940_SleepKeyCtrlS  ad5940.o
    0x0000228a   0x0000228a   0x00000028   Code   RO          269    i.AD5940_StatisticCfgS  ad5940.o
    0x000022b2   0x000022b2   0x00000002   PAD
    0x000022b4   0x000022b4   0x0000021c   Code   RO          271    i.AD5940_SweepNext  ad5940.o
    0x000024d0   0x000024d0   0x000000aa   Code   RO          272    i.AD5940_WGCfgS     ad5940.o
    0x0000257a   0x0000257a   0x0000001c   Code   RO          274    i.AD5940_WGFreqCtrlS  ad5940.o
    0x00002596   0x00002596   0x00000002   PAD
    0x00002598   0x00002598   0x00000088   Code   RO          275    i.AD5940_WGFreqWordCal  ad5940.o
    0x00002620   0x00002620   0x00000026   Code   RO          277    i.AD5940_WUPTCtrl   ad5940.o
    0x00002646   0x00002646   0x00000032   Code   RO          279    i.AD5940_WakeUp     ad5940.o
    0x00002678   0x00002678   0x00000028   Code   RO          280    i.AD5940_WriteReg   ad5940.o
    0x000026a0   0x000026a0   0x00000154   Code   RO         1052    i.AppBATCheckFreq   batimpedance.o
    0x000027f4   0x000027f4   0x00000150   Code   RO         1053    i.AppBATCtrl        batimpedance.o
    0x00002944   0x00002944   0x000001a4   Code   RO         1054    i.AppBATDataProcess  batimpedance.o
    0x00002ae8   0x00002ae8   0x00000018   Code   RO         1055    i.AppBATGetCfg      batimpedance.o
    0x00002b00   0x00002b00   0x00000080   Code   RO         1056    i.AppBATISR         batimpedance.o
    0x00002b80   0x00002b80   0x0000012c   Code   RO         1057    i.AppBATInit        batimpedance.o
    0x00002cac   0x00002cac   0x0000012c   Code   RO         1058    i.AppBATMeasureRCAL  batimpedance.o
    0x00002dd8   0x00002dd8   0x0000006c   Code   RO         1059    i.AppBATRegModify   batimpedance.o
    0x00002e44   0x00002e44   0x0000024c   Code   RO         1060    i.AppBATSeqCfgGen   batimpedance.o
    0x00003090   0x00003090   0x00000158   Code   RO         1061    i.AppBATSeqMeasureGen  batimpedance.o
    0x000031e8   0x000031e8   0x0000004c   Code   RO           13    i.Arduino_WriteDn   adicup3029port.o
    0x00003234   0x00003234   0x00000088   Code   RO          949    i.BATShowResult     ad5940main.o
    0x000032bc   0x000032bc   0x0000003c   Code   RO         6392    i.Battery_Voltage_Int_Handler  adi_pwr.o
    0x000032f8   0x000032f8   0x0000012c   Code   RO         1187    i.Cli_CmdDump       cli.o
    0x00003424   0x00003424   0x00000108   Code   RO         1188    i.Cli_CmdHelp       cli.o
    0x0000352c   0x0000352c   0x0000002c   Code   RO         1189    i.Cli_CmdReset      cli.o
    0x00003558   0x00003558   0x00000040   Code   RO         1190    i.Cli_CmdVersion    cli.o
    0x00003598   0x00003598   0x00000028   Code   RO         1192    i.Cli_FindNextArgv  cli.o
    0x000035c0   0x000035c0   0x0000002c   Code   RO         1193    i.Cli_GetArgv       cli.o
    0x000035ec   0x000035ec   0x00000016   Code   RO         1195    i.Cli_IsSeparator   cli.o
    0x00003602   0x00003602   0x00000024   Code   RO         1196    i.Cli_Printf        cli.o
    0x00003626   0x00003626   0x00000002   PAD
    0x00003628   0x00003628   0x000000c4   Code   RO         1198    i.Cli_Prompt        cli.o
    0x000036ec   0x000036ec   0x000001f0   Code   RO         6861    i.Common_Uart_Interrupt_Handler  adi_uart.o
    0x000038dc   0x000038dc   0x00000068   Code   RO         6393    i.Crystal_osc_Int_Handler  adi_pwr.o
    0x00003944   0x00003944   0x00000088   Code   RO         6346    i.DMA_Err_Int_Handler  adi_dma.o
    0x000039cc   0x000039cc   0x00000028   Code   RO         6617    i.DMA_SPI0_RX_Int_Handler  adi_spi.o
    0x000039f4   0x000039f4   0x00000010   Code   RO         6618    i.DMA_SPI0_TX_Int_Handler  adi_spi.o
    0x00003a04   0x00003a04   0x00000028   Code   RO         6619    i.DMA_SPI1_RX_Int_Handler  adi_spi.o
    0x00003a2c   0x00003a2c   0x00000010   Code   RO         6620    i.DMA_SPI1_TX_Int_Handler  adi_spi.o
    0x00003a3c   0x00003a3c   0x00000028   Code   RO         6621    i.DMA_SPI2_RX_Int_Handler  adi_spi.o
    0x00003a64   0x00003a64   0x00000010   Code   RO         6622    i.DMA_SPI2_TX_Int_Handler  adi_spi.o
    0x00003a74   0x00003a74   0x00000018   Code   RO         6862    i.DMA_UART_RX_Int_Handler  adi_uart.o
    0x00003a8c   0x00003a8c   0x00000018   Code   RO         6863    i.DMA_UART_TX_Int_Handler  adi_uart.o
    0x00003aa4   0x00003aa4   0x00000014   Code   RO           14    i.Ext_Int0_Handler  adicup3029port.o
    0x00003ab8   0x00003ab8   0x00000064   Code   RO          888    i.MCUPlatformInit   main.o
    0x00003b1c   0x00003b1c   0x0000004c   Code   RO         6394    i.PLL_Int_Handler   adi_pwr.o
    0x00003b68   0x00003b68   0x00000068   Code   RO         1062    i.PreCharge         batimpedance.o
    0x00003bd0   0x00003bd0   0x00000010   Code   RO         6624    i.SPI0_Int_Handler  adi_spi.o
    0x00003be0   0x00003be0   0x00000010   Code   RO         6625    i.SPI1_Int_Handler  adi_spi.o
    0x00003bf0   0x00003bf0   0x00000010   Code   RO         6626    i.SPI2_Int_Handler  adi_spi.o
    0x00003c00   0x00003c00   0x00000008   Code   RO         1309    i.SysTick_Handler   timer.o
    0x00003c08   0x00003c08   0x000000c0   Code   RO         7245    i.SystemCoreClockUpdate  system_aducm3029.o
    0x00003cc8   0x00003cc8   0x00000040   Code   RO         7246    i.SystemInit        system_aducm3029.o
    0x00003d08   0x00003d08   0x00000014   Code   RO         6866    i.UART_Int_Handler  adi_uart.o
    0x00003d1c   0x00003d1c   0x00000054   Code   RO         1133    i.UART_WriteChar    communication.o
    0x00003d70   0x00003d70   0x00000024   Code   RO         1134    i.UART_WriteString  communication.o
    0x00003d94   0x00003d94   0x000001a0   Code   RO          889    i.UrtCfg            main.o
    0x00003f34   0x00003f34   0x00000028   Code   RO         6867    i.ValidateHandle    adi_uart.o
    0x00003f5c   0x00003f5c   0x00000050   Code   RO         6395    i.Vreg_over_Int_Handler  adi_pwr.o
    0x00003fac   0x00003fac   0x00000020   Code   RO         7650    i.__0printf         mc_w.l(printfa.o)
    0x00003fcc   0x00003fcc   0x00000024   Code   RO         7656    i.__0vsprintf       mc_w.l(printfa.o)
    0x00003ff0   0x00003ff0   0x00000060   Code   RO          282    i.__AD5940_SetDExRTIA  ad5940.o
    0x00004050   0x00004050   0x00000028   Code   RO         7742    i.__ARM_fpclassify  m_ws.l(fpclassify.o)
    0x00004078   0x00004078   0x00000024   Code   RO         6629    i.__NVIC_DisableIRQ  adi_spi.o
    0x0000409c   0x0000409c   0x00000008   Code   RO         7809    i.__aeabi_errno_addr  mc_w.l(errno.o)
    0x000040a4   0x000040a4   0x00000006   Code   RO         6397    i.__get_PRIMASK     adi_pwr.o
    0x000040aa   0x000040aa   0x000000aa   Code   RO         7760    i.__kernel_poly     m_ws.l(poly.o)
    0x00004154   0x00004154   0x00000010   Code   RO         7728    i.__mathlib_dbl_divzero  m_ws.l(dunder.o)
    0x00004164   0x00004164   0x00000006   Code   RO         7729    i.__mathlib_dbl_infnan  m_ws.l(dunder.o)
    0x0000416a   0x0000416a   0x0000000c   Code   RO         7731    i.__mathlib_dbl_invalid  m_ws.l(dunder.o)
    0x00004176   0x00004176   0x0000000e   Code   RO         7732    i.__mathlib_dbl_overflow  m_ws.l(dunder.o)
    0x00004184   0x00004184   0x00000010   Code   RO         7734    i.__mathlib_dbl_underflow  m_ws.l(dunder.o)
    0x00004194   0x00004194   0x0000000e   Code   RO         7847    i.__scatterload_copy  mc_w.l(handlers.o)
    0x000041a2   0x000041a2   0x00000002   Code   RO         7848    i.__scatterload_null  mc_w.l(handlers.o)
    0x000041a4   0x000041a4   0x0000000e   Code   RO         7849    i.__scatterload_zeroinit  mc_w.l(handlers.o)
    0x000041b2   0x000041b2   0x00000008   Code   RO         6398    i.__set_BASEPRI     adi_pwr.o
    0x000041ba   0x000041ba   0x00000006   Code   RO         6399    i.__set_PRIMASK     adi_pwr.o
    0x000041c0   0x000041c0   0x0000000c   Code   RO         7811    i.__set_errno       mc_w.l(errno.o)
    0x000041cc   0x000041cc   0x00000184   Code   RO         7657    i._fp_digits        mc_w.l(printfa.o)
    0x00004350   0x00004350   0x00000020   Code   RO          284    i._is_value_in_table  ad5940.o
    0x00004370   0x00004370   0x000006dc   Code   RO         7658    i._printf_core      mc_w.l(printfa.o)
    0x00004a4c   0x00004a4c   0x00000024   Code   RO         7659    i._printf_post_padding  mc_w.l(printfa.o)
    0x00004a70   0x00004a70   0x0000002e   Code   RO         7660    i._printf_pre_padding  mc_w.l(printfa.o)
    0x00004a9e   0x00004a9e   0x0000000a   Code   RO         7662    i._sputc            mc_w.l(printfa.o)
    0x00004aa8   0x00004aa8   0x000000f8   Code   RO         6406    i.adi_pwr_EnterLowPowerMode  adi_pwr.o
    0x00004ba0   0x00004ba0   0x00000044   Code   RO         6407    i.adi_pwr_ExitLowPowerMode  adi_pwr.o
    0x00004be4   0x00004be4   0x0000005c   Code   RO         6408    i.adi_pwr_GetClockFrequency  adi_pwr.o
    0x00004c40   0x00004c40   0x00000038   Code   RO         7248    i.adi_system_EnableRetention  system_aducm3029.o
    0x00004c78   0x00004c78   0x00000072   Code   RO         6871    i.adi_uart_ConfigBaudRate  adi_uart.o
    0x00004cea   0x00004cea   0x0000003c   Code   RO         6884    i.adi_uart_IsTxBufferAvailable  adi_uart.o
    0x00004d26   0x00004d26   0x000000ac   Code   RO         6892    i.adi_uart_SubmitTxBuffer  adi_uart.o
    0x00004dd2   0x00004dd2   0x000000b0   Code   RO         6893    i.adi_uart_Write    adi_uart.o
    0x00004e82   0x00004e82   0x00000126   Code   RO         6651    i.common_SPI_Int_Handler  adi_spi.o
    0x00004fa8   0x00004fa8   0x00000018   Code   RO          890    i.fputc             main.o
    0x00004fc0   0x00004fc0   0x0000035c   Code   RO         7318    i.log               m_ws.l(log.o)
    0x0000531c   0x0000531c   0x000000e4   Code   RO         7328    i.log10             m_ws.l(log10.o)
    0x00005400   0x00005400   0x0000004c   Code   RO          891    i.main              main.o
    0x0000544c   0x0000544c   0x000009d8   Code   RO         7346    i.pow               m_ws.l(pow.o)
    0x00005e24   0x00005e24   0x0000004c   Code   RO         7366    i.sqrt              m_ws.l(sqrt.o)
    0x00005e70   0x00005e70   0x00000018   Code   RO         1312    i.timer_tick        timer.o
    0x00005e88   0x00005e88   0x000000ec   Code   RO         6894    i.uart_ManageProcessedBuffer  adi_uart.o
    0x00005f74   0x00005f74   0x00000050   Code   RO         6895    i.uart_PendForBuffer  adi_uart.o
    0x00005fc4   0x00005fc4   0x00000076   Code   RO         6896    i.uart_RxDataHandler  adi_uart.o
    0x0000603a   0x0000603a   0x00000052   Code   RO         6897    i.uart_TxDataHandler  adi_uart.o
    0x0000608c   0x0000608c   0x000001a0   Data   RO          286    .constdata          ad5940.o
    0x0000622c   0x0000622c   0x0000000c   Data   RO         6350    .constdata          adi_dma.o
    0x00006238   0x00006238   0x00000038   Data   RO         7319    .constdata          m_ws.l(log.o)
    0x00006270   0x00006270   0x00000088   Data   RO         7347    .constdata          m_ws.l(pow.o)
    0x000062f8   0x000062f8   0x00000008   Data   RO         7762    .constdata          m_ws.l(qnan.o)
    0x00006300   0x00006300   0x00000081   Data   RO         7782    .constdata          mc_w.l(ctype_o.o)
    0x00006381   0x00006381   0x00000003   PAD
    0x00006384   0x00006384   0x00000004   Data   RO         7783    .constdata          mc_w.l(ctype_o.o)
    0x00006388   0x00006388   0x00000021   Data   RO         1199    .conststring        cli.o
    0x000063a9   0x000063a9   0x00000003   PAD
    0x000063ac   0x000063ac   0x00000020   Data   RO         7845    Region$$Table       anon$$obj.o


    Execution Region ER_RW (Exec base: 0x20000000, Load base: 0x000063cc, Size: 0x000004b4, Max: 0xffffffff, ABSOLUTE, COMPRESSED[0x00000088])

    Exec Addr    Load Addr    Size         Type   Attr      Idx    E Section Name        Object

    0x20000000   COMPRESSED   0x00000004   Data   RW           15    .data               adicup3029port.o
    0x20000004   COMPRESSED   0x00000001   Data   RW          287    .data               ad5940.o
    0x20000005   COMPRESSED   0x00000003   PAD
    0x20000008   COMPRESSED   0x000003dc   Data   RW         1063    .data               batimpedance.o
    0x200003e4   COMPRESSED   0x00000024   Data   RW         1137    .data               communication.o
    0x20000408   COMPRESSED   0x00000038   Data   RW         1200    .data               cli.o
    0x20000440   COMPRESSED   0x00000004   Data   RW         1313    .data               timer.o
    0x20000444   COMPRESSED   0x0000000c   Data   RW         6423    .data               adi_pwr.o
    0x20000450   COMPRESSED   0x0000003c   Data   RW         6653    .data               adi_spi.o
    0x2000048c   COMPRESSED   0x00000010   Data   RW         6904    .data               adi_uart.o
    0x2000049c   COMPRESSED   0x00000010   Data   RW         7251    .data               system_aducm3029.o
    0x200004ac   COMPRESSED   0x00000004   Data   RW         7397    .data               mc_w.l(stdout.o)
    0x200004b0   COMPRESSED   0x00000004   Data   RW         7812    .data               mc_w.l(errno.o)


    Execution Region ER_ZI (Exec base: 0x200004b4, Load base: 0x00006454, Size: 0x0000142c, Max: 0xffffffff, ABSOLUTE)

    Exec Addr    Load Addr    Size         Type   Attr      Idx    E Section Name        Object

    0x200004b4        -       0x0000001c   Zero   RW          285    .bss                ad5940.o
    0x200004d0        -       0x00000800   Zero   RW          950    .bss                ad5940main.o
    0x20000cd0   0x00006454   0x00000330   PAD
    0x20001000        -       0x000004e0   Zero   RW         6349    .bss                adi_dma.o
    0x200014e0        -       0x00000400   Zero   RW         7235    STACK               startup_aducm3029.o


==============================================================================

Image component sizes


      Code (inc. data)   RO Data    RW Data    ZI Data      Debug   Object Name

      5856        312        416          1         28     139386   ad5940.o
       508         76          0          0       2048     110350   ad5940main.o
         0          0          0          0          0       3672   adi_cyclecount.o
       136         10         12          0       1248       5354   adi_dma.o
       748         92          0         12          0      11853   adi_pwr.o
       546         48          0         60          0      11953   adi_spi.o
      1642         24          0         16          0      16715   adi_uart.o
       568         58          0          4          0     151465   adicup3029port.o
      2992        184          0        988          0     106159   batimpedance.o
      1010        460         33         56          0      33875   cli.o
       120          6          0         36          0       4125   communication.o
       616         92          0          0          0       3634   main.o
        36          8        324          0       1024        808   startup_aducm3029.o
       312         44         32         16          0       3197   system_aducm3029.o
        32          6          0          4          0       1776   timer.o

    ----------------------------------------------------------------------
     15144       1420        852       1196       5164     604322   Object Totals
         0          0         32          0          0          0   (incl. Generated)
        22          0          3          3        816          0   (incl. Padding)

    ----------------------------------------------------------------------

      Code (inc. data)   RO Data    RW Data    ZI Data      Debug   Library Member Name

        68         10          0          0          0        408   dunder.o
        40          0          0          0          0         68   fpclassify.o
       860         52         56          0          0        256   log.o
       228         30          0          0          0        120   log10.o
       170          0          0          0          0         96   poly.o
      2520        190        136          0          0        324   pow.o
         0          0          8          0          0          0   qnan.o
        76          0          0          0          0         84   sqrt.o
        86          0          0          0          0          0   __dczerorl2.o
        28          0          0          0          0         68   _chval.o
       158          0          0          0          0         92   _strtoul.o
         8          4        133          0          0         68   ctype_o.o
         0          0          0          0          0          0   entry.o
         0          0          0          0          0          0   entry10a.o
         0          0          0          0          0          0   entry11a.o
         8          4          0          0          0          0   entry2.o
         4          0          0          0          0          0   entry5.o
         0          0          0          0          0          0   entry7b.o
         0          0          0          0          0          0   entry8b.o
         8          4          0          0          0          0   entry9a.o
        20         10          0          4          0        136   errno.o
        30          0          0          0          0          0   handlers.o
        36          8          0          0          0         68   init.o
         0          0          0          0          0          0   iusefp.o
        30          0          0          0          0         68   llshl.o
        36          0          0          0          0         68   llsshr.o
        32          0          0          0          0         68   llushr.o
        36          0          0          0          0         68   memcpya.o
        36          0          0          0          0        108   memseta.o
      2304         96          0          0          0        600   printfa.o
         0          0          0          4          0          0   stdout.o
       112          0          0          0          0         88   strtol.o
        44          0          0          0          0         80   uidiv.o
        98          0          0          0          0         92   uldiv.o
        48          0          0          0          0         68   cdcmple.o
        48          0          0          0          0         68   cdrcmple.o
        20          0          0          0          0         68   cfcmple.o
        20          0          0          0          0         68   cfrcmple.o
        56          0          0          0          0         88   d2f.o
       334          0          0          0          0        148   dadd.o
       222          0          0          0          0        100   ddiv.o
       186          0          0          0          0        176   depilogue.o
        48          0          0          0          0         68   dfixul.o
        34          0          0          0          0         76   dflti.o
        26          0          0          0          0         76   dfltui.o
       228          0          0          0          0         96   dmul.o
        46          0          0          0          0         80   dscalb.o
       162          0          0          0          0        100   dsqrt.o
        38          0          0          0          0         68   f2d.o
       176          0          0          0          0        140   fadd.o
       124          0          0          0          0         88   fdiv.o
       110          0          0          0          0        168   fepilogue.o
        40          0          0          0          0         68   ffixui.o
        18          0          0          0          0         68   fflti.o
        44          0          0          0          0         92   ffltl.o
        10          0          0          0          0         68   ffltui.o
       100          0          0          0          0         76   fmul.o

    ----------------------------------------------------------------------
      9216        408        336          8          0       5144   Library Totals
         2          0          3          0          0          0   (incl. Padding)

    ----------------------------------------------------------------------

      Code (inc. data)   RO Data    RW Data    ZI Data      Debug   Library Name

      3962        282        200          0          0       1356   m_ws.l
      3114        126        133          8          0       1672   mc_w.l
      2138          0          0          0          0       2116   mf_w.l

    ----------------------------------------------------------------------
      9216        408        336          8          0       5144   Library Totals

    ----------------------------------------------------------------------

==============================================================================


      Code (inc. data)   RO Data    RW Data    ZI Data      Debug   

     24360       1828       1188       1204       5164     599298   Grand Totals
     24360       1828       1188        136       5164     599298   ELF Image Totals (compressed)
     24360       1828       1188        136          0          0   ROM Totals

==============================================================================

    Total RO  Size (Code + RO Data)                25548 (  24.95kB)
    Total RW  Size (RW Data + ZI Data)              6368 (   6.22kB)
    Total ROM Size (Code + RO Data + RW Data)      25684 (  25.08kB)

==============================================================================

