<html>
<body>
<pre>
<h1>µVision Build Log</h1>
<h2>Tool Versions:</h2>
IDE-Version: £gVision V5.31.0.0
Copyright (C) 2020 ARM Ltd and ARM Germany GmbH. All rights reserved.
License Information: Chin-Lin Chen, NTUST, LIC=----
 
Tool Versions:
Toolchain:       MDK-Lite  Version: 5.31.0.0
Toolchain Path:  C:\Keil_v5\ARM\ARMCC\Bin
C Compiler:      Armcc.exe V5.06 update 6 (build 750)
Assembler:       Armasm.exe V5.06 update 6 (build 750)
Linker/Locator:  ArmLink.exe V5.06 update 6 (build 750)
Library Manager: ArmAr.exe V5.06 update 6 (build 750)
Hex Converter:   FromElf.exe V5.06 update 6 (build 750)
CPU DLL:         SARMCM3.DLL V5.31.0.0
Dialog DLL:      DCM.DLL V1.17.3.0
Target DLL:      CMSIS_AGDI.dll V1.32.6.0
Dialog DLL:      TCM.DLL V1.46.0.0
 
<h2>Project:</h2>
C:\Users\johns\Desktop\ad5940-examples-master\ad5940-examples-master\examples\AD5940_BATImpedance\ADICUP3029\AD5940_BATImpedance.uvprojx
Project File Date:  12/27/2021

<h2>Output:</h2>
*** Using Compiler 'V5.06 update 6 (build 750)', folder: 'C:\Keil_v5\ARM\ARMCC\Bin'
Rebuild target 'ADICUP3029'
compiling AD5940Main.c...
compiling BATImpedance.c...
compiling BayesFunctions.c...
compiling BasicMathFunctions.c...
C:\Users\johns\AppData\Local\Arm\Packs\ARM\CMSIS\5.8.0\CMSIS\DSP\Source\BasicMathFunctions\BasicMathFunctions.c(79): warning:  #1-D: last line of file ends without a newline
  #include "arm_clip_q7.c"
C:\Users\johns\AppData\Local\Arm\Packs\ARM\CMSIS\5.8.0\CMSIS\DSP\Source\BasicMathFunctions\BasicMathFunctions.c: 1 warning, 0 errors
compiling BasicMathFunctionsF16.c...
compiling ad5940.c...
compiling BayesFunctionsF16.c...
compiling ADICUP3029Port.c...
ADICUP3029Port.c(212): warning:  #1-D: last line of file ends without a newline
  }
ADICUP3029Port.c: 1 warning, 0 errors
compiling main.c...
compiling CommonTablesF16.c...
compiling ComplexMathFunctionsF16.c...
C:\Users\johns\AppData\Local\Arm\Packs\ARM\CMSIS\5.8.0\CMSIS\DSP\Source\ComplexMathFunctions\arm_cmplx_conj_f16.c(185): warning:  #1-D: last line of file ends without a newline
  #endif /* #if defined(ARM_FLOAT16_SUPPORTED) */
C:\Users\johns\AppData\Local\Arm\Packs\ARM\CMSIS\5.8.0\CMSIS\DSP\Source\ComplexMathFunctions\arm_cmplx_dot_prod_f16.c(288): warning:  #1-D: last line of file ends without a newline
  #endif /* #if defined(ARM_FLOAT16_SUPPORTED) */
C:\Users\johns\AppData\Local\Arm\Packs\ARM\CMSIS\5.8.0\CMSIS\DSP\Source\ComplexMathFunctions\arm_cmplx_mag_f16.c(241): warning:  #1-D: last line of file ends without a newline
  #endif /* #if defined(ARM_FLOAT16_SUPPORTED) */
C:\Users\johns\AppData\Local\Arm\Packs\ARM\CMSIS\5.8.0\CMSIS\DSP\Source\ComplexMathFunctions\arm_cmplx_mag_squared_f16.c(174): warning:  #1-D: last line of file ends without a newline
  #endif /* #if defined(ARM_FLOAT16_SUPPORTED) */
C:\Users\johns\AppData\Local\Arm\Packs\ARM\CMSIS\5.8.0\CMSIS\DSP\Source\ComplexMathFunctions\arm_cmplx_mult_cmplx_f16.c(271): warning:  #1-D: last line of file ends without a newline
  #endif /* #if defined(ARM_FLOAT16_SUPPORTED) */
C:\Users\johns\AppData\Local\Arm\Packs\ARM\CMSIS\5.8.0\CMSIS\DSP\Source\ComplexMathFunctions\arm_cmplx_mult_real_f16.c(194): warning:  #1-D: last line of file ends without a newline
  #endif /* #if defined(ARM_FLOAT16_SUPPORTED) */
C:\Users\johns\AppData\Local\Arm\Packs\ARM\CMSIS\5.8.0\CMSIS\DSP\Source\ComplexMathFunctions\ComplexMathFunctionsF16.c: 6 warnings, 0 errors
compiling ComplexMathFunctions.c...
compiling ControllerFunctions.c...
C:\Users\johns\AppData\Local\Arm\Packs\ARM\CMSIS\5.8.0\CMSIS\DSP\Source\ControllerFunctions\ControllerFunctions.c(46): warning:  #1-D: last line of file ends without a newline
  #endif
C:\Users\johns\AppData\Local\Arm\Packs\ARM\CMSIS\5.8.0\CMSIS\DSP\Source\ControllerFunctions\ControllerFunctions.c: 1 warning, 0 errors
compiling DistanceFunctionsF16.c...
compiling DistanceFunctions.c...
compiling FastMathFunctionsF16.c...
compiling FastMathFunctions.c...
compiling FilteringFunctionsF16.c...
C:\Users\johns\AppData\Local\Arm\Packs\ARM\CMSIS\5.8.0\CMSIS\DSP\Source\FilteringFunctions\arm_biquad_cascade_df1_f16.c(491): warning:  #1-D: last line of file ends without a newline
  #endif /*#if defined(ARM_FLOAT16_SUPPORTED)*/
C:\Users\johns\AppData\Local\Arm\Packs\ARM\CMSIS\5.8.0\CMSIS\DSP\Source\FilteringFunctions\arm_biquad_cascade_df1_init_f16.c(160): warning:  #1-D: last line of file ends without a newline
  #endif /* #if defined(ARM_FLOAT16_SUPPORTED) */
C:\Users\johns\AppData\Local\Arm\Packs\ARM\CMSIS\5.8.0\CMSIS\DSP\Source\FilteringFunctions\arm_biquad_cascade_df2T_init_f16.c(114): warning:  #1-D: last line of file ends without a newline
  #endif /* #if defined(ARM_FLOAT16_SUPPORTED) */
C:\Users\johns\AppData\Local\Arm\Packs\ARM\CMSIS\5.8.0\CMSIS\DSP\Source\FilteringFunctions\arm_biquad_cascade_stereo_df2T_f16.c(434): warning:  #1-D: last line of file ends without a newline
  #endif /* #if defined(ARM_FLOAT16_SUPPORTED) */
C:\Users\johns\AppData\Local\Arm\Packs\ARM\CMSIS\5.8.0\CMSIS\DSP\Source\FilteringFunctions\FilteringFunctionsF16.c: 4 warnings, 0 errors
compiling InterpolationFunctionsF16.c...
compiling InterpolationFunctions.c...
compiling MatrixFunctionsF16.c...
compiling QuaternionMathFunctions.c...
compiling CommonTables.c...
compiling SVMFunctions.c...
compiling SVMFunctionsF16.c...
compiling StatisticsFunctionsF16.c...
C:\Users\johns\AppData\Local\Arm\Packs\ARM\CMSIS\5.8.0\CMSIS\DSP\Source\StatisticsFunctions\StatisticsFunctionsF16.c(42): warning:  #1-D: last line of file ends without a newline
  #include "arm_absmin_f16.c"
C:\Users\johns\AppData\Local\Arm\Packs\ARM\CMSIS\5.8.0\CMSIS\DSP\Source\StatisticsFunctions\StatisticsFunctionsF16.c: 1 warning, 0 errors
compiling SupportFunctionsF16.c...
compiling StatisticsFunctions.c...
C:\Users\johns\AppData\Local\Arm\Packs\ARM\CMSIS\5.8.0\CMSIS\DSP\Source\StatisticsFunctions\StatisticsFunctions.c(68): warning:  #1-D: last line of file ends without a newline
  #include "arm_absmin_q7.c"
C:\Users\johns\AppData\Local\Arm\Packs\ARM\CMSIS\5.8.0\CMSIS\DSP\Source\StatisticsFunctions\StatisticsFunctions.c: 1 warning, 0 errors
compiling MatrixFunctions.c...
compiling SupportFunctions.c...
compiling retarget_io.c...
compiling TransformFunctionsF16.c...
C:\Users\johns\AppData\Local\Arm\Packs\ARM\CMSIS\5.8.0\CMSIS\DSP\Include\arm_const_structs_f16.h(77): warning:  #1-D: last line of file ends without a newline
  #endif
C:\Users\johns\AppData\Local\Arm\Packs\ARM\CMSIS\5.8.0\CMSIS\DSP\Source\TransformFunctions\arm_cfft_radix2_f16.c(475): warning:  #1-D: last line of file ends without a newline
  #endif /* #if defined(ARM_FLOAT16_SUPPORTED) */
C:\Users\johns\AppData\Local\Arm\Packs\ARM\CMSIS\5.8.0\CMSIS\DSP\Source\TransformFunctions\arm_cfft_radix4_f16.c(1272): warning:  #1-D: last line of file ends without a newline
  #endif /* #if defined(ARM_FLOAT16_SUPPORTED) */
C:\Users\johns\AppData\Local\Arm\Packs\ARM\CMSIS\5.8.0\CMSIS\DSP\Source\TransformFunctions\arm_rfft_fast_init_f16.c(357): warning:  #1-D: last line of file ends without a newline
  #endif /*  #if defined(ARM_FLOAT16_SUPPORTED) */
C:\Users\johns\AppData\Local\Arm\Packs\ARM\CMSIS\5.8.0\CMSIS\DSP\Source\TransformFunctions\arm_cfft_radix8_f16.c(289): warning:  #1-D: last line of file ends without a newline
  #endif /* #if defined(ARM_FLOAT16_SUPPORTED) */
C:\Users\johns\AppData\Local\Arm\Packs\ARM\CMSIS\5.8.0\CMSIS\DSP\Source\TransformFunctions\arm_bitreversal_f16.c(102): warning:  #1-D: last line of file ends without a newline
  #endif /* #if defined(ARM_FLOAT16_SUPPORTED) */
C:\Users\johns\AppData\Local\Arm\Packs\ARM\CMSIS\5.8.0\CMSIS\DSP\Source\TransformFunctions\TransformFunctionsF16.c: 6 warnings, 0 errors
assembling startup_ADuCM3029.s...
compiling system_ADuCM3029.c...
compiling FilteringFunctions.c...
compiling TransformFunctions.c...
linking...
Program Size: Code=20992 RO-data=1100 RW-data=1044 ZI-data=3228  
".\OUT\ADICUP3029.axf" - 0 Error(s), 21 Warning(s).

<h2>Software Packages used:</h2>

Package Vendor: ARM
                http://www.keil.com/pack/ARM.CMSIS.5.8.0.pack
                ARM.CMSIS.5.8.0
                CMSIS (Common Microcontroller Software Interface Standard)
   * Component: CORE Version: 5.5.0
   * Component: DSP Variant: Source Version: 1.9.0-dev

Package Vendor: AnalogDevices
                http://download.analog.com/tools/EZBoards/CM302x/Releases/AnalogDevices.ADuCM302x_DFP.3.2.0.pack
                AnalogDevices.ADuCM302x_DFP.3.2.0
                Analog Devices ADuCM302x Device Support. (Subject to the Software License Agreement referred to in the Release Notes.)
   * Component: Global Configuration Version: 3.2.0
   * Component: Startup Version: 3.2.0

Package Vendor: Keil
                http://www.keil.com/pack/Keil.ARM_Compiler.1.6.3.pack
                Keil.ARM_Compiler.1.6.3
                Keil ARM Compiler extensions for ARM Compiler 5 and ARM Compiler 6
   * Component: STDERR Variant: ITM Version: 1.2.0

<h2>Collection of Component include folders:</h2>
  .\RTE\Device\ADuCM3029
  .\RTE\_ADICUP3029
  C:\Users\johns\AppData\Local\Arm\Packs\ARM\CMSIS\5.8.0\CMSIS\Core\Include
  C:\Users\johns\AppData\Local\Arm\Packs\ARM\CMSIS\5.8.0\CMSIS\DSP\Include
  C:\Users\johns\AppData\Local\Arm\Packs\ARM\CMSIS\5.8.0\CMSIS\DSP\PrivateInclude
  C:\Users\johns\AppData\Local\Arm\Packs\AnalogDevices\ADuCM302x_DFP\3.2.0\Include

<h2>Collection of Component Files used:</h2>

   * Component: ARM::CMSIS:CORE:5.5.0

   * Component: ARM::CMSIS:DSP:Source:1.9.0-dev
      Include file:  CMSIS\DSP\Include\arm_math.h
      Include file:  CMSIS\DSP\Include\arm_common_tables.h
      Include file:  CMSIS\DSP\Include\arm_const_structs.h
      Include file:  CMSIS\DSP\Include\arm_const_structs_f16.h
      Include file:  CMSIS\DSP\Include\arm_common_tables_f16.h
      Include file:  CMSIS\DSP\Include\arm_math_f16.h
      Source file:   CMSIS\DSP\Source\TransformFunctions\TransformFunctions.c
      Source file:   CMSIS\DSP\Source\ComplexMathFunctions\ComplexMathFunctionsF16.c
      Source file:   CMSIS\DSP\Source\FastMathFunctions\FastMathFunctionsF16.c
      Source file:   CMSIS\DSP\Source\MatrixFunctions\MatrixFunctions.c
      Source file:   CMSIS\DSP\Source\StatisticsFunctions\StatisticsFunctions.c
      Source file:   CMSIS\DSP\Source\BasicMathFunctions\BasicMathFunctions.c
      Source file:   CMSIS\DSP\Source\MatrixFunctions\MatrixFunctionsF16.c
      Source file:   CMSIS\DSP\Source\FilteringFunctions\FilteringFunctions.c
      Source file:   CMSIS\DSP\Source\DistanceFunctions\DistanceFunctions.c
      Source file:   CMSIS\DSP\Source\InterpolationFunctions\InterpolationFunctionsF16.c
      Source file:   CMSIS\DSP\Source\InterpolationFunctions\InterpolationFunctions.c
      Source file:   CMSIS\DSP\Source\FilteringFunctions\FilteringFunctionsF16.c
      Source file:   CMSIS\DSP\Source\SupportFunctions\SupportFunctionsF16.c
      Source file:   CMSIS\DSP\Source\BayesFunctions\BayesFunctionsF16.c
      Source file:   CMSIS\DSP\Source\FastMathFunctions\FastMathFunctions.c
      Source file:   CMSIS\DSP\Source\CommonTables\CommonTables.c
      Source file:   CMSIS\DSP\Source\BayesFunctions\BayesFunctions.c
      Source file:   CMSIS\DSP\Source\BasicMathFunctions\BasicMathFunctionsF16.c
      Source file:   CMSIS\DSP\Source\SVMFunctions\SVMFunctionsF16.c
      Source file:   CMSIS\DSP\Source\TransformFunctions\TransformFunctionsF16.c
      Source file:   CMSIS\DSP\Source\QuaternionMathFunctions\QuaternionMathFunctions.c
      Source file:   CMSIS\DSP\Source\CommonTables\CommonTablesF16.c
      Source file:   CMSIS\DSP\Source\ControllerFunctions\ControllerFunctions.c
      Source file:   CMSIS\DSP\Source\SupportFunctions\SupportFunctions.c
      Source file:   CMSIS\DSP\Source\ComplexMathFunctions\ComplexMathFunctions.c
      Source file:   CMSIS\DSP\Source\StatisticsFunctions\StatisticsFunctionsF16.c
      Source file:   CMSIS\DSP\Source\DistanceFunctions\DistanceFunctionsF16.c
      Source file:   CMSIS\DSP\Source\SVMFunctions\SVMFunctions.c

   * Component: AnalogDevices::Device:Global Configuration:3.2.0
      Include file:  Include\config\adi_cycle_counting_config.h
      Include file:  Include\config\adi_global_config.h

   * Component: AnalogDevices::Device:Startup:3.2.0
      Source file:   Source\system_ADuCM3029.c
      Source file:   Source\ARM\startup_ADuCM3029.s

   * Component: Keil.ARM Compiler::Compiler:I/O:STDERR:ITM:1.2.0
      Source file:   Source\retarget_io.c
Build Time Elapsed:  00:00:07
</pre>
</body>
</html>
